[DEBUG] Program starting...
[DEBUG] Arguments validated...
[INFO] Using encoder file: /home/jihun/work/GR00T-WholeBodyControl/gear_sonic_deploy/policy/sonic_v1_1/model_encoder.onnx
[INFO] Using planner file: /home/jihun/work/GR00T-WholeBodyControl/gear_sonic_deploy/planner/target_vel/V2/planner_sonic.onnx
[INFO] Using observation config: /home/jihun/work/GR00T-WholeBodyControl/gear_sonic_deploy/policy/sonic_v1_1/observation_config.yaml
[INFO] Using input type: zmq_manager
[INFO] Using output type: zmq
[INFO] CRC checking disabled for MuJoCo simulation
[INFO] Using logs directory: /home/jihun/work/VoLoAgent/.worktrees/g1-harness/docs/artifacts/g1_harness_20261006_followup/native-turns/positive-wrap/controller
[DEBUG] Creating G1Deploy object...
1791266659.624876 [0] g1_deploy_: selected interface "lo" is not multicast-capable: disabling multicast
Reading motion data from CSV files in: /home/jihun/work/GR00T-WholeBodyControl/gear_sonic_deploy/reference/example
Found 13 motion folders
✓ Loaded neutral_kick_R_001__A543_M (165 timesteps)
✓ Loaded walking_quip_360_R_002__A428 (455 timesteps)
✓ Loaded squat_001__A359 (424 timesteps)
✓ Loaded tired_one_leg_jumping_R_001__A359_M (500 timesteps)
✓ Loaded dance_in_da_party_001__A464_M (497 timesteps)
✓ Loaded forward_lunge_R_001__A359_M (399 timesteps)
✓ Loaded dance_in_da_party_001__A464 (497 timesteps)
✓ Loaded macarena_001__A545 (1375 timesteps)
✓ Loaded tired_one_leg_jumping_R_001__A359 (500 timesteps)
✓ Loaded walking_quip_360_R_002__A428_M (455 timesteps)
✓ Loaded neutral_kick_R_001__A543 (165 timesteps)
✓ Loaded macarena_001__A545_M (1375 timesteps)
✓ Loaded tired_forward_lunge_R_001__A359_M (810 timesteps)
✓ Motion data loaded successfully!
Started with motion: neutral_kick_R_001__A543_M (paused at frame 0)
Loading policy model...
hash value in file 440e58fad5e2b2fb1863b5f5279dbc4fd0249124d35af832ae0a63898c76711f
hash of onnx/gpu type 440e58fad5e2b2fb1863b5f5279dbc4fd0249124d35af832ae0a63898c76711f
INFO [/home/jihun/work/VoLoAgent/.worktrees/g1-harness-native/gear_sonic_deploy/src/TRTInference/InferenceEngine.cpp(35)]: Loaded engine size: 143 MiB
INFO [/home/jihun/work/VoLoAgent/.worktrees/g1-harness-native/gear_sonic_deploy/src/TRTInference/InferenceEngine.cpp(35)]: [MemUsageChange] TensorRT-managed allocation in IExecutionContext creation: CPU +0, GPU +0, now: CPU 0, GPU 142 (MiB)
INFO [/home/jihun/work/VoLoAgent/.worktrees/g1-harness-native/gear_sonic_deploy/src/TRTInference/InferenceEngine.cpp(476)]: INPUT Tensor: obs_dict [1, 994]. 994 elements of type FLOAT
INFO [/home/jihun/work/VoLoAgent/.worktrees/g1-harness-native/gear_sonic_deploy/src/TRTInference/InferenceEngine.cpp(476)]: OUTPUT Tensor: action [1, 29]. 29 elements of type FLOAT
✓ Successfully converted ONNX to TRT: /home/jihun/work/GR00T-WholeBodyControl/gear_sonic_deploy/policy/sonic_v1_1/policy_model_decoder.trt
✓ Policy engine initialized successfully!
  Model: /home/jihun/work/GR00T-WholeBodyControl/gear_sonic_deploy/policy/sonic_v1_1/model_decoder.onnx
  Input dimension: 994
  Action dimension: 29
  Input tensor: obs_dict
  Output tensor: action
  Precision: FP32
Capturing control policy CUDA graph...
✓ Control policy CUDA graph captured successfully!
✓ Policy model loaded successfully!
Loading observation configuration...
Using observation config file: /home/jihun/work/GR00T-WholeBodyControl/gear_sonic_deploy/policy/sonic_v1_1/observation_config.yaml
Parsing observation config file: /home/jihun/work/GR00T-WholeBodyControl/gear_sonic_deploy/policy/sonic_v1_1/observation_config.yaml
Found observations section at line 9
  Parsed observation: token_state -> enabled
  Parsed observation: his_base_angular_velocity_10frame_step1 -> enabled
  Parsed observation: his_body_joint_positions_10frame_step1 -> enabled
  Parsed observation: his_body_joint_velocities_10frame_step1 -> enabled
  Parsed observation: his_last_actions_10frame_step1 -> enabled
  Parsed observation: his_gravity_dir_10frame_step1 -> enabled
Found encoder section at line 23
  Encoder dimension: 64
  Encoder use_fp16: false
  Found encoder_observations subsection
    Encoder obs: encoder_mode_4 -> enabled
    Encoder obs: motion_joint_positions_10frame_step5 -> enabled
    Encoder obs: motion_joint_velocities_10frame_step5 -> enabled
    Encoder obs: motion_anchor_orientation_heading_10frame_step5 -> enabled
    Encoder obs: motion_anchor_orientation_heading -> enabled
    Encoder obs: motion_joint_positions_lowerbody_10frame_step5 -> enabled
    Encoder obs: motion_joint_velocities_lowerbody_10frame_step5 -> enabled
    Encoder obs: vr_3point_local_target -> enabled
    Encoder obs: vr_3point_local_orn_target -> enabled
    Encoder obs: smpl_joints_10frame_step1 -> enabled
    Encoder obs: smpl_anchor_orientation_heading_10frame_step1 -> enabled
    Encoder obs: motion_joint_positions_wrists_10frame_step1 -> enabled
  Found encoder_modes subsection (after encoder_observations)
    Found mode: g1
      Mode ID: 0
      Found required_observations for mode g1
        - encoder_mode_4
        - motion_joint_positions_10frame_step5
        - motion_joint_velocities_10frame_step5
        - motion_anchor_orientation_heading_10frame_step5
    Saved mode 'g1' with 4 observations
    Found mode: teleop
      Mode ID: 1
      Found required_observations for mode teleop
        - encoder_mode_4
        - motion_joint_positions_lowerbody_10frame_step5
        - motion_joint_velocities_lowerbody_10frame_step5
        - vr_3point_local_target
        - vr_3point_local_orn_target
        - motion_anchor_orientation_heading
    Saved mode 'teleop' with 6 observations
    Found mode: smpl
      Mode ID: 2
      Found required_observations for mode smpl
        - encoder_mode_4
        - smpl_joints_10frame_step1
        - smpl_anchor_orientation_heading_10frame_step1
        - motion_joint_positions_wrists_10frame_step1
    Saved mode 'smpl' with 4 observations
✓ Token state observation validated with encoder configuration
Successfully parsed 6 observations
Encoder config found with 12 input observations
✓ Token state buffer initialized (size: 64)
Initializing encoder...
Loading encoder model...
hash value in file 90ed9925d6f62fc7894b8ee8f8a2145352570e5348ba867b839ac99e0d29932c
hash of onnx/gpu type 90ed9925d6f62fc7894b8ee8f8a2145352570e5348ba867b839ac99e0d29932c
INFO [/home/jihun/work/VoLoAgent/.worktrees/g1-harness-native/gear_sonic_deploy/src/TRTInference/InferenceEngine.cpp(35)]: Loaded engine size: 47 MiB
INFO [/home/jihun/work/VoLoAgent/.worktrees/g1-harness-native/gear_sonic_deploy/src/TRTInference/InferenceEngine.cpp(35)]: [MS] Running engine with multi stream info
INFO [/home/jihun/work/VoLoAgent/.worktrees/g1-harness-native/gear_sonic_deploy/src/TRTInference/InferenceEngine.cpp(35)]: [MS] Number of aux streams is 2
INFO [/home/jihun/work/VoLoAgent/.worktrees/g1-harness-native/gear_sonic_deploy/src/TRTInference/InferenceEngine.cpp(35)]: [MS] Number of total worker streams is 3
INFO [/home/jihun/work/VoLoAgent/.worktrees/g1-harness-native/gear_sonic_deploy/src/TRTInference/InferenceEngine.cpp(35)]: [MS] The main stream provided by execute/enqueue calls is the first worker stream
INFO [/home/jihun/work/VoLoAgent/.worktrees/g1-harness-native/gear_sonic_deploy/src/TRTInference/InferenceEngine.cpp(35)]: [MemUsageChange] TensorRT-managed allocation in IExecutionContext creation: CPU +0, GPU +0, now: CPU 0, GPU 189 (MiB)
INFO [/home/jihun/work/VoLoAgent/.worktrees/g1-harness-native/gear_sonic_deploy/src/TRTInference/InferenceEngine.cpp(476)]: INPUT Tensor: obs_dict [1, 1751]. 1751 elements of type FLOAT
INFO [/home/jihun/work/VoLoAgent/.worktrees/g1-harness-native/gear_sonic_deploy/src/TRTInference/InferenceEngine.cpp(476)]: OUTPUT Tensor: encoded_tokens [1, 64]. 64 elements of type FLOAT
✓ Encoder initialized successfully!
  Model: /home/jihun/work/GR00T-WholeBodyControl/gear_sonic_deploy/policy/sonic_v1_1/model_encoder.onnx
  Input dimension: 1751
  Token dimension: 64
  Input tensor: obs_dict
  Output tensor: encoded_tokens
Capturing encoder CUDA graph...
✓ Encoder CUDA graph captured successfully!
✓ Encoder model loaded successfully!
Setting encode_mode for 13 loaded reference motions...
  Motion 'neutral_kick_R_001__A543_M' encode_mode set to: 0
  Motion 'walking_quip_360_R_002__A428' encode_mode set to: 0
  Motion 'squat_001__A359' encode_mode set to: 0
  Motion 'tired_one_leg_jumping_R_001__A359_M' encode_mode set to: 0
  Motion 'dance_in_da_party_001__A464_M' encode_mode set to: 0
  Motion 'forward_lunge_R_001__A359_M' encode_mode set to: 0
  Motion 'dance_in_da_party_001__A464' encode_mode set to: 0
  Motion 'macarena_001__A545' encode_mode set to: 0
  Motion 'tired_one_leg_jumping_R_001__A359' encode_mode set to: 0
  Motion 'walking_quip_360_R_002__A428_M' encode_mode set to: 0
  Motion 'neutral_kick_R_001__A543' encode_mode set to: 0
  Motion 'macarena_001__A545_M' encode_mode set to: 0
  Motion 'tired_forward_lunge_R_001__A359_M' encode_mode set to: 0
Planner motion encode_mode set to: 0
LocalMotionPlannerBase constructor
config_.version: 2
config_.motion_look_ahead_steps: 2
config_.default_height: 0.78874
config_.initial_random_seed: 1234
Available modes number: 27
Initialize Engine...
hash value in file 93ec4df1dfa8c640f7f308e3bb5f047cc3264ceea616dae1004bd3207609eba0
hash of onnx/gpu type 93ec4df1dfa8c640f7f308e3bb5f047cc3264ceea616dae1004bd3207609eba0
INFO [/home/jihun/work/VoLoAgent/.worktrees/g1-harness-native/gear_sonic_deploy/src/TRTInference/InferenceEngine.cpp(35)]: Loaded engine size: 713 MiB
INFO [/home/jihun/work/VoLoAgent/.worktrees/g1-harness-native/gear_sonic_deploy/src/TRTInference/InferenceEngine.cpp(35)]: [MS] Running engine with multi stream info
INFO [/home/jihun/work/VoLoAgent/.worktrees/g1-harness-native/gear_sonic_deploy/src/TRTInference/InferenceEngine.cpp(35)]: [MS] Number of aux streams is 1
INFO [/home/jihun/work/VoLoAgent/.worktrees/g1-harness-native/gear_sonic_deploy/src/TRTInference/InferenceEngine.cpp(35)]: [MS] Number of total worker streams is 2
INFO [/home/jihun/work/VoLoAgent/.worktrees/g1-harness-native/gear_sonic_deploy/src/TRTInference/InferenceEngine.cpp(35)]: [MS] The main stream provided by execute/enqueue calls is the first worker stream
INFO [/home/jihun/work/VoLoAgent/.worktrees/g1-harness-native/gear_sonic_deploy/src/TRTInference/InferenceEngine.cpp(35)]: [MemUsageChange] TensorRT-managed allocation in IExecutionContext creation: CPU +0, GPU +1, now: CPU 0, GPU 897 (MiB)
INFO [/home/jihun/work/VoLoAgent/.worktrees/g1-harness-native/gear_sonic_deploy/src/TRTInference/InferenceEngine.cpp(476)]: INPUT Tensor: context_mujoco_qpos [1, 4, 36]. 144 elements of type FLOAT
INFO [/home/jihun/work/VoLoAgent/.worktrees/g1-harness-native/gear_sonic_deploy/src/TRTInference/InferenceEngine.cpp(476)]: INPUT Tensor: target_vel [1]. 1 elements of type FLOAT
INFO [/home/jihun/work/VoLoAgent/.worktrees/g1-harness-native/gear_sonic_deploy/src/TRTInference/InferenceEngine.cpp(476)]: INPUT Tensor: mode [1]. 1 elements of type INT64
INFO [/home/jihun/work/VoLoAgent/.worktrees/g1-harness-native/gear_sonic_deploy/src/TRTInference/InferenceEngine.cpp(476)]: INPUT Tensor: movement_direction [1, 3]. 3 elements of type FLOAT
INFO [/home/jihun/work/VoLoAgent/.worktrees/g1-harness-native/gear_sonic_deploy/src/TRTInference/InferenceEngine.cpp(476)]: INPUT Tensor: facing_direction [1, 3]. 3 elements of type FLOAT
INFO [/home/jihun/work/VoLoAgent/.worktrees/g1-harness-native/gear_sonic_deploy/src/TRTInference/InferenceEngine.cpp(476)]: INPUT Tensor: random_seed [1]. 1 elements of type INT64
INFO [/home/jihun/work/VoLoAgent/.worktrees/g1-harness-native/gear_sonic_deploy/src/TRTInference/InferenceEngine.cpp(476)]: INPUT Tensor: has_specific_target [1, 1]. 1 elements of type INT64
INFO [/home/jihun/work/VoLoAgent/.worktrees/g1-harness-native/gear_sonic_deploy/src/TRTInference/InferenceEngine.cpp(476)]: INPUT Tensor: specific_target_positions [1, 4, 3]. 12 elements of type FLOAT
INFO [/home/jihun/work/VoLoAgent/.worktrees/g1-harness-native/gear_sonic_deploy/src/TRTInference/InferenceEngine.cpp(476)]: INPUT Tensor: specific_target_headings [1, 4]. 4 elements of type FLOAT
INFO [/home/jihun/work/VoLoAgent/.worktrees/g1-harness-native/gear_sonic_deploy/src/TRTInference/InferenceEngine.cpp(476)]: INPUT Tensor: allowed_pred_num_tokens [1, 11]. 11 elements of type INT64
INFO [/home/jihun/work/VoLoAgent/.worktrees/g1-harness-native/gear_sonic_deploy/src/TRTInference/InferenceEngine.cpp(476)]: INPUT Tensor: height [1]. 1 elements of type FLOAT
INFO [/home/jihun/work/VoLoAgent/.worktrees/g1-harness-native/gear_sonic_deploy/src/TRTInference/InferenceEngine.cpp(476)]: OUTPUT Tensor: mujoco_qpos [1, 64, 36]. 2304 elements of type FLOAT
INFO [/home/jihun/work/VoLoAgent/.worktrees/g1-harness-native/gear_sonic_deploy/src/TRTInference/InferenceEngine.cpp(476)]: OUTPUT Tensor: num_pred_frames [1]. 1 elements of type INT32
✓ Successfully converted ONNX to TRT: /home/jihun/work/GR00T-WholeBodyControl/gear_sonic_deploy/planner/target_vel/V2/planner_planner_sonic.trt
Input tensors:
  allowed_pred_num_tokens 1 11 int64
  context_mujoco_qpos 1 4 36 float
  facing_direction 1 3 float
  has_specific_target 1 1 int64
  height 1 float
  mode 1 int64
  movement_direction 1 3 float
  random_seed 1 int64
  specific_target_headings 1 4 float
  specific_target_positions 1 4 3 float
  target_vel 1 float
Output tensors:
  mujoco_qpos 1 64 36 float
  num_pred_frames 1 int32
✓ TensorRT planner model loaded successfully!
Initializing encoder observations...
✓ Initialized 12 encoder observations (total dim: 1751)

=== Observation Configuration ===
Active policy observations (runtime order):
  1. token_state (64D) [offset: 0]
  2. his_base_angular_velocity_10frame_step1 (30D) [offset: 64]
  3. his_body_joint_positions_10frame_step1 (290D) [offset: 94]
  4. his_body_joint_velocities_10frame_step1 (290D) [offset: 384]
  5. his_last_actions_10frame_step1 (290D) [offset: 674]
  6. his_gravity_dir_10frame_step1 (30D) [offset: 964]

Policy Summary:
  Total dimension: 994
  Model dimension: 994
  ✓ Dimension match: Configuration is valid!

--- Encoder Observations ---
  1. encoder_mode_4 (4D) [offset: 0]
  2. motion_joint_positions_10frame_step5 (290D) [offset: 4]
  3. motion_joint_velocities_10frame_step5 (290D) [offset: 294]
  4. motion_anchor_orientation_heading_10frame_step5 (60D) [offset: 584]
  5. motion_anchor_orientation_heading (6D) [offset: 644]
  6. motion_joint_positions_lowerbody_10frame_step5 (120D) [offset: 650]
  7. motion_joint_velocities_lowerbody_10frame_step5 (120D) [offset: 770]
  8. vr_3point_local_target (9D) [offset: 890]
  9. vr_3point_local_orn_target (12D) [offset: 899]
  10. smpl_joints_10frame_step1 (720D) [offset: 911]
  11. smpl_anchor_orientation_heading_10frame_step1 (60D) [offset: 1631]
  12. motion_joint_positions_wrists_10frame_step1 (60D) [offset: 1691]

Encoder Summary:
  Total dimension: 1751
  Model dimension: 1751
  ✓ Dimension match: Encoder configuration is valid!
================================

[ZMQEndpointInterface] Connected to 127.0.0.1:11556 topic='pose'
[ZMQEndpointInterface] Press ENTER to toggle between loaded motions and ZMQ stream
[ZMQManager] Initialized (default: PLANNER mode)
  - Host: 127.0.0.1:11556
  - Command topic: 'command' (start/stop/mode)
    Format: { start: bool, stop: bool, planner: bool }
  - Planner topic: 'planner' (movement)
  - Pose topic: 'pose' (streamed motion)
  - VR_3PT safety filter: max position step 0.03 m, max orientation step 5 deg, stop after 10 rejects
Initialized ZMQ manager
  Host: 127.0.0.1:11556
  Pose topic: pose
  Command topic: command
  Planner topic: planner
  Conflate: disabled
  Initial encoder mode: 0
[INFO] Initial VR 3-point compliance: [0.5, 0.5, 0]
[INFO] Initial hand max close ratio: 1 (1.0 = full closure allowed, 0.2 = limited)
[INFO] Keyboard controls: g/h = left hand +/- 0.1, b/v = right hand +/- 0.1 (range: 0.01-0.5)
[INFO] Keyboard controls: x/c = hand max close ratio +/- 0.1 (range: 0.2-1.0)

┌─────────────────────────────────────────────────────────────────────────────┐
│  Compliance control: DISABLED                                               │
│  Policy does not observe 'vr_3point_compliance'.                            │
│  Keyboard controls (g/h/b/v) will be ignored for this policy.               │
│  To enable, use a compliance-aware policy that observes it natively.        │
└─────────────────────────────────────────────────────────────────────────────┘

Initializing realtime debug socket
Binding to port: 11557 and topic: g1_debug
[INFO] Realtime debug socket bound to port: 11557
[ZMQ Output DEBUG] ZMQOutputHandler initialized with topics: 'g1_debug' (combined state+viz), 'robot_config' (config)
Initialized ZMQ output interface
[ZMQ Output] Robot config cached (10 fields, 645 bytes)
Total output interfaces initialized: 1
[DEBUG] G1Deploy object created successfully!
Init Done
[ZMQManager] Planner enabled
[Control] DEBUG: operator_state.start=true, transitioning to CONTROL state
Reset heading state to 0.0871349, -0.0109851, -0.00333251, 0.99613
Reset delta heading to 0
Reset init reference data root rotation to current frame: 0.710374, -0.013102, 0.01908, 0.703444
**********************************************************
Reference motion name: neutral_kick_R_001__A543_M
**********************************************************
[Mode Filter] Switched to mode 'g1' (ID=0) with 4 required observations
Initializing planner...
Setting planner_motion encode mode to 0
Replanning with mode: IDLE, target_height: -1, target_vel: -1, movement: [0, 0, 0], facing: [1, 0, 0]
Planner Init timing - Model: 7205us, Extract: 4us
Planner initialized
Planner initialized successfully!
Reset heading state to 0.0888944, -0.0147545, 0.00233642, 0.995929
Reset delta heading to 0
Reset init reference data root rotation to current frame: 0.999986, 0.00147495, -0.00514855, 7.59421e-06
**********************************************************
Reference motion name: planner_motion
**********************************************************
[ZMQManager] Waiting for planner to be initialized
[ZMQManager] motion name is planner_motion
Loop timing - LowState age: 0.894ms, Streaming data mean delay: 0ms, Streaming data std delay: 0ms, IMU age: 5.9ms, Obs: 368us, Policy: 499us, Obs 2 Motor Command: 867us, Post processing: 22us, Planner - Gather Input: 0us, Model: 0us, Convert50Hz: 0us, Total: 0us | HandCloseRatio: 1
Loop timing - LowState age: 4.682ms, Streaming data mean delay: 0ms, Streaming data std delay: 0ms, IMU age: 4.681ms, Obs: 356us, Policy: 510us, Obs 2 Motor Command: 867us, Post processing: 21us, Planner - Gather Input: 0us, Model: 0us, Convert50Hz: 0us, Total: 0us | HandCloseRatio: 1
Replanning with mode: IDLE, target_height: -1, target_vel: -1, movement: [0, -0, 0], facing: [0.999992, -0.00403765, 0]
Loop timing - LowState age: 3.791ms, Streaming data mean delay: 0ms, Streaming data std delay: 0ms, IMU age: 3.774ms, Obs: 377us, Policy: 507us, Obs 2 Motor Command: 885us, Post processing: 21us, Planner - Gather Input: 28us, Model: 7119us, Convert50Hz: 4us, Total: 7152us | HandCloseRatio: 1
Loop timing - LowState age: 2.612ms, Streaming data mean delay: 0ms, Streaming data std delay: 0ms, IMU age: 2.609ms, Obs: 361us, Policy: 499us, Obs 2 Motor Command: 860us, Post processing: 22us, Planner - Gather Input: 28us, Model: 7119us, Convert50Hz: 4us, Total: 7152us | HandCloseRatio: 1
Loop timing - LowState age: 1.808ms, Streaming data mean delay: 0ms, Streaming data std delay: 0ms, IMU age: 1.831ms, Obs: 371us, Policy: 501us, Obs 2 Motor Command: 873us, Post processing: 19us, Planner - Gather Input: 28us, Model: 7119us, Convert50Hz: 4us, Total: 7152us | HandCloseRatio: 1
Replanning with mode: SLOW_WALK, target_height: -1, target_vel: 0.2, movement: [-0.999969, 0.00790288, 0], facing: [0.999969, -0.00790288, 0]
Loop timing - LowState age: 4.744ms, Streaming data mean delay: 0ms, Streaming data std delay: 0ms, IMU age: 4.735ms, Obs: 381us, Policy: 734us, Obs 2 Motor Command: 1116us, Post processing: 23us, Planner - Gather Input: 34us, Model: 9341us, Convert50Hz: 8us, Total: 9384us | HandCloseRatio: 1
Replanning with mode: SLOW_WALK, target_height: -1, target_vel: 0.2, movement: [-0.999969, 0.00790288, 0], facing: [0.999969, -0.00790288, 0]
Replanning with mode: IDLE, target_height: -1, target_vel: -1, movement: [0, -0, 0], facing: [0.999969, -0.00790288, 0]
Replanning with mode: IDLE, target_height: -1, target_vel: -1, movement: [0, -0, 0], facing: [1, -0.000983945, 0]
Replanning with mode: IDLE, target_height: -1, target_vel: -1, movement: [0, -0, 0], facing: [0.999864, 0.0165234, 0]
Loop timing - LowState age: 2.257ms, Streaming data mean delay: 0ms, Streaming data std delay: 0ms, IMU age: 2.21ms, Obs: 372us, Policy: 504us, Obs 2 Motor Command: 876us, Post processing: 23us, Planner - Gather Input: 28us, Model: 6210us, Convert50Hz: 4us, Total: 6244us | HandCloseRatio: 1
Replanning with mode: IDLE, target_height: -1, target_vel: -1, movement: [0, -0, 0], facing: [0.99942, 0.0340445, 0]
Replanning with mode: IDLE, target_height: -1, target_vel: -1, movement: [0, -0, 0], facing: [0.998671, 0.0515378, 0]
Replanning with mode: IDLE, target_height: -1, target_vel: -1, movement: [0, -0, 0], facing: [0.997616, 0.0690165, 0]
Replanning with mode: IDLE, target_height: -1, target_vel: -1, movement: [0, -0, 0], facing: [0.996254, 0.0864757, 0]
Replanning with mode: IDLE, target_height: -1, target_vel: -1, movement: [0, -0, 0], facing: [0.994587, 0.103908, 0]
Replanning with mode: IDLE, target_height: -1, target_vel: -1, movement: [0, -0, 0], facing: [0.992615, 0.121307, 0]
Replanning with mode: IDLE, target_height: -1, target_vel: -1, movement: [0, -0, 0], facing: [0.990339, 0.138671, 0]
Replanning with mode: IDLE, target_height: -1, target_vel: -1, movement: [0, -0, 0], facing: [0.987759, 0.15599, 0]
Replanning with mode: IDLE, target_height: -1, target_vel: -1, movement: [0, -0, 0], facing: [0.985731, 0.168326, 0]
Replanning with mode: IDLE, target_height: -1, target_vel: -1, movement: [0, -0, 0], facing: [0.984005, 0.178142, 0]
Loop timing - LowState age: 2.461ms, Streaming data mean delay: 0ms, Streaming data std delay: 0ms, IMU age: 2.453ms, Obs: 374us, Policy: 507us, Obs 2 Motor Command: 881us, Post processing: 26us, Planner - Gather Input: 30us, Model: 6832us, Convert50Hz: 5us, Total: 6868us | HandCloseRatio: 1
Replanning with mode: IDLE, target_height: -1, target_vel: -1, movement: [0, -0, 0], facing: [0.98282, 0.184565, 0]
Replanning with mode: IDLE, target_height: -1, target_vel: -1, movement: [0, -0, 0], facing: [0.981478, 0.191574, 0]
Replanning with mode: IDLE, target_height: -1, target_vel: -1, movement: [0, -0, 0], facing: [0.978738, 0.205114, 0]
Replanning with mode: IDLE, target_height: -1, target_vel: -1, movement: [0, -0, 0], facing: [0.97632, 0.216333, 0]
Replanning with mode: IDLE, target_height: -1, target_vel: -1, movement: [0, -0, 0], facing: [0.974751, 0.223293, 0]
Replanning with mode: IDLE, target_height: -1, target_vel: -1, movement: [0, -0, 0], facing: [0.97403, 0.226418, 0]
Replanning with mode: IDLE, target_height: -1, target_vel: -1, movement: [0, -0, 0], facing: [0.973241, 0.229787, 0]
Replanning with mode: IDLE, target_height: -1, target_vel: -1, movement: [0, -0, 0], facing: [0.974792, 0.223117, 0]
Replanning with mode: IDLE, target_height: -1, target_vel: -1, movement: [0, -0, 0], facing: [0.976144, 0.217126, 0]
Replanning with mode: IDLE, target_height: -1, target_vel: -1, movement: [0, -0, 0], facing: [0.975107, 0.221736, 0]
Loop timing - LowState age: 1.833ms, Streaming data mean delay: 0ms, Streaming data std delay: 0ms, IMU age: 1.815ms, Obs: 422us, Policy: 505us, Obs 2 Motor Command: 927us, Post processing: 26us, Planner - Gather Input: 24us, Model: 6789us, Convert50Hz: 5us, Total: 6819us | HandCloseRatio: 1
Replanning with mode: IDLE, target_height: -1, target_vel: -1, movement: [0, -0, 0], facing: [0.974472, 0.22451, 0]
Replanning with mode: IDLE, target_height: -1, target_vel: -1, movement: [0, -0, 0], facing: [0.97416, 0.225859, 0]
Replanning with mode: IDLE, target_height: -1, target_vel: -1, movement: [0, -0, 0], facing: [0.973658, 0.228015, 0]
Replanning with mode: IDLE, target_height: -1, target_vel: -1, movement: [0, -0, 0], facing: [0.972933, 0.231088, 0]
Replanning with mode: IDLE, target_height: -1, target_vel: -1, movement: [0, -0, 0], facing: [0.972563, 0.232638, 0]
Replanning with mode: IDLE, target_height: -1, target_vel: -1, movement: [0, -0, 0], facing: [0.972196, 0.234169, 0]
Replanning with mode: IDLE, target_height: -1, target_vel: -1, movement: [0, -0, 0], facing: [0.971677, 0.236314, 0]
Replanning with mode: IDLE, target_height: -1, target_vel: -1, movement: [0, -0, 0], facing: [0.97093, 0.239363, 0]
Replanning with mode: IDLE, target_height: -1, target_vel: -1, movement: [0, -0, 0], facing: [0.970038, 0.242955, 0]
Replanning with mode: IDLE, target_height: -1, target_vel: -1, movement: [0, -0, 0], facing: [0.968845, 0.247667, 0]
Loop timing - LowState age: 5.615ms, Streaming data mean delay: 0ms, Streaming data std delay: 0ms, IMU age: 5.559ms, Obs: 373us, Policy: 499us, Obs 2 Motor Command: 872us, Post processing: 20us, Planner - Gather Input: 28us, Model: 6794us, Convert50Hz: 4us, Total: 6827us | HandCloseRatio: 1
Replanning with mode: IDLE, target_height: -1, target_vel: -1, movement: [0, -0, 0], facing: [0.96788, 0.251414, 0]
Replanning with mode: IDLE, target_height: -1, target_vel: -1, movement: [0, -0, 0], facing: [0.967194, 0.254039, 0]
Replanning with mode: IDLE, target_height: -1, target_vel: -1, movement: [0, -0, 0], facing: [0.966549, 0.256483, 0]
Replanning with mode: IDLE, target_height: -1, target_vel: -1, movement: [0, -0, 0], facing: [0.966285, 0.257476, 0]
Replanning with mode: IDLE, target_height: -1, target_vel: -1, movement: [0, -0, 0], facing: [0.965992, 0.258571, 0]
Replanning with mode: IDLE, target_height: -1, target_vel: -1, movement: [0, -0, 0], facing: [0.966285, 0.257474, 0]
Replanning with mode: IDLE, target_height: -1, target_vel: -1, movement: [0, -0, 0], facing: [0.966062, 0.258311, 0]
Replanning with mode: IDLE, target_height: -1, target_vel: -1, movement: [0, -0, 0], facing: [0.965772, 0.259391, 0]
Replanning with mode: IDLE, target_height: -1, target_vel: -1, movement: [0, -0, 0], facing: [0.96587, 0.259028, 0]
Replanning with mode: IDLE, target_height: -1, target_vel: -1, movement: [0, -0, 0], facing: [0.965535, 0.260274, 0]
Loop timing - LowState age: 5.462ms, Streaming data mean delay: 0ms, Streaming data std delay: 0ms, IMU age: 5.463ms, Obs: 365us, Policy: 503us, Obs 2 Motor Command: 869us, Post processing: 21us, Planner - Gather Input: 32us, Model: 6765us, Convert50Hz: 8us, Total: 6807us | HandCloseRatio: 1
Replanning with mode: IDLE, target_height: -1, target_vel: -1, movement: [0, -0, 0], facing: [0.965624, 0.259943, 0]
Replanning with mode: IDLE, target_height: -1, target_vel: -1, movement: [0, -0, 0], facing: [0.965725, 0.259567, 0]
Replanning with mode: IDLE, target_height: -1, target_vel: -1, movement: [0, -0, 0], facing: [0.965384, 0.260832, 0]
Replanning with mode: IDLE, target_height: -1, target_vel: -1, movement: [0, -0, 0], facing: [0.965471, 0.260511, 0]
Replanning with mode: IDLE, target_height: -1, target_vel: -1, movement: [0, -0, 0], facing: [0.965209, 0.261479, 0]
Replanning with mode: IDLE, target_height: -1, target_vel: -1, movement: [0, -0, 0], facing: [0.965225, 0.261422, 0]
Replanning with mode: IDLE, target_height: -1, target_vel: -1, movement: [0, -0, 0], facing: [0.965296, 0.261159, 0]
Replanning with mode: IDLE, target_height: -1, target_vel: -1, movement: [0, -0, 0], facing: [0.965041, 0.262099, 0]
Replanning with mode: IDLE, target_height: -1, target_vel: -1, movement: [0, -0, 0], facing: [0.964767, 0.263105, 0]
Replanning with mode: IDLE, target_height: -1, target_vel: -1, movement: [0, -0, 0], facing: [0.964628, 0.263615, 0]
Loop timing - LowState age: 4.875ms, Streaming data mean delay: 0ms, Streaming data std delay: 0ms, IMU age: 4.862ms, Obs: 357us, Policy: 501us, Obs 2 Motor Command: 858us, Post processing: 20us, Planner - Gather Input: 33us, Model: 6616us, Convert50Hz: 5us, Total: 6655us | HandCloseRatio: 1
Replanning with mode: IDLE, target_height: -1, target_vel: -1, movement: [0, -0, 0], facing: [0.964503, 0.264072, 0]
Replanning with mode: IDLE, target_height: -1, target_vel: -1, movement: [0, -0, 0], facing: [0.964352, 0.264621, 0]
Replanning with mode: IDLE, target_height: -1, target_vel: -1, movement: [0, -0, 0], facing: [0.964151, 0.265354, 0]
Replanning with mode: IDLE, target_height: -1, target_vel: -1, movement: [0, -0, 0], facing: [0.963966, 0.266026, 0]
Replanning with mode: IDLE, target_height: -1, target_vel: -1, movement: [0, -0, 0], facing: [0.963859, 0.266414, 0]
Replanning with mode: IDLE, target_height: -1, target_vel: -1, movement: [0, -0, 0], facing: [0.963787, 0.266673, 0]
Replanning with mode: IDLE, target_height: -1, target_vel: -1, movement: [0, -0, 0], facing: [0.963681, 0.267054, 0]
Replanning with mode: IDLE, target_height: -1, target_vel: -1, movement: [0, -0, 0], facing: [0.963588, 0.26739, 0]
Replanning with mode: IDLE, target_height: -1, target_vel: -1, movement: [0, -0, 0], facing: [0.963493, 0.267732, 0]
Replanning with mode: IDLE, target_height: -1, target_vel: -1, movement: [0, -0, 0], facing: [0.963398, 0.268076, 0]
Loop timing - LowState age: 3.277ms, Streaming data mean delay: 0ms, Streaming data std delay: 0ms, IMU age: 3.263ms, Obs: 372us, Policy: 517us, Obs 2 Motor Command: 889us, Post processing: 20us, Planner - Gather Input: 27us, Model: 5930us, Convert50Hz: 15us, Total: 5974us | HandCloseRatio: 1
Replanning with mode: IDLE, target_height: -1, target_vel: -1, movement: [0, -0, 0], facing: [0.963279, 0.268502, 0]
Replanning with mode: IDLE, target_height: -1, target_vel: -1, movement: [0, -0, 0], facing: [0.963181, 0.268855, 0]
Replanning with mode: IDLE, target_height: -1, target_vel: -1, movement: [0, -0, 0], facing: [0.963106, 0.269124, 0]
Replanning with mode: IDLE, target_height: -1, target_vel: -1, movement: [0, -0, 0], facing: [0.963005, 0.269484, 0]
Replanning with mode: IDLE, target_height: -1, target_vel: -1, movement: [0, -0, 0], facing: [0.962943, 0.269704, 0]
Replanning with mode: IDLE, target_height: -1, target_vel: -1, movement: [0, -0, 0], facing: [0.96287, 0.269967, 0]
Replanning with mode: IDLE, target_height: -1, target_vel: -1, movement: [0, -0, 0], facing: [0.962795, 0.270233, 0]
Replanning with mode: IDLE, target_height: -1, target_vel: -1, movement: [0, -0, 0], facing: [0.962743, 0.270419, 0]
Replanning with mode: IDLE, target_height: -1, target_vel: -1, movement: [0, -0, 0], facing: [0.962669, 0.270682, 0]
Replanning with mode: IDLE, target_height: -1, target_vel: -1, movement: [0, -0, 0], facing: [0.962571, 0.271031, 0]
Loop timing - LowState age: 0.905ms, Streaming data mean delay: 0ms, Streaming data std delay: 0ms, IMU age: 5.939ms, Obs: 368us, Policy: 504us, Obs 2 Motor Command: 873us, Post processing: 22us, Planner - Gather Input: 46us, Model: 6637us, Convert50Hz: 5us, Total: 6689us | HandCloseRatio: 1
Replanning with mode: IDLE, target_height: -1, target_vel: -1, movement: [0, -0, 0], facing: [0.962494, 0.271302, 0]
Replanning with mode: IDLE, target_height: -1, target_vel: -1, movement: [0, -0, 0], facing: [0.962421, 0.271561, 0]
Replanning with mode: IDLE, target_height: -1, target_vel: -1, movement: [0, -0, 0], facing: [0.962343, 0.271839, 0]
Replanning with mode: IDLE, target_height: -1, target_vel: -1, movement: [0, -0, 0], facing: [0.962227, 0.272247, 0]
Replanning with mode: IDLE, target_height: -1, target_vel: -1, movement: [0, -0, 0], facing: [0.962114, 0.272646, 0]
Replanning with mode: IDLE, target_height: -1, target_vel: -1, movement: [0, -0, 0], facing: [0.96198, 0.273118, 0]
Replanning with mode: IDLE, target_height: -1, target_vel: -1, movement: [0, -0, 0], facing: [0.961882, 0.273464, 0]
Replanning with mode: IDLE, target_height: -1, target_vel: -1, movement: [0, -0, 0], facing: [0.961802, 0.273746, 0]
Replanning with mode: IDLE, target_height: -1, target_vel: -1, movement: [0, -0, 0], facing: [0.961718, 0.274041, 0]
Replanning with mode: IDLE, target_height: -1, target_vel: -1, movement: [0, -0, 0], facing: [0.961639, 0.274317, 0]
Loop timing - LowState age: 4.824ms, Streaming data mean delay: 0ms, Streaming data std delay: 0ms, IMU age: 4.83ms, Obs: 352us, Policy: 501us, Obs 2 Motor Command: 853us, Post processing: 20us, Planner - Gather Input: 36us, Model: 6656us, Convert50Hz: 4us, Total: 6697us | HandCloseRatio: 1
Replanning with mode: IDLE, target_height: -1, target_vel: -1, movement: [0, -0, 0], facing: [0.961579, 0.27453, 0]
Replanning with mode: IDLE, target_height: -1, target_vel: -1, movement: [0, -0, 0], facing: [0.961513, 0.274761, 0]
Replanning with mode: IDLE, target_height: -1, target_vel: -1, movement: [0, -0, 0], facing: [0.961446, 0.274994, 0]
Replanning with mode: IDLE, target_height: -1, target_vel: -1, movement: [0, -0, 0], facing: [0.961323, 0.275424, 0]
Replanning with mode: IDLE, target_height: -1, target_vel: -1, movement: [0, -0, 0], facing: [0.961061, 0.276336, 0]
Replanning with mode: IDLE, target_height: -1, target_vel: -1, movement: [0, -0, 0], facing: [0.961035, 0.276425, 0]
Replanning with mode: IDLE, target_height: -1, target_vel: -1, movement: [0, -0, 0], facing: [0.960938, 0.276762, 0]
Replanning with mode: IDLE, target_height: -1, target_vel: -1, movement: [0, -0, 0], facing: [0.960704, 0.277575, 0]
Replanning with mode: IDLE, target_height: -1, target_vel: -1, movement: [0, -0, 0], facing: [0.960591, 0.277964, 0]
Replanning with mode: IDLE, target_height: -1, target_vel: -1, movement: [0, -0, 0], facing: [0.960684, 0.277643, 0]
Loop timing - LowState age: 3.891ms, Streaming data mean delay: 0ms, Streaming data std delay: 0ms, IMU age: 3.848ms, Obs: 376us, Policy: 500us, Obs 2 Motor Command: 876us, Post processing: 20us, Planner - Gather Input: 30us, Model: 6325us, Convert50Hz: 5us, Total: 6361us | HandCloseRatio: 1
Replanning with mode: IDLE, target_height: -1, target_vel: -1, movement: [0, -0, 0], facing: [0.960734, 0.277469, 0]
Replanning with mode: IDLE, target_height: -1, target_vel: -1, movement: [0, -0, 0], facing: [0.960677, 0.27767, 0]
Replanning with mode: IDLE, target_height: -1, target_vel: -1, movement: [0, -0, 0], facing: [0.960927, 0.276802, 0]
Replanning with mode: IDLE, target_height: -1, target_vel: -1, movement: [0, -0, 0], facing: [0.960942, 0.276749, 0]
Replanning with mode: IDLE, target_height: -1, target_vel: -1, movement: [0, -0, 0], facing: [0.960887, 0.276941, 0]
Replanning with mode: IDLE, target_height: -1, target_vel: -1, movement: [0, -0, 0], facing: [0.960878, 0.276971, 0]
Replanning with mode: IDLE, target_height: -1, target_vel: -1, movement: [0, -0, 0], facing: [0.960847, 0.27708, 0]
Replanning with mode: IDLE, target_height: -1, target_vel: -1, movement: [0, -0, 0], facing: [0.960778, 0.27732, 0]
Replanning with mode: IDLE, target_height: -1, target_vel: -1, movement: [0, -0, 0], facing: [0.981267, 0.192655, 0]
Loop timing - LowState age: 3.3ms, Streaming data mean delay: 0ms, Streaming data std delay: 0ms, IMU age: 3.285ms, Obs: 362us, Policy: 500us, Obs 2 Motor Command: 863us, Post processing: 19us, Planner - Gather Input: 26us, Model: 6631us, Convert50Hz: 5us, Total: 6663us | HandCloseRatio: 1
Loop timing - LowState age: 2.36ms, Streaming data mean delay: 0ms, Streaming data std delay: 0ms, IMU age: 2.357ms, Obs: 363us, Policy: 509us, Obs 2 Motor Command: 872us, Post processing: 35us, Planner - Gather Input: 26us, Model: 6631us, Convert50Hz: 5us, Total: 6663us | HandCloseRatio: 1
