[DEBUG] Program starting...
[DEBUG] Arguments validated...
[INFO] Using encoder file: /home/jihun/work/GR00T-WholeBodyControl/gear_sonic_deploy/policy/sonic_v1_1/model_encoder.onnx
[INFO] Using planner file: /home/jihun/work/GR00T-WholeBodyControl/gear_sonic_deploy/planner/target_vel/V2/planner_sonic.onnx
[INFO] Using observation config: /home/jihun/work/GR00T-WholeBodyControl/gear_sonic_deploy/policy/sonic_v1_1/observation_config.yaml
[INFO] Using input type: zmq_manager
[INFO] Using output type: zmq
[INFO] CRC checking disabled for MuJoCo simulation
[INFO] Using logs directory: /home/jihun/work/VoLoAgent/.worktrees/g1-harness/docs/artifacts/g1_harness_20261006_instrumented/native-negative-zero-run/controller
[DEBUG] Creating G1Deploy object...
1791285741.469598 [0] g1_deploy_: selected interface "lo" is not multicast-capable: disabling multicast
Reading motion data from CSV files in: /home/jihun/work/GR00T-WholeBodyControl/gear_sonic_deploy/reference/example
Found 13 motion folders
✓ Loaded neutral_kick_R_001__A543_M (165 timesteps)
✓ Loaded walking_quip_360_R_002__A428 (455 timesteps)
✓ Loaded squat_001__A359 (424 timesteps)
✓ Loaded tired_one_leg_jumping_R_001__A359_M (500 timesteps)
✓ Loaded dance_in_da_party_001__A464_M (497 timesteps)
✓ Loaded forward_lunge_R_001__A359_M (399 timesteps)
✓ Loaded dance_in_da_party_001__A464 (497 timesteps)
✓ Loaded macarena_001__A545 (1375 timesteps)
✓ Loaded tired_one_leg_jumping_R_001__A359 (500 timesteps)
✓ Loaded walking_quip_360_R_002__A428_M (455 timesteps)
✓ Loaded neutral_kick_R_001__A543 (165 timesteps)
✓ Loaded macarena_001__A545_M (1375 timesteps)
✓ Loaded tired_forward_lunge_R_001__A359_M (810 timesteps)
✓ Motion data loaded successfully!
Started with motion: neutral_kick_R_001__A543_M (paused at frame 0)
Loading policy model...
hash value in file 440e58fad5e2b2fb1863b5f5279dbc4fd0249124d35af832ae0a63898c76711f
hash of onnx/gpu type 440e58fad5e2b2fb1863b5f5279dbc4fd0249124d35af832ae0a63898c76711f
INFO [/home/jihun/work/VoLoAgent/.worktrees/g1-harness-native/gear_sonic_deploy/src/TRTInference/InferenceEngine.cpp(35)]: Loaded engine size: 143 MiB
INFO [/home/jihun/work/VoLoAgent/.worktrees/g1-harness-native/gear_sonic_deploy/src/TRTInference/InferenceEngine.cpp(35)]: [MemUsageChange] TensorRT-managed allocation in IExecutionContext creation: CPU +0, GPU +0, now: CPU 0, GPU 142 (MiB)
INFO [/home/jihun/work/VoLoAgent/.worktrees/g1-harness-native/gear_sonic_deploy/src/TRTInference/InferenceEngine.cpp(476)]: INPUT Tensor: obs_dict [1, 994]. 994 elements of type FLOAT
INFO [/home/jihun/work/VoLoAgent/.worktrees/g1-harness-native/gear_sonic_deploy/src/TRTInference/InferenceEngine.cpp(476)]: OUTPUT Tensor: action [1, 29]. 29 elements of type FLOAT
✓ Successfully converted ONNX to TRT: /home/jihun/work/GR00T-WholeBodyControl/gear_sonic_deploy/policy/sonic_v1_1/policy_model_decoder.trt
✓ Policy engine initialized successfully!
  Model: /home/jihun/work/GR00T-WholeBodyControl/gear_sonic_deploy/policy/sonic_v1_1/model_decoder.onnx
  Input dimension: 994
  Action dimension: 29
  Input tensor: obs_dict
  Output tensor: action
  Precision: FP32
Capturing control policy CUDA graph...
✓ Control policy CUDA graph captured successfully!
✓ Policy model loaded successfully!
Loading observation configuration...
Using observation config file: /home/jihun/work/GR00T-WholeBodyControl/gear_sonic_deploy/policy/sonic_v1_1/observation_config.yaml
Parsing observation config file: /home/jihun/work/GR00T-WholeBodyControl/gear_sonic_deploy/policy/sonic_v1_1/observation_config.yaml
Found observations section at line 9
  Parsed observation: token_state -> enabled
  Parsed observation: his_base_angular_velocity_10frame_step1 -> enabled
  Parsed observation: his_body_joint_positions_10frame_step1 -> enabled
  Parsed observation: his_body_joint_velocities_10frame_step1 -> enabled
  Parsed observation: his_last_actions_10frame_step1 -> enabled
  Parsed observation: his_gravity_dir_10frame_step1 -> enabled
Found encoder section at line 23
  Encoder dimension: 64
  Encoder use_fp16: false
  Found encoder_observations subsection
    Encoder obs: encoder_mode_4 -> enabled
    Encoder obs: motion_joint_positions_10frame_step5 -> enabled
    Encoder obs: motion_joint_velocities_10frame_step5 -> enabled
    Encoder obs: motion_anchor_orientation_heading_10frame_step5 -> enabled
    Encoder obs: motion_anchor_orientation_heading -> enabled
    Encoder obs: motion_joint_positions_lowerbody_10frame_step5 -> enabled
    Encoder obs: motion_joint_velocities_lowerbody_10frame_step5 -> enabled
    Encoder obs: vr_3point_local_target -> enabled
    Encoder obs: vr_3point_local_orn_target -> enabled
    Encoder obs: smpl_joints_10frame_step1 -> enabled
    Encoder obs: smpl_anchor_orientation_heading_10frame_step1 -> enabled
    Encoder obs: motion_joint_positions_wrists_10frame_step1 -> enabled
  Found encoder_modes subsection (after encoder_observations)
    Found mode: g1
      Mode ID: 0
      Found required_observations for mode g1
        - encoder_mode_4
        - motion_joint_positions_10frame_step5
        - motion_joint_velocities_10frame_step5
        - motion_anchor_orientation_heading_10frame_step5
    Saved mode 'g1' with 4 observations
    Found mode: teleop
      Mode ID: 1
      Found required_observations for mode teleop
        - encoder_mode_4
        - motion_joint_positions_lowerbody_10frame_step5
        - motion_joint_velocities_lowerbody_10frame_step5
        - vr_3point_local_target
        - vr_3point_local_orn_target
        - motion_anchor_orientation_heading
    Saved mode 'teleop' with 6 observations
    Found mode: smpl
      Mode ID: 2
      Found required_observations for mode smpl
        - encoder_mode_4
        - smpl_joints_10frame_step1
        - smpl_anchor_orientation_heading_10frame_step1
        - motion_joint_positions_wrists_10frame_step1
    Saved mode 'smpl' with 4 observations
✓ Token state observation validated with encoder configuration
Successfully parsed 6 observations
Encoder config found with 12 input observations
✓ Token state buffer initialized (size: 64)
Initializing encoder...
Loading encoder model...
hash value in file 90ed9925d6f62fc7894b8ee8f8a2145352570e5348ba867b839ac99e0d29932c
hash of onnx/gpu type 90ed9925d6f62fc7894b8ee8f8a2145352570e5348ba867b839ac99e0d29932c
INFO [/home/jihun/work/VoLoAgent/.worktrees/g1-harness-native/gear_sonic_deploy/src/TRTInference/InferenceEngine.cpp(35)]: Loaded engine size: 47 MiB
INFO [/home/jihun/work/VoLoAgent/.worktrees/g1-harness-native/gear_sonic_deploy/src/TRTInference/InferenceEngine.cpp(35)]: [MS] Running engine with multi stream info
INFO [/home/jihun/work/VoLoAgent/.worktrees/g1-harness-native/gear_sonic_deploy/src/TRTInference/InferenceEngine.cpp(35)]: [MS] Number of aux streams is 2
INFO [/home/jihun/work/VoLoAgent/.worktrees/g1-harness-native/gear_sonic_deploy/src/TRTInference/InferenceEngine.cpp(35)]: [MS] Number of total worker streams is 3
INFO [/home/jihun/work/VoLoAgent/.worktrees/g1-harness-native/gear_sonic_deploy/src/TRTInference/InferenceEngine.cpp(35)]: [MS] The main stream provided by execute/enqueue calls is the first worker stream
INFO [/home/jihun/work/VoLoAgent/.worktrees/g1-harness-native/gear_sonic_deploy/src/TRTInference/InferenceEngine.cpp(35)]: [MemUsageChange] TensorRT-managed allocation in IExecutionContext creation: CPU +0, GPU +0, now: CPU 0, GPU 189 (MiB)
INFO [/home/jihun/work/VoLoAgent/.worktrees/g1-harness-native/gear_sonic_deploy/src/TRTInference/InferenceEngine.cpp(476)]: INPUT Tensor: obs_dict [1, 1751]. 1751 elements of type FLOAT
INFO [/home/jihun/work/VoLoAgent/.worktrees/g1-harness-native/gear_sonic_deploy/src/TRTInference/InferenceEngine.cpp(476)]: OUTPUT Tensor: encoded_tokens [1, 64]. 64 elements of type FLOAT
✓ Encoder initialized successfully!
  Model: /home/jihun/work/GR00T-WholeBodyControl/gear_sonic_deploy/policy/sonic_v1_1/model_encoder.onnx
  Input dimension: 1751
  Token dimension: 64
  Input tensor: obs_dict
  Output tensor: encoded_tokens
Capturing encoder CUDA graph...
✓ Encoder CUDA graph captured successfully!
✓ Encoder model loaded successfully!
Setting encode_mode for 13 loaded reference motions...
  Motion 'neutral_kick_R_001__A543_M' encode_mode set to: 0
  Motion 'walking_quip_360_R_002__A428' encode_mode set to: 0
  Motion 'squat_001__A359' encode_mode set to: 0
  Motion 'tired_one_leg_jumping_R_001__A359_M' encode_mode set to: 0
  Motion 'dance_in_da_party_001__A464_M' encode_mode set to: 0
  Motion 'forward_lunge_R_001__A359_M' encode_mode set to: 0
  Motion 'dance_in_da_party_001__A464' encode_mode set to: 0
  Motion 'macarena_001__A545' encode_mode set to: 0
  Motion 'tired_one_leg_jumping_R_001__A359' encode_mode set to: 0
  Motion 'walking_quip_360_R_002__A428_M' encode_mode set to: 0
  Motion 'neutral_kick_R_001__A543' encode_mode set to: 0
  Motion 'macarena_001__A545_M' encode_mode set to: 0
  Motion 'tired_forward_lunge_R_001__A359_M' encode_mode set to: 0
Planner motion encode_mode set to: 0
LocalMotionPlannerBase constructor
config_.version: 2
config_.motion_look_ahead_steps: 2
config_.default_height: 0.78874
config_.initial_random_seed: 1234
Available modes number: 27
Initialize Engine...
hash value in file 93ec4df1dfa8c640f7f308e3bb5f047cc3264ceea616dae1004bd3207609eba0
hash of onnx/gpu type 93ec4df1dfa8c640f7f308e3bb5f047cc3264ceea616dae1004bd3207609eba0
INFO [/home/jihun/work/VoLoAgent/.worktrees/g1-harness-native/gear_sonic_deploy/src/TRTInference/InferenceEngine.cpp(35)]: Loaded engine size: 713 MiB
INFO [/home/jihun/work/VoLoAgent/.worktrees/g1-harness-native/gear_sonic_deploy/src/TRTInference/InferenceEngine.cpp(35)]: [MS] Running engine with multi stream info
INFO [/home/jihun/work/VoLoAgent/.worktrees/g1-harness-native/gear_sonic_deploy/src/TRTInference/InferenceEngine.cpp(35)]: [MS] Number of aux streams is 1
INFO [/home/jihun/work/VoLoAgent/.worktrees/g1-harness-native/gear_sonic_deploy/src/TRTInference/InferenceEngine.cpp(35)]: [MS] Number of total worker streams is 2
INFO [/home/jihun/work/VoLoAgent/.worktrees/g1-harness-native/gear_sonic_deploy/src/TRTInference/InferenceEngine.cpp(35)]: [MS] The main stream provided by execute/enqueue calls is the first worker stream
INFO [/home/jihun/work/VoLoAgent/.worktrees/g1-harness-native/gear_sonic_deploy/src/TRTInference/InferenceEngine.cpp(35)]: [MemUsageChange] TensorRT-managed allocation in IExecutionContext creation: CPU +0, GPU +1, now: CPU 0, GPU 897 (MiB)
INFO [/home/jihun/work/VoLoAgent/.worktrees/g1-harness-native/gear_sonic_deploy/src/TRTInference/InferenceEngine.cpp(476)]: INPUT Tensor: context_mujoco_qpos [1, 4, 36]. 144 elements of type FLOAT
INFO [/home/jihun/work/VoLoAgent/.worktrees/g1-harness-native/gear_sonic_deploy/src/TRTInference/InferenceEngine.cpp(476)]: INPUT Tensor: target_vel [1]. 1 elements of type FLOAT
INFO [/home/jihun/work/VoLoAgent/.worktrees/g1-harness-native/gear_sonic_deploy/src/TRTInference/InferenceEngine.cpp(476)]: INPUT Tensor: mode [1]. 1 elements of type INT64
INFO [/home/jihun/work/VoLoAgent/.worktrees/g1-harness-native/gear_sonic_deploy/src/TRTInference/InferenceEngine.cpp(476)]: INPUT Tensor: movement_direction [1, 3]. 3 elements of type FLOAT
INFO [/home/jihun/work/VoLoAgent/.worktrees/g1-harness-native/gear_sonic_deploy/src/TRTInference/InferenceEngine.cpp(476)]: INPUT Tensor: facing_direction [1, 3]. 3 elements of type FLOAT
INFO [/home/jihun/work/VoLoAgent/.worktrees/g1-harness-native/gear_sonic_deploy/src/TRTInference/InferenceEngine.cpp(476)]: INPUT Tensor: random_seed [1]. 1 elements of type INT64
INFO [/home/jihun/work/VoLoAgent/.worktrees/g1-harness-native/gear_sonic_deploy/src/TRTInference/InferenceEngine.cpp(476)]: INPUT Tensor: has_specific_target [1, 1]. 1 elements of type INT64
INFO [/home/jihun/work/VoLoAgent/.worktrees/g1-harness-native/gear_sonic_deploy/src/TRTInference/InferenceEngine.cpp(476)]: INPUT Tensor: specific_target_positions [1, 4, 3]. 12 elements of type FLOAT
INFO [/home/jihun/work/VoLoAgent/.worktrees/g1-harness-native/gear_sonic_deploy/src/TRTInference/InferenceEngine.cpp(476)]: INPUT Tensor: specific_target_headings [1, 4]. 4 elements of type FLOAT
INFO [/home/jihun/work/VoLoAgent/.worktrees/g1-harness-native/gear_sonic_deploy/src/TRTInference/InferenceEngine.cpp(476)]: INPUT Tensor: allowed_pred_num_tokens [1, 11]. 11 elements of type INT64
INFO [/home/jihun/work/VoLoAgent/.worktrees/g1-harness-native/gear_sonic_deploy/src/TRTInference/InferenceEngine.cpp(476)]: INPUT Tensor: height [1]. 1 elements of type FLOAT
INFO [/home/jihun/work/VoLoAgent/.worktrees/g1-harness-native/gear_sonic_deploy/src/TRTInference/InferenceEngine.cpp(476)]: OUTPUT Tensor: mujoco_qpos [1, 64, 36]. 2304 elements of type FLOAT
INFO [/home/jihun/work/VoLoAgent/.worktrees/g1-harness-native/gear_sonic_deploy/src/TRTInference/InferenceEngine.cpp(476)]: OUTPUT Tensor: num_pred_frames [1]. 1 elements of type INT32
✓ Successfully converted ONNX to TRT: /home/jihun/work/GR00T-WholeBodyControl/gear_sonic_deploy/planner/target_vel/V2/planner_planner_sonic.trt
Input tensors:
  allowed_pred_num_tokens 1 11 int64
  context_mujoco_qpos 1 4 36 float
  facing_direction 1 3 float
  has_specific_target 1 1 int64
  height 1 float
  mode 1 int64
  movement_direction 1 3 float
  random_seed 1 int64
  specific_target_headings 1 4 float
  specific_target_positions 1 4 3 float
  target_vel 1 float
Output tensors:
  mujoco_qpos 1 64 36 float
  num_pred_frames 1 int32
✓ TensorRT planner model loaded successfully!
Initializing encoder observations...
✓ Initialized 12 encoder observations (total dim: 1751)

=== Observation Configuration ===
Active policy observations (runtime order):
  1. token_state (64D) [offset: 0]
  2. his_base_angular_velocity_10frame_step1 (30D) [offset: 64]
  3. his_body_joint_positions_10frame_step1 (290D) [offset: 94]
  4. his_body_joint_velocities_10frame_step1 (290D) [offset: 384]
  5. his_last_actions_10frame_step1 (290D) [offset: 674]
  6. his_gravity_dir_10frame_step1 (30D) [offset: 964]

Policy Summary:
  Total dimension: 994
  Model dimension: 994
  ✓ Dimension match: Configuration is valid!

--- Encoder Observations ---
  1. encoder_mode_4 (4D) [offset: 0]
  2. motion_joint_positions_10frame_step5 (290D) [offset: 4]
  3. motion_joint_velocities_10frame_step5 (290D) [offset: 294]
  4. motion_anchor_orientation_heading_10frame_step5 (60D) [offset: 584]
  5. motion_anchor_orientation_heading (6D) [offset: 644]
  6. motion_joint_positions_lowerbody_10frame_step5 (120D) [offset: 650]
  7. motion_joint_velocities_lowerbody_10frame_step5 (120D) [offset: 770]
  8. vr_3point_local_target (9D) [offset: 890]
  9. vr_3point_local_orn_target (12D) [offset: 899]
  10. smpl_joints_10frame_step1 (720D) [offset: 911]
  11. smpl_anchor_orientation_heading_10frame_step1 (60D) [offset: 1631]
  12. motion_joint_positions_wrists_10frame_step1 (60D) [offset: 1691]

Encoder Summary:
  Total dimension: 1751
  Model dimension: 1751
  ✓ Dimension match: Encoder configuration is valid!
================================

[ZMQEndpointInterface] Connected to 127.0.0.1:11556 topic='pose'
[ZMQEndpointInterface] Press ENTER to toggle between loaded motions and ZMQ stream
[ZMQManager] Initialized (default: PLANNER mode)
  - Host: 127.0.0.1:11556
  - Command topic: 'command' (start/stop/mode)
    Format: { start: bool, stop: bool, planner: bool }
  - Planner topic: 'planner' (movement)
  - Pose topic: 'pose' (streamed motion)
  - VR_3PT safety filter: max position step 0.03 m, max orientation step 5 deg, stop after 10 rejects
Initialized ZMQ manager
  Host: 127.0.0.1:11556
  Pose topic: pose
  Command topic: command
  Planner topic: planner
  Conflate: disabled
  Initial encoder mode: 0
[INFO] Initial VR 3-point compliance: [0.5, 0.5, 0]
[INFO] Initial hand max close ratio: 1 (1.0 = full closure allowed, 0.2 = limited)
[INFO] Keyboard controls: g/h = left hand +/- 0.1, b/v = right hand +/- 0.1 (range: 0.01-0.5)
[INFO] Keyboard controls: x/c = hand max close ratio +/- 0.1 (range: 0.2-1.0)

┌─────────────────────────────────────────────────────────────────────────────┐
│  Compliance control: DISABLED                                               │
│  Policy does not observe 'vr_3point_compliance'.                            │
│  Keyboard controls (g/h/b/v) will be ignored for this policy.               │
│  To enable, use a compliance-aware policy that observes it natively.        │
└─────────────────────────────────────────────────────────────────────────────┘

Initializing realtime debug socket
Binding to port: 11557 and topic: g1_debug
[INFO] Realtime debug socket bound to port: 11557
[ZMQ Output DEBUG] ZMQOutputHandler initialized with topics: 'g1_debug' (combined state+viz), 'robot_config' (config)
Initialized ZMQ output interface
[ZMQ Output] Robot config cached (10 fields, 645 bytes)
Total output interfaces initialized: 1
[DEBUG] G1Deploy object created successfully!
Init Done
[ZMQManager] Planner enabled
[Control] DEBUG: operator_state.start=true, transitioning to CONTROL state
Reset heading state to 0.999934, -0.00438648, 0.0106215, 2.77103e-05
Reset delta heading to 0
Reset init reference data root rotation to current frame: 0.710374, -0.013102, 0.01908, 0.703444
**********************************************************
Reference motion name: neutral_kick_R_001__A543_M
**********************************************************
[Mode Filter] Switched to mode 'g1' (ID=0) with 4 required observations
Initializing planner...
Setting planner_motion encode mode to 0
Replanning with mode: IDLE, target_height: -1, target_vel: -1, movement: [0, 0, 0], facing: [1, 0, 0]
Planner Init timing - Model: 7879us, Extract: 5us
Planner initialized
Planner initialized successfully!
[ZMQManager] Waiting for planner to be initialized
Reset heading state to 0.999947, 0.000452882, 0.00779648, -0.00670303
Reset delta heading to 0
Reset init reference data root rotation to current frame: 0.999988, 0.00194967, -0.00457797, 8.92575e-06
**********************************************************
Reference motion name: planner_motion
**********************************************************
[ZMQManager] motion name is planner_motion
Loop timing - LowState age: 1.727ms, Streaming data mean delay: 0ms, Streaming data std delay: 0ms, IMU age: 1.721ms, Obs: 605us, Policy: 506us, Obs 2 Motor Command: 1111us, Post processing: 22us, Planner - Gather Input: 0us, Model: 0us, Convert50Hz: 0us, Total: 0us | HandCloseRatio: 1
Loop timing - LowState age: 5.88ms, Streaming data mean delay: 0ms, Streaming data std delay: 0ms, IMU age: 5.867ms, Obs: 365us, Policy: 508us, Obs 2 Motor Command: 873us, Post processing: 25us, Planner - Gather Input: 0us, Model: 0us, Convert50Hz: 0us, Total: 0us | HandCloseRatio: 1
Replanning with mode: IDLE, target_height: -1, target_vel: -1, movement: [0, 0, 0], facing: [0.999985, 0.00540807, 0]
Loop timing - LowState age: 3.463ms, Streaming data mean delay: 0ms, Streaming data std delay: 0ms, IMU age: 3.454ms, Obs: 382us, Policy: 508us, Obs 2 Motor Command: 890us, Post processing: 22us, Planner - Gather Input: 41us, Model: 7563us, Convert50Hz: 6us, Total: 7611us | HandCloseRatio: 1
Loop timing - LowState age: 2.77ms, Streaming data mean delay: 0ms, Streaming data std delay: 0ms, IMU age: 2.762ms, Obs: 372us, Policy: 499us, Obs 2 Motor Command: 871us, Post processing: 24us, Planner - Gather Input: 41us, Model: 7563us, Convert50Hz: 6us, Total: 7611us | HandCloseRatio: 1
Loop timing - LowState age: 5.356ms, Streaming data mean delay: 0ms, Streaming data std delay: 0ms, IMU age: 5.333ms, Obs: 392us, Policy: 503us, Obs 2 Motor Command: 896us, Post processing: 23us, Planner - Gather Input: 41us, Model: 7563us, Convert50Hz: 6us, Total: 7611us | HandCloseRatio: 1
Replanning with mode: SLOW_WALK, target_height: -1, target_vel: 0.2, movement: [-0.999989, -0.0046359, 0], facing: [0.999989, 0.0046359, 0]
Loop timing - LowState age: 4.599ms, Streaming data mean delay: 0ms, Streaming data std delay: 0ms, IMU age: 4.591ms, Obs: 499us, Policy: 1112us, Obs 2 Motor Command: 1612us, Post processing: 27us, Planner - Gather Input: 31us, Model: 5813us, Convert50Hz: 5us, Total: 5850us | HandCloseRatio: 1
Replanning with mode: SLOW_WALK, target_height: -1, target_vel: 0.2, movement: [-0.999989, -0.0046359, 0], facing: [0.999989, 0.0046359, 0]
Replanning with mode: IDLE, target_height: -1, target_vel: -1, movement: [0, 0, 0], facing: [0.999989, 0.0046359, 0]
Replanning with mode: IDLE, target_height: -1, target_vel: -1, movement: [0, 0, 0], facing: [0.999942, -0.0107357, 0]
Replanning with mode: IDLE, target_height: -1, target_vel: -1, movement: [0, 0, 0], facing: [0.999601, -0.0282391, 0]
Replanning with mode: IDLE, target_height: -1, target_vel: -1, movement: [0, 0, 0], facing: [0.998954, -0.045727, 0]
Replanning with mode: IDLE, target_height: -1, target_vel: -1, movement: [0, 0, 0], facing: [0.998, -0.0632111, 0]
Replanning with mode: IDLE, target_height: -1, target_vel: -1, movement: [0, 0, 0], facing: [0.997117, -0.0758836, 0]
Loop timing - LowState age: 3.32ms, Streaming data mean delay: 0ms, Streaming data std delay: 0ms, IMU age: 3.316ms, Obs: 1866us, Policy: 818us, Obs 2 Motor Command: 2684us, Post processing: 28us, Planner - Gather Input: 23us, Model: 8914us, Convert50Hz: 5us, Total: 8943us | HandCloseRatio: 1
Replanning with mode: IDLE, target_height: -1, target_vel: -1, movement: [0, 0, 0], facing: [0.997425, -0.0717167, 0]
Replanning with mode: IDLE, target_height: -1, target_vel: -1, movement: [0, 0, 0], facing: [0.99752, -0.0703888, 0]
Replanning with mode: IDLE, target_height: -1, target_vel: -1, movement: [0, 0, 0], facing: [0.997546, -0.0700089, 0]
Replanning with mode: IDLE, target_height: -1, target_vel: -1, movement: [0, 0, 0], facing: [0.9976, -0.069234, 0]
Replanning with mode: IDLE, target_height: -1, target_vel: -1, movement: [0, 0, 0], facing: [0.997668, -0.068259, 0]
Replanning with mode: IDLE, target_height: -1, target_vel: -1, movement: [0, 0, 0], facing: [0.997712, -0.0676044, 0]
Replanning with mode: IDLE, target_height: -1, target_vel: -1, movement: [0, 0, 0], facing: [0.997796, -0.0663552, 0]
Replanning with mode: IDLE, target_height: -1, target_vel: -1, movement: [0, 0, 0], facing: [0.997791, -0.0664323, 0]
Replanning with mode: IDLE, target_height: -1, target_vel: -1, movement: [0, 0, 0], facing: [0.997785, -0.066522, 0]
Replanning with mode: IDLE, target_height: -1, target_vel: -1, movement: [0, 0, 0], facing: [0.997866, -0.0652929, 0]
Loop timing - LowState age: 4.864ms, Streaming data mean delay: 0ms, Streaming data std delay: 0ms, IMU age: 4.851ms, Obs: 809us, Policy: 519us, Obs 2 Motor Command: 1329us, Post processing: 27us, Planner - Gather Input: 46us, Model: 9942us, Convert50Hz: 8us, Total: 9997us | HandCloseRatio: 1
Replanning with mode: IDLE, target_height: -1, target_vel: -1, movement: [0, 0, 0], facing: [0.997929, -0.0643191, 0]
Replanning with mode: IDLE, target_height: -1, target_vel: -1, movement: [0, 0, 0], facing: [0.997969, -0.0637071, 0]
Replanning with mode: IDLE, target_height: -1, target_vel: -1, movement: [0, 0, 0], facing: [0.997988, -0.0633974, 0]
Replanning with mode: IDLE, target_height: -1, target_vel: -1, movement: [0, 0, 0], facing: [0.998021, -0.0628855, 0]
Replanning with mode: IDLE, target_height: -1, target_vel: -1, movement: [0, 0, 0], facing: [0.998062, -0.062222, 0]
Replanning with mode: IDLE, target_height: -1, target_vel: -1, movement: [0, 0, 0], facing: [0.998022, -0.0628604, 0]
Replanning with mode: IDLE, target_height: -1, target_vel: -1, movement: [0, 0, 0], facing: [0.997931, -0.0642869, 0]
Replanning with mode: IDLE, target_height: -1, target_vel: -1, movement: [0, 0, 0], facing: [0.997831, -0.0658261, 0]
Replanning with mode: IDLE, target_height: -1, target_vel: -1, movement: [0, 0, 0], facing: [0.997477, -0.0709881, 0]
Replanning with mode: IDLE, target_height: -1, target_vel: -1, movement: [0, 0, 0], facing: [0.997019, -0.0771617, 0]
Loop timing - LowState age: 3.996ms, Streaming data mean delay: 0ms, Streaming data std delay: 0ms, IMU age: 3.994ms, Obs: 633us, Policy: 766us, Obs 2 Motor Command: 1400us, Post processing: 22us, Planner - Gather Input: 24us, Model: 10008us, Convert50Hz: 5us, Total: 10038us | HandCloseRatio: 1
Replanning with mode: IDLE, target_height: -1, target_vel: -1, movement: [0, 0, 0], facing: [0.996834, -0.0795149, 0]
Replanning with mode: IDLE, target_height: -1, target_vel: -1, movement: [0, 0, 0], facing: [0.996084, -0.0884123, 0]
Replanning with mode: IDLE, target_height: -1, target_vel: -1, movement: [0, 0, 0], facing: [0.994888, -0.100983, 0]
Replanning with mode: IDLE, target_height: -1, target_vel: -1, movement: [0, 0, 0], facing: [0.99343, -0.114441, 0]
Replanning with mode: IDLE, target_height: -1, target_vel: -1, movement: [0, 0, 0], facing: [0.99214, -0.125134, 0]
Replanning with mode: IDLE, target_height: -1, target_vel: -1, movement: [0, 0, 0], facing: [0.991008, -0.133805, 0]
Replanning with mode: IDLE, target_height: -1, target_vel: -1, movement: [0, 0, 0], facing: [0.989936, -0.141516, 0]
Replanning with mode: IDLE, target_height: -1, target_vel: -1, movement: [0, 0, 0], facing: [0.988438, -0.151626, 0]
Replanning with mode: IDLE, target_height: -1, target_vel: -1, movement: [0, 0, 0], facing: [0.98625, -0.165262, 0]
Replanning with mode: IDLE, target_height: -1, target_vel: -1, movement: [0, 0, 0], facing: [0.983838, -0.179063, 0]
Loop timing - LowState age: 2.478ms, Streaming data mean delay: 0ms, Streaming data std delay: 0ms, IMU age: 2.478ms, Obs: 409us, Policy: 505us, Obs 2 Motor Command: 915us, Post processing: 21us, Planner - Gather Input: 26us, Model: 7604us, Convert50Hz: 5us, Total: 7636us | HandCloseRatio: 1
Replanning with mode: IDLE, target_height: -1, target_vel: -1, movement: [0, 0, 0], facing: [0.980919, -0.194419, 0]
Replanning with mode: IDLE, target_height: -1, target_vel: -1, movement: [0, 0, 0], facing: [0.977364, -0.211564, 0]
Replanning with mode: IDLE, target_height: -1, target_vel: -1, movement: [0, 0, 0], facing: [0.97351, -0.228645, 0]
Replanning with mode: IDLE, target_height: -1, target_vel: -1, movement: [0, 0, 0], facing: [0.971179, -0.23835, 0]
Replanning with mode: IDLE, target_height: -1, target_vel: -1, movement: [0, 0, 0], facing: [0.970255, -0.242087, 0]
Replanning with mode: IDLE, target_height: -1, target_vel: -1, movement: [0, 0, 0], facing: [0.969843, -0.243729, 0]
Replanning with mode: IDLE, target_height: -1, target_vel: -1, movement: [0, 0, 0], facing: [0.970592, -0.240732, 0]
Replanning with mode: IDLE, target_height: -1, target_vel: -1, movement: [0, 0, 0], facing: [0.97093, -0.239363, 0]
Replanning with mode: IDLE, target_height: -1, target_vel: -1, movement: [0, 0, 0], facing: [0.971253, -0.238049, 0]
Replanning with mode: IDLE, target_height: -1, target_vel: -1, movement: [0, 0, 0], facing: [0.971747, -0.236025, 0]
Loop timing - LowState age: 1.953ms, Streaming data mean delay: 0ms, Streaming data std delay: 0ms, IMU age: 1.945ms, Obs: 1037us, Policy: 814us, Obs 2 Motor Command: 1852us, Post processing: 32us, Planner - Gather Input: 22us, Model: 9791us, Convert50Hz: 5us, Total: 9820us | HandCloseRatio: 1
Replanning with mode: IDLE, target_height: -1, target_vel: -1, movement: [0, 0, 0], facing: [0.972142, -0.234393, 0]
Replanning with mode: IDLE, target_height: -1, target_vel: -1, movement: [0, 0, 0], facing: [0.972948, -0.231024, 0]
Replanning with mode: IDLE, target_height: -1, target_vel: -1, movement: [0, 0, 0], facing: [0.973921, -0.226889, 0]
Replanning with mode: IDLE, target_height: -1, target_vel: -1, movement: [0, 0, 0], facing: [0.97437, -0.224952, 0]
Replanning with mode: IDLE, target_height: -1, target_vel: -1, movement: [0, 0, 0], facing: [0.975799, -0.21867, 0]
Replanning with mode: IDLE, target_height: -1, target_vel: -1, movement: [0, 0, 0], facing: [0.976469, -0.215657, 0]
Replanning with mode: IDLE, target_height: -1, target_vel: -1, movement: [0, 0, 0], facing: [0.976562, -0.215238, 0]
Replanning with mode: IDLE, target_height: -1, target_vel: -1, movement: [0, 0, 0], facing: [0.976524, -0.215407, 0]
Replanning with mode: IDLE, target_height: -1, target_vel: -1, movement: [0, 0, 0], facing: [0.976484, -0.215592, 0]
Replanning with mode: IDLE, target_height: -1, target_vel: -1, movement: [0, 0, 0], facing: [0.976579, -0.215158, 0]
Loop timing - LowState age: 3.705ms, Streaming data mean delay: 0ms, Streaming data std delay: 0ms, IMU age: 3.694ms, Obs: 800us, Policy: 705us, Obs 2 Motor Command: 1505us, Post processing: 22us, Planner - Gather Input: 39us, Model: 7785us, Convert50Hz: 5us, Total: 7830us | HandCloseRatio: 1
Replanning with mode: IDLE, target_height: -1, target_vel: -1, movement: [0, 0, 0], facing: [0.976888, -0.213751, 0]
Replanning with mode: IDLE, target_height: -1, target_vel: -1, movement: [0, 0, 0], facing: [0.977335, -0.211699, 0]
Replanning with mode: IDLE, target_height: -1, target_vel: -1, movement: [0, 0, 0], facing: [0.977709, -0.209966, 0]
Replanning with mode: IDLE, target_height: -1, target_vel: -1, movement: [0, 0, 0], facing: [0.977916, -0.209, 0]
Replanning with mode: IDLE, target_height: -1, target_vel: -1, movement: [0, 0, 0], facing: [0.978033, -0.208448, 0]
Replanning with mode: IDLE, target_height: -1, target_vel: -1, movement: [0, 0, 0], facing: [0.97798, -0.208699, 0]
Replanning with mode: IDLE, target_height: -1, target_vel: -1, movement: [0, 0, 0], facing: [0.977535, -0.210775, 0]
Replanning with mode: IDLE, target_height: -1, target_vel: -1, movement: [0, 0, 0], facing: [0.976837, -0.213985, 0]
Replanning with mode: IDLE, target_height: -1, target_vel: -1, movement: [0, 0, 0], facing: [0.97555, -0.219779, 0]
Replanning with mode: IDLE, target_height: -1, target_vel: -1, movement: [0, 0, 0], facing: [0.974745, -0.223321, 0]
Loop timing - LowState age: 4.061ms, Streaming data mean delay: 0ms, Streaming data std delay: 0ms, IMU age: 4.054ms, Obs: 2145us, Policy: 754us, Obs 2 Motor Command: 2899us, Post processing: 28us, Planner - Gather Input: 25us, Model: 8842us, Convert50Hz: 5us, Total: 8873us | HandCloseRatio: 1
Replanning with mode: IDLE, target_height: -1, target_vel: -1, movement: [0, 0, 0], facing: [0.974355, -0.225016, 0]
Replanning with mode: IDLE, target_height: -1, target_vel: -1, movement: [0, 0, 0], facing: [0.974104, -0.2261, 0]
Replanning with mode: IDLE, target_height: -1, target_vel: -1, movement: [0, 0, 0], facing: [0.974191, -0.225726, 0]
Replanning with mode: IDLE, target_height: -1, target_vel: -1, movement: [0, 0, 0], facing: [0.973966, -0.226692, 0]
Replanning with mode: IDLE, target_height: -1, target_vel: -1, movement: [0, 0, 0], facing: [0.974005, -0.226528, 0]
Replanning with mode: IDLE, target_height: -1, target_vel: -1, movement: [0, 0, 0], facing: [0.974184, -0.225756, 0]
Replanning with mode: IDLE, target_height: -1, target_vel: -1, movement: [0, 0, 0], facing: [0.97401, -0.226503, 0]
Replanning with mode: IDLE, target_height: -1, target_vel: -1, movement: [0, 0, 0], facing: [0.973864, -0.227131, 0]
Replanning with mode: IDLE, target_height: -1, target_vel: -1, movement: [0, 0, 0], facing: [0.973659, -0.228008, 0]
Replanning with mode: IDLE, target_height: -1, target_vel: -1, movement: [0, 0, 0], facing: [0.973706, -0.227809, 0]
Loop timing - LowState age: 8.037ms, Streaming data mean delay: 0ms, Streaming data std delay: 0ms, IMU age: 8.031ms, Obs: 2254us, Policy: 840us, Obs 2 Motor Command: 3095us, Post processing: 21us, Planner - Gather Input: 30us, Model: 7811us, Convert50Hz: 5us, Total: 7846us | HandCloseRatio: 1
Replanning with mode: IDLE, target_height: -1, target_vel: -1, movement: [0, 0, 0], facing: [0.973886, -0.227038, 0]
Replanning with mode: IDLE, target_height: -1, target_vel: -1, movement: [0, 0, 0], facing: [0.974127, -0.226, 0]
Replanning with mode: IDLE, target_height: -1, target_vel: -1, movement: [0, 0, 0], facing: [0.974299, -0.22526, 0]
Replanning with mode: IDLE, target_height: -1, target_vel: -1, movement: [0, 0, 0], facing: [0.97498, -0.222292, 0]
Replanning with mode: IDLE, target_height: -1, target_vel: -1, movement: [0, 0, 0], facing: [0.976774, -0.214272, 0]
Replanning with mode: IDLE, target_height: -1, target_vel: -1, movement: [0, 0, 0], facing: [0.977522, -0.210832, 0]
Replanning with mode: IDLE, target_height: -1, target_vel: -1, movement: [0, 0, 0], facing: [0.992935, -0.118658, 0]
Loop timing - LowState age: 6.432ms, Streaming data mean delay: 0ms, Streaming data std delay: 0ms, IMU age: 6.42ms, Obs: 976us, Policy: 775us, Obs 2 Motor Command: 1752us, Post processing: 50us, Planner - Gather Input: 35us, Model: 6730us, Convert50Hz: 5us, Total: 6771us | HandCloseRatio: 1
[ZMQManager] EMERGENCY STOP (O/o)
[DEBUG] Stopping G1Deploy...
Stop
[DEBUG] Waiting for cleanup...
[DEBUG] Program exiting normally...
