[DEBUG] Program starting...
[DEBUG] Arguments validated...
[INFO] Using encoder file: /home/jihun/work/GR00T-WholeBodyControl/gear_sonic_deploy/policy/sonic_v1_1/model_encoder.onnx
[INFO] Using planner file: /home/jihun/work/GR00T-WholeBodyControl/gear_sonic_deploy/planner/target_vel/V2/planner_sonic.onnx
[INFO] Using observation config: /home/jihun/work/GR00T-WholeBodyControl/gear_sonic_deploy/policy/sonic_v1_1/observation_config.yaml
[INFO] Using input type: zmq_manager
[INFO] Using output type: zmq
[INFO] CRC checking disabled for MuJoCo simulation
[INFO] Using logs directory: /tmp/g1-native-turn-negative-zero-20261006/controller
[DEBUG] Creating G1Deploy object...
1791266418.852942 [0] g1_deploy_: selected interface "lo" is not multicast-capable: disabling multicast
Reading motion data from CSV files in: /home/jihun/work/GR00T-WholeBodyControl/gear_sonic_deploy/reference/example
Found 13 motion folders
✓ Loaded neutral_kick_R_001__A543_M (165 timesteps)
✓ Loaded walking_quip_360_R_002__A428 (455 timesteps)
✓ Loaded squat_001__A359 (424 timesteps)
✓ Loaded tired_one_leg_jumping_R_001__A359_M (500 timesteps)
✓ Loaded dance_in_da_party_001__A464_M (497 timesteps)
✓ Loaded forward_lunge_R_001__A359_M (399 timesteps)
✓ Loaded dance_in_da_party_001__A464 (497 timesteps)
✓ Loaded macarena_001__A545 (1375 timesteps)
✓ Loaded tired_one_leg_jumping_R_001__A359 (500 timesteps)
✓ Loaded walking_quip_360_R_002__A428_M (455 timesteps)
✓ Loaded neutral_kick_R_001__A543 (165 timesteps)
✓ Loaded macarena_001__A545_M (1375 timesteps)
✓ Loaded tired_forward_lunge_R_001__A359_M (810 timesteps)
✓ Motion data loaded successfully!
Started with motion: neutral_kick_R_001__A543_M (paused at frame 0)
Loading policy model...
hash value in file 440e58fad5e2b2fb1863b5f5279dbc4fd0249124d35af832ae0a63898c76711f
hash of onnx/gpu type 440e58fad5e2b2fb1863b5f5279dbc4fd0249124d35af832ae0a63898c76711f
INFO [/home/jihun/work/VoLoAgent/.worktrees/g1-harness-native/gear_sonic_deploy/src/TRTInference/InferenceEngine.cpp(35)]: Loaded engine size: 143 MiB
INFO [/home/jihun/work/VoLoAgent/.worktrees/g1-harness-native/gear_sonic_deploy/src/TRTInference/InferenceEngine.cpp(35)]: [MemUsageChange] TensorRT-managed allocation in IExecutionContext creation: CPU +0, GPU +0, now: CPU 0, GPU 142 (MiB)
INFO [/home/jihun/work/VoLoAgent/.worktrees/g1-harness-native/gear_sonic_deploy/src/TRTInference/InferenceEngine.cpp(476)]: INPUT Tensor: obs_dict [1, 994]. 994 elements of type FLOAT
INFO [/home/jihun/work/VoLoAgent/.worktrees/g1-harness-native/gear_sonic_deploy/src/TRTInference/InferenceEngine.cpp(476)]: OUTPUT Tensor: action [1, 29]. 29 elements of type FLOAT
✓ Successfully converted ONNX to TRT: /home/jihun/work/GR00T-WholeBodyControl/gear_sonic_deploy/policy/sonic_v1_1/policy_model_decoder.trt
✓ Policy engine initialized successfully!
  Model: /home/jihun/work/GR00T-WholeBodyControl/gear_sonic_deploy/policy/sonic_v1_1/model_decoder.onnx
  Input dimension: 994
  Action dimension: 29
  Input tensor: obs_dict
  Output tensor: action
  Precision: FP32
Capturing control policy CUDA graph...
✓ Control policy CUDA graph captured successfully!
✓ Policy model loaded successfully!
Loading observation configuration...
Using observation config file: /home/jihun/work/GR00T-WholeBodyControl/gear_sonic_deploy/policy/sonic_v1_1/observation_config.yaml
Parsing observation config file: /home/jihun/work/GR00T-WholeBodyControl/gear_sonic_deploy/policy/sonic_v1_1/observation_config.yaml
Found observations section at line 9
  Parsed observation: token_state -> enabled
  Parsed observation: his_base_angular_velocity_10frame_step1 -> enabled
  Parsed observation: his_body_joint_positions_10frame_step1 -> enabled
  Parsed observation: his_body_joint_velocities_10frame_step1 -> enabled
  Parsed observation: his_last_actions_10frame_step1 -> enabled
  Parsed observation: his_gravity_dir_10frame_step1 -> enabled
Found encoder section at line 23
  Encoder dimension: 64
  Encoder use_fp16: false
  Found encoder_observations subsection
    Encoder obs: encoder_mode_4 -> enabled
    Encoder obs: motion_joint_positions_10frame_step5 -> enabled
    Encoder obs: motion_joint_velocities_10frame_step5 -> enabled
    Encoder obs: motion_anchor_orientation_heading_10frame_step5 -> enabled
    Encoder obs: motion_anchor_orientation_heading -> enabled
    Encoder obs: motion_joint_positions_lowerbody_10frame_step5 -> enabled
    Encoder obs: motion_joint_velocities_lowerbody_10frame_step5 -> enabled
    Encoder obs: vr_3point_local_target -> enabled
    Encoder obs: vr_3point_local_orn_target -> enabled
    Encoder obs: smpl_joints_10frame_step1 -> enabled
    Encoder obs: smpl_anchor_orientation_heading_10frame_step1 -> enabled
    Encoder obs: motion_joint_positions_wrists_10frame_step1 -> enabled
  Found encoder_modes subsection (after encoder_observations)
    Found mode: g1
      Mode ID: 0
      Found required_observations for mode g1
        - encoder_mode_4
        - motion_joint_positions_10frame_step5
        - motion_joint_velocities_10frame_step5
        - motion_anchor_orientation_heading_10frame_step5
    Saved mode 'g1' with 4 observations
    Found mode: teleop
      Mode ID: 1
      Found required_observations for mode teleop
        - encoder_mode_4
        - motion_joint_positions_lowerbody_10frame_step5
        - motion_joint_velocities_lowerbody_10frame_step5
        - vr_3point_local_target
        - vr_3point_local_orn_target
        - motion_anchor_orientation_heading
    Saved mode 'teleop' with 6 observations
    Found mode: smpl
      Mode ID: 2
      Found required_observations for mode smpl
        - encoder_mode_4
        - smpl_joints_10frame_step1
        - smpl_anchor_orientation_heading_10frame_step1
        - motion_joint_positions_wrists_10frame_step1
    Saved mode 'smpl' with 4 observations
✓ Token state observation validated with encoder configuration
Successfully parsed 6 observations
Encoder config found with 12 input observations
✓ Token state buffer initialized (size: 64)
Initializing encoder...
Loading encoder model...
hash value in file 90ed9925d6f62fc7894b8ee8f8a2145352570e5348ba867b839ac99e0d29932c
hash of onnx/gpu type 90ed9925d6f62fc7894b8ee8f8a2145352570e5348ba867b839ac99e0d29932c
INFO [/home/jihun/work/VoLoAgent/.worktrees/g1-harness-native/gear_sonic_deploy/src/TRTInference/InferenceEngine.cpp(35)]: Loaded engine size: 47 MiB
INFO [/home/jihun/work/VoLoAgent/.worktrees/g1-harness-native/gear_sonic_deploy/src/TRTInference/InferenceEngine.cpp(35)]: [MS] Running engine with multi stream info
INFO [/home/jihun/work/VoLoAgent/.worktrees/g1-harness-native/gear_sonic_deploy/src/TRTInference/InferenceEngine.cpp(35)]: [MS] Number of aux streams is 2
INFO [/home/jihun/work/VoLoAgent/.worktrees/g1-harness-native/gear_sonic_deploy/src/TRTInference/InferenceEngine.cpp(35)]: [MS] Number of total worker streams is 3
INFO [/home/jihun/work/VoLoAgent/.worktrees/g1-harness-native/gear_sonic_deploy/src/TRTInference/InferenceEngine.cpp(35)]: [MS] The main stream provided by execute/enqueue calls is the first worker stream
INFO [/home/jihun/work/VoLoAgent/.worktrees/g1-harness-native/gear_sonic_deploy/src/TRTInference/InferenceEngine.cpp(35)]: [MemUsageChange] TensorRT-managed allocation in IExecutionContext creation: CPU +0, GPU +0, now: CPU 0, GPU 189 (MiB)
INFO [/home/jihun/work/VoLoAgent/.worktrees/g1-harness-native/gear_sonic_deploy/src/TRTInference/InferenceEngine.cpp(476)]: INPUT Tensor: obs_dict [1, 1751]. 1751 elements of type FLOAT
INFO [/home/jihun/work/VoLoAgent/.worktrees/g1-harness-native/gear_sonic_deploy/src/TRTInference/InferenceEngine.cpp(476)]: OUTPUT Tensor: encoded_tokens [1, 64]. 64 elements of type FLOAT
✓ Encoder initialized successfully!
  Model: /home/jihun/work/GR00T-WholeBodyControl/gear_sonic_deploy/policy/sonic_v1_1/model_encoder.onnx
  Input dimension: 1751
  Token dimension: 64
  Input tensor: obs_dict
  Output tensor: encoded_tokens
Capturing encoder CUDA graph...
✓ Encoder CUDA graph captured successfully!
✓ Encoder model loaded successfully!
Setting encode_mode for 13 loaded reference motions...
  Motion 'neutral_kick_R_001__A543_M' encode_mode set to: 0
  Motion 'walking_quip_360_R_002__A428' encode_mode set to: 0
  Motion 'squat_001__A359' encode_mode set to: 0
  Motion 'tired_one_leg_jumping_R_001__A359_M' encode_mode set to: 0
  Motion 'dance_in_da_party_001__A464_M' encode_mode set to: 0
  Motion 'forward_lunge_R_001__A359_M' encode_mode set to: 0
  Motion 'dance_in_da_party_001__A464' encode_mode set to: 0
  Motion 'macarena_001__A545' encode_mode set to: 0
  Motion 'tired_one_leg_jumping_R_001__A359' encode_mode set to: 0
  Motion 'walking_quip_360_R_002__A428_M' encode_mode set to: 0
  Motion 'neutral_kick_R_001__A543' encode_mode set to: 0
  Motion 'macarena_001__A545_M' encode_mode set to: 0
  Motion 'tired_forward_lunge_R_001__A359_M' encode_mode set to: 0
Planner motion encode_mode set to: 0
LocalMotionPlannerBase constructor
config_.version: 2
config_.motion_look_ahead_steps: 2
config_.default_height: 0.78874
config_.initial_random_seed: 1234
Available modes number: 27
Initialize Engine...
hash value in file 93ec4df1dfa8c640f7f308e3bb5f047cc3264ceea616dae1004bd3207609eba0
hash of onnx/gpu type 93ec4df1dfa8c640f7f308e3bb5f047cc3264ceea616dae1004bd3207609eba0
INFO [/home/jihun/work/VoLoAgent/.worktrees/g1-harness-native/gear_sonic_deploy/src/TRTInference/InferenceEngine.cpp(35)]: Loaded engine size: 713 MiB
INFO [/home/jihun/work/VoLoAgent/.worktrees/g1-harness-native/gear_sonic_deploy/src/TRTInference/InferenceEngine.cpp(35)]: [MS] Running engine with multi stream info
INFO [/home/jihun/work/VoLoAgent/.worktrees/g1-harness-native/gear_sonic_deploy/src/TRTInference/InferenceEngine.cpp(35)]: [MS] Number of aux streams is 1
INFO [/home/jihun/work/VoLoAgent/.worktrees/g1-harness-native/gear_sonic_deploy/src/TRTInference/InferenceEngine.cpp(35)]: [MS] Number of total worker streams is 2
INFO [/home/jihun/work/VoLoAgent/.worktrees/g1-harness-native/gear_sonic_deploy/src/TRTInference/InferenceEngine.cpp(35)]: [MS] The main stream provided by execute/enqueue calls is the first worker stream
INFO [/home/jihun/work/VoLoAgent/.worktrees/g1-harness-native/gear_sonic_deploy/src/TRTInference/InferenceEngine.cpp(35)]: [MemUsageChange] TensorRT-managed allocation in IExecutionContext creation: CPU +0, GPU +1, now: CPU 0, GPU 897 (MiB)
INFO [/home/jihun/work/VoLoAgent/.worktrees/g1-harness-native/gear_sonic_deploy/src/TRTInference/InferenceEngine.cpp(476)]: INPUT Tensor: context_mujoco_qpos [1, 4, 36]. 144 elements of type FLOAT
INFO [/home/jihun/work/VoLoAgent/.worktrees/g1-harness-native/gear_sonic_deploy/src/TRTInference/InferenceEngine.cpp(476)]: INPUT Tensor: target_vel [1]. 1 elements of type FLOAT
INFO [/home/jihun/work/VoLoAgent/.worktrees/g1-harness-native/gear_sonic_deploy/src/TRTInference/InferenceEngine.cpp(476)]: INPUT Tensor: mode [1]. 1 elements of type INT64
INFO [/home/jihun/work/VoLoAgent/.worktrees/g1-harness-native/gear_sonic_deploy/src/TRTInference/InferenceEngine.cpp(476)]: INPUT Tensor: movement_direction [1, 3]. 3 elements of type FLOAT
INFO [/home/jihun/work/VoLoAgent/.worktrees/g1-harness-native/gear_sonic_deploy/src/TRTInference/InferenceEngine.cpp(476)]: INPUT Tensor: facing_direction [1, 3]. 3 elements of type FLOAT
INFO [/home/jihun/work/VoLoAgent/.worktrees/g1-harness-native/gear_sonic_deploy/src/TRTInference/InferenceEngine.cpp(476)]: INPUT Tensor: random_seed [1]. 1 elements of type INT64
INFO [/home/jihun/work/VoLoAgent/.worktrees/g1-harness-native/gear_sonic_deploy/src/TRTInference/InferenceEngine.cpp(476)]: INPUT Tensor: has_specific_target [1, 1]. 1 elements of type INT64
INFO [/home/jihun/work/VoLoAgent/.worktrees/g1-harness-native/gear_sonic_deploy/src/TRTInference/InferenceEngine.cpp(476)]: INPUT Tensor: specific_target_positions [1, 4, 3]. 12 elements of type FLOAT
INFO [/home/jihun/work/VoLoAgent/.worktrees/g1-harness-native/gear_sonic_deploy/src/TRTInference/InferenceEngine.cpp(476)]: INPUT Tensor: specific_target_headings [1, 4]. 4 elements of type FLOAT
INFO [/home/jihun/work/VoLoAgent/.worktrees/g1-harness-native/gear_sonic_deploy/src/TRTInference/InferenceEngine.cpp(476)]: INPUT Tensor: allowed_pred_num_tokens [1, 11]. 11 elements of type INT64
INFO [/home/jihun/work/VoLoAgent/.worktrees/g1-harness-native/gear_sonic_deploy/src/TRTInference/InferenceEngine.cpp(476)]: INPUT Tensor: height [1]. 1 elements of type FLOAT
INFO [/home/jihun/work/VoLoAgent/.worktrees/g1-harness-native/gear_sonic_deploy/src/TRTInference/InferenceEngine.cpp(476)]: OUTPUT Tensor: mujoco_qpos [1, 64, 36]. 2304 elements of type FLOAT
INFO [/home/jihun/work/VoLoAgent/.worktrees/g1-harness-native/gear_sonic_deploy/src/TRTInference/InferenceEngine.cpp(476)]: OUTPUT Tensor: num_pred_frames [1]. 1 elements of type INT32
✓ Successfully converted ONNX to TRT: /home/jihun/work/GR00T-WholeBodyControl/gear_sonic_deploy/planner/target_vel/V2/planner_planner_sonic.trt
Input tensors:
  allowed_pred_num_tokens 1 11 int64
  context_mujoco_qpos 1 4 36 float
  facing_direction 1 3 float
  has_specific_target 1 1 int64
  height 1 float
  mode 1 int64
  movement_direction 1 3 float
  random_seed 1 int64
  specific_target_headings 1 4 float
  specific_target_positions 1 4 3 float
  target_vel 1 float
Output tensors:
  mujoco_qpos 1 64 36 float
  num_pred_frames 1 int32
✓ TensorRT planner model loaded successfully!
Initializing encoder observations...
✓ Initialized 12 encoder observations (total dim: 1751)

=== Observation Configuration ===
Active policy observations (runtime order):
  1. token_state (64D) [offset: 0]
  2. his_base_angular_velocity_10frame_step1 (30D) [offset: 64]
  3. his_body_joint_positions_10frame_step1 (290D) [offset: 94]
  4. his_body_joint_velocities_10frame_step1 (290D) [offset: 384]
  5. his_last_actions_10frame_step1 (290D) [offset: 674]
  6. his_gravity_dir_10frame_step1 (30D) [offset: 964]

Policy Summary:
  Total dimension: 994
  Model dimension: 994
  ✓ Dimension match: Configuration is valid!

--- Encoder Observations ---
  1. encoder_mode_4 (4D) [offset: 0]
  2. motion_joint_positions_10frame_step5 (290D) [offset: 4]
  3. motion_joint_velocities_10frame_step5 (290D) [offset: 294]
  4. motion_anchor_orientation_heading_10frame_step5 (60D) [offset: 584]
  5. motion_anchor_orientation_heading (6D) [offset: 644]
  6. motion_joint_positions_lowerbody_10frame_step5 (120D) [offset: 650]
  7. motion_joint_velocities_lowerbody_10frame_step5 (120D) [offset: 770]
  8. vr_3point_local_target (9D) [offset: 890]
  9. vr_3point_local_orn_target (12D) [offset: 899]
  10. smpl_joints_10frame_step1 (720D) [offset: 911]
  11. smpl_anchor_orientation_heading_10frame_step1 (60D) [offset: 1631]
  12. motion_joint_positions_wrists_10frame_step1 (60D) [offset: 1691]

Encoder Summary:
  Total dimension: 1751
  Model dimension: 1751
  ✓ Dimension match: Encoder configuration is valid!
================================

[ZMQEndpointInterface] Connected to 127.0.0.1:11556 topic='pose'
[ZMQEndpointInterface] Press ENTER to toggle between loaded motions and ZMQ stream
[ZMQManager] Initialized (default: PLANNER mode)
  - Host: 127.0.0.1:11556
  - Command topic: 'command' (start/stop/mode)
    Format: { start: bool, stop: bool, planner: bool }
  - Planner topic: 'planner' (movement)
  - Pose topic: 'pose' (streamed motion)
  - VR_3PT safety filter: max position step 0.03 m, max orientation step 5 deg, stop after 10 rejects
Initialized ZMQ manager
  Host: 127.0.0.1:11556
  Pose topic: pose
  Command topic: command
  Planner topic: planner
  Conflate: disabled
  Initial encoder mode: 0
[INFO] Initial VR 3-point compliance: [0.5, 0.5, 0]
[INFO] Initial hand max close ratio: 1 (1.0 = full closure allowed, 0.2 = limited)
[INFO] Keyboard controls: g/h = left hand +/- 0.1, b/v = right hand +/- 0.1 (range: 0.01-0.5)
[INFO] Keyboard controls: x/c = hand max close ratio +/- 0.1 (range: 0.2-1.0)

┌─────────────────────────────────────────────────────────────────────────────┐
│  Compliance control: DISABLED                                               │
│  Policy does not observe 'vr_3point_compliance'.                            │
│  Keyboard controls (g/h/b/v) will be ignored for this policy.               │
│  To enable, use a compliance-aware policy that observes it natively.        │
└─────────────────────────────────────────────────────────────────────────────┘

Initializing realtime debug socket
Binding to port: 11557 and topic: g1_debug
[INFO] Realtime debug socket bound to port: 11557
[ZMQ Output DEBUG] ZMQOutputHandler initialized with topics: 'g1_debug' (combined state+viz), 'robot_config' (config)
Initialized ZMQ output interface
[ZMQ Output] Robot config cached (10 fields, 645 bytes)
Total output interfaces initialized: 1
[DEBUG] G1Deploy object created successfully!
Init Done
[ZMQManager] Planner enabled
[Control] DEBUG: operator_state.start=true, transitioning to CONTROL state
Reset heading state to 0.999934, -0.00419537, 0.0106789, 5.3621e-05
Reset delta heading to 0
Reset init reference data root rotation to current frame: 0.710374, -0.013102, 0.01908, 0.703444
**********************************************************
Reference motion name: neutral_kick_R_001__A543_M
**********************************************************
[Mode Filter] Switched to mode 'g1' (ID=0) with 4 required observations
Initializing planner...
Setting planner_motion encode mode to 0
Replanning with mode: IDLE, target_height: -1, target_vel: -1, movement: [0, 0, 0], facing: [1, 0, 0]
Planner Init timing - Model: 5944us, Extract: 5us
Planner initialized
Planner initialized successfully!
Reset heading state to 0.999888, 0.000734638, 0.0149736, -0.000392769
Reset delta heading to 0
Reset init reference data root rotation to current frame: 0.999985, 0.00178571, -0.0051448, 9.18702e-06
**********************************************************
Reference motion name: planner_motion
**********************************************************
[ZMQManager] Waiting for planner to be initialized
[ZMQManager] motion name is planner_motion
Loop timing - LowState age: 2.641ms, Streaming data mean delay: 0ms, Streaming data std delay: 0ms, IMU age: 2.637ms, Obs: 402us, Policy: 577us, Obs 2 Motor Command: 980us, Post processing: 27us, Planner - Gather Input: 0us, Model: 0us, Convert50Hz: 0us, Total: 0us | HandCloseRatio: 1
Loop timing - LowState age: 1.176ms, Streaming data mean delay: 0ms, Streaming data std delay: 0ms, IMU age: 1.174ms, Obs: 390us, Policy: 575us, Obs 2 Motor Command: 966us, Post processing: 26us, Planner - Gather Input: 0us, Model: 0us, Convert50Hz: 0us, Total: 0us | HandCloseRatio: 1
Replanning with mode: IDLE, target_height: -1, target_vel: -1, movement: [0, 0, 0], facing: [0.999986, -0.0053562, 0]
Loop timing - LowState age: 3.589ms, Streaming data mean delay: 0ms, Streaming data std delay: 0ms, IMU age: 3.592ms, Obs: 359us, Policy: 495us, Obs 2 Motor Command: 855us, Post processing: 21us, Planner - Gather Input: 28us, Model: 5713us, Convert50Hz: 4us, Total: 5746us | HandCloseRatio: 1
Loop timing - LowState age: 1.92ms, Streaming data mean delay: 0ms, Streaming data std delay: 0ms, IMU age: 1.933ms, Obs: 351us, Policy: 595us, Obs 2 Motor Command: 946us, Post processing: 22us, Planner - Gather Input: 28us, Model: 5713us, Convert50Hz: 4us, Total: 5746us | HandCloseRatio: 1
Loop timing - LowState age: 4.854ms, Streaming data mean delay: 0ms, Streaming data std delay: 0ms, IMU age: 4.853ms, Obs: 371us, Policy: 495us, Obs 2 Motor Command: 866us, Post processing: 31us, Planner - Gather Input: 28us, Model: 5713us, Convert50Hz: 4us, Total: 5746us | HandCloseRatio: 1
Replanning with mode: SLOW_WALK, target_height: -1, target_vel: 0.2, movement: [-0.999967, 0.0081473, 0], facing: [0.999967, -0.0081473, 0]
Loop timing - LowState age: 4.026ms, Streaming data mean delay: 0ms, Streaming data std delay: 0ms, IMU age: 3.979ms, Obs: 1884us, Policy: 494us, Obs 2 Motor Command: 2378us, Post processing: 27us, Planner - Gather Input: 31us, Model: 5324us, Convert50Hz: 6us, Total: 5361us | HandCloseRatio: 1
Replanning with mode: SLOW_WALK, target_height: -1, target_vel: 0.2, movement: [-0.999967, 0.0081473, 0], facing: [0.999967, -0.0081473, 0]
Replanning with mode: IDLE, target_height: -1, target_vel: -1, movement: [0, 0, 0], facing: [0.999967, -0.0081473, 0]
Replanning with mode: IDLE, target_height: -1, target_vel: -1, movement: [0, 0, 0], facing: [0.99976, -0.0219128, 0]
Replanning with mode: IDLE, target_height: -1, target_vel: -1, movement: [0, 0, 0], facing: [0.999223, -0.0394179, 0]
Loop timing - LowState age: 4.924ms, Streaming data mean delay: 0ms, Streaming data std delay: 0ms, IMU age: 4.921ms, Obs: 521us, Policy: 644us, Obs 2 Motor Command: 1166us, Post processing: 34us, Planner - Gather Input: 33us, Model: 5296us, Convert50Hz: 13us, Total: 5343us | HandCloseRatio: 1
Replanning with mode: IDLE, target_height: -1, target_vel: -1, movement: [0, 0, 0], facing: [0.998379, -0.0569102, 0]
Replanning with mode: IDLE, target_height: -1, target_vel: -1, movement: [0, 0, 0], facing: [0.997229, -0.0743886, 0]
Replanning with mode: IDLE, target_height: -1, target_vel: -1, movement: [0, 0, 0], facing: [0.995774, -0.0918378, 0]
Replanning with mode: IDLE, target_height: -1, target_vel: -1, movement: [0, 0, 0], facing: [0.995333, -0.0964957, 0]
Replanning with mode: IDLE, target_height: -1, target_vel: -1, movement: [0, 0, 0], facing: [0.995669, -0.0929744, 0]
Replanning with mode: IDLE, target_height: -1, target_vel: -1, movement: [0, 0, 0], facing: [0.995731, -0.0923035, 0]
Replanning with mode: IDLE, target_height: -1, target_vel: -1, movement: [0, 0, 0], facing: [0.995839, -0.0911245, 0]
Replanning with mode: IDLE, target_height: -1, target_vel: -1, movement: [0, 0, 0], facing: [0.995766, -0.0919229, 0]
Replanning with mode: IDLE, target_height: -1, target_vel: -1, movement: [0, 0, 0], facing: [0.9956, -0.0937091, 0]
Replanning with mode: IDLE, target_height: -1, target_vel: -1, movement: [0, 0, 0], facing: [0.995345, -0.0963811, 0]
Loop timing - LowState age: 1.546ms, Streaming data mean delay: 0ms, Streaming data std delay: 0ms, IMU age: 1.545ms, Obs: 366us, Policy: 574us, Obs 2 Motor Command: 940us, Post processing: 22us, Planner - Gather Input: 27us, Model: 5738us, Convert50Hz: 5us, Total: 5771us | HandCloseRatio: 1
Replanning with mode: IDLE, target_height: -1, target_vel: -1, movement: [0, 0, 0], facing: [0.995035, -0.099525, 0]
Replanning with mode: IDLE, target_height: -1, target_vel: -1, movement: [0, 0, 0], facing: [0.994728, -0.102545, 0]
Replanning with mode: IDLE, target_height: -1, target_vel: -1, movement: [0, 0, 0], facing: [0.99445, -0.105214, 0]
Replanning with mode: IDLE, target_height: -1, target_vel: -1, movement: [0, 0, 0], facing: [0.994301, -0.106613, 0]
Replanning with mode: IDLE, target_height: -1, target_vel: -1, movement: [0, 0, 0], facing: [0.994183, -0.107703, 0]
Replanning with mode: IDLE, target_height: -1, target_vel: -1, movement: [0, 0, 0], facing: [0.99412, -0.108287, 0]
Replanning with mode: IDLE, target_height: -1, target_vel: -1, movement: [0, 0, 0], facing: [0.994104, -0.108428, 0]
Replanning with mode: IDLE, target_height: -1, target_vel: -1, movement: [0, 0, 0], facing: [0.994097, -0.108497, 0]
Replanning with mode: IDLE, target_height: -1, target_vel: -1, movement: [0, 0, 0], facing: [0.994259, -0.107002, 0]
Replanning with mode: IDLE, target_height: -1, target_vel: -1, movement: [0, 0, 0], facing: [0.994176, -0.107772, 0]
Loop timing - LowState age: 4.798ms, Streaming data mean delay: 0ms, Streaming data std delay: 0ms, IMU age: 4.796ms, Obs: 359us, Policy: 496us, Obs 2 Motor Command: 856us, Post processing: 21us, Planner - Gather Input: 24us, Model: 5451us, Convert50Hz: 5us, Total: 5481us | HandCloseRatio: 1
Replanning with mode: IDLE, target_height: -1, target_vel: -1, movement: [0, 0, 0], facing: [0.994065, -0.108785, 0]
Replanning with mode: IDLE, target_height: -1, target_vel: -1, movement: [0, 0, 0], facing: [0.993963, -0.109717, 0]
Replanning with mode: IDLE, target_height: -1, target_vel: -1, movement: [0, 0, 0], facing: [0.993831, -0.110908, 0]
Replanning with mode: IDLE, target_height: -1, target_vel: -1, movement: [0, 0, 0], facing: [0.993585, -0.113084, 0]
Replanning with mode: IDLE, target_height: -1, target_vel: -1, movement: [0, 0, 0], facing: [0.993326, -0.115337, 0]
Replanning with mode: IDLE, target_height: -1, target_vel: -1, movement: [0, 0, 0], facing: [0.993038, -0.117791, 0]
Replanning with mode: IDLE, target_height: -1, target_vel: -1, movement: [0, 0, 0], facing: [0.992891, -0.119027, 0]
Replanning with mode: IDLE, target_height: -1, target_vel: -1, movement: [0, 0, 0], facing: [0.992625, -0.121229, 0]
Replanning with mode: IDLE, target_height: -1, target_vel: -1, movement: [0, 0, 0], facing: [0.992395, -0.123094, 0]
Replanning with mode: IDLE, target_height: -1, target_vel: -1, movement: [0, 0, 0], facing: [0.992128, -0.125225, 0]
Loop timing - LowState age: 2.853ms, Streaming data mean delay: 0ms, Streaming data std delay: 0ms, IMU age: 2.845ms, Obs: 397us, Policy: 570us, Obs 2 Motor Command: 968us, Post processing: 20us, Planner - Gather Input: 21us, Model: 5760us, Convert50Hz: 6us, Total: 5788us | HandCloseRatio: 1
Replanning with mode: IDLE, target_height: -1, target_vel: -1, movement: [0, 0, 0], facing: [0.991905, -0.126981, 0]
Replanning with mode: IDLE, target_height: -1, target_vel: -1, movement: [0, 0, 0], facing: [0.991678, -0.128746, 0]
Replanning with mode: IDLE, target_height: -1, target_vel: -1, movement: [0, 0, 0], facing: [0.991457, -0.130432, 0]
Replanning with mode: IDLE, target_height: -1, target_vel: -1, movement: [0, 0, 0], facing: [0.991175, -0.132562, 0]
Replanning with mode: IDLE, target_height: -1, target_vel: -1, movement: [0, 0, 0], facing: [0.990904, -0.134574, 0]
Replanning with mode: IDLE, target_height: -1, target_vel: -1, movement: [0, 0, 0], facing: [0.990611, -0.136712, 0]
Replanning with mode: IDLE, target_height: -1, target_vel: -1, movement: [0, 0, 0], facing: [0.990287, -0.13904, 0]
Replanning with mode: IDLE, target_height: -1, target_vel: -1, movement: [0, 0, 0], facing: [0.989944, -0.141461, 0]
Replanning with mode: IDLE, target_height: -1, target_vel: -1, movement: [0, 0, 0], facing: [0.989596, -0.143875, 0]
Replanning with mode: IDLE, target_height: -1, target_vel: -1, movement: [0, 0, 0], facing: [0.989248, -0.146251, 0]
Loop timing - LowState age: 4.767ms, Streaming data mean delay: 0ms, Streaming data std delay: 0ms, IMU age: 4.754ms, Obs: 419us, Policy: 576us, Obs 2 Motor Command: 996us, Post processing: 32us, Planner - Gather Input: 29us, Model: 5732us, Convert50Hz: 5us, Total: 5768us | HandCloseRatio: 1
Replanning with mode: IDLE, target_height: -1, target_vel: -1, movement: [0, 0, 0], facing: [0.988939, -0.148322, 0]
Replanning with mode: IDLE, target_height: -1, target_vel: -1, movement: [0, 0, 0], facing: [0.988649, -0.150244, 0]
Replanning with mode: IDLE, target_height: -1, target_vel: -1, movement: [0, 0, 0], facing: [0.988346, -0.152225, 0]
Replanning with mode: IDLE, target_height: -1, target_vel: -1, movement: [0, 0, 0], facing: [0.988041, -0.15419, 0]
Replanning with mode: IDLE, target_height: -1, target_vel: -1, movement: [0, 0, 0], facing: [0.987764, -0.155954, 0]
Replanning with mode: IDLE, target_height: -1, target_vel: -1, movement: [0, 0, 0], facing: [0.987483, -0.157728, 0]
Replanning with mode: IDLE, target_height: -1, target_vel: -1, movement: [0, 0, 0], facing: [0.987221, -0.159356, 0]
Replanning with mode: IDLE, target_height: -1, target_vel: -1, movement: [0, 0, 0], facing: [0.986962, -0.160951, 0]
Replanning with mode: IDLE, target_height: -1, target_vel: -1, movement: [0, 0, 0], facing: [0.986694, -0.162587, 0]
Replanning with mode: IDLE, target_height: -1, target_vel: -1, movement: [0, 0, 0], facing: [0.986436, -0.164149, 0]
Loop timing - LowState age: 4.451ms, Streaming data mean delay: 0ms, Streaming data std delay: 0ms, IMU age: 4.409ms, Obs: 376us, Policy: 502us, Obs 2 Motor Command: 878us, Post processing: 28us, Planner - Gather Input: 25us, Model: 6836us, Convert50Hz: 4us, Total: 6866us | HandCloseRatio: 1
Replanning with mode: IDLE, target_height: -1, target_vel: -1, movement: [0, 0, 0], facing: [0.986046, -0.166472, 0]
Replanning with mode: IDLE, target_height: -1, target_vel: -1, movement: [0, 0, 0], facing: [0.985775, -0.168069, 0]
Replanning with mode: IDLE, target_height: -1, target_vel: -1, movement: [0, 0, 0], facing: [0.985531, -0.169497, 0]
Replanning with mode: IDLE, target_height: -1, target_vel: -1, movement: [0, 0, 0], facing: [0.985294, -0.170865, 0]
Replanning with mode: IDLE, target_height: -1, target_vel: -1, movement: [0, 0, 0], facing: [0.985052, -0.172257, 0]
Replanning with mode: IDLE, target_height: -1, target_vel: -1, movement: [0, 0, 0], facing: [0.984796, -0.173716, 0]
Replanning with mode: IDLE, target_height: -1, target_vel: -1, movement: [0, 0, 0], facing: [0.984504, -0.175362, 0]
Replanning with mode: IDLE, target_height: -1, target_vel: -1, movement: [0, 0, 0], facing: [0.984207, -0.177023, 0]
Replanning with mode: IDLE, target_height: -1, target_vel: -1, movement: [0, 0, 0], facing: [0.983918, -0.178622, 0]
Replanning with mode: IDLE, target_height: -1, target_vel: -1, movement: [0, 0, 0], facing: [0.983627, -0.180214, 0]
Loop timing - LowState age: 1.097ms, Streaming data mean delay: 0ms, Streaming data std delay: 0ms, IMU age: 1.093ms, Obs: 380us, Policy: 498us, Obs 2 Motor Command: 878us, Post processing: 21us, Planner - Gather Input: 28us, Model: 6058us, Convert50Hz: 7us, Total: 6094us | HandCloseRatio: 1
Replanning with mode: IDLE, target_height: -1, target_vel: -1, movement: [0, 0, 0], facing: [0.98343, -0.181288, 0]
Replanning with mode: IDLE, target_height: -1, target_vel: -1, movement: [0, 0, 0], facing: [0.983228, -0.182383, 0]
Replanning with mode: IDLE, target_height: -1, target_vel: -1, movement: [0, 0, 0], facing: [0.982996, -0.183626, 0]
Replanning with mode: IDLE, target_height: -1, target_vel: -1, movement: [0, 0, 0], facing: [0.982761, -0.18488, 0]
Replanning with mode: IDLE, target_height: -1, target_vel: -1, movement: [0, 0, 0], facing: [0.9825, -0.186261, 0]
Replanning with mode: IDLE, target_height: -1, target_vel: -1, movement: [0, 0, 0], facing: [0.982226, -0.187703, 0]
Replanning with mode: IDLE, target_height: -1, target_vel: -1, movement: [0, 0, 0], facing: [0.981952, -0.18913, 0]
Replanning with mode: IDLE, target_height: -1, target_vel: -1, movement: [0, 0, 0], facing: [0.981687, -0.190501, 0]
Replanning with mode: IDLE, target_height: -1, target_vel: -1, movement: [0, 0, 0], facing: [0.981429, -0.191828, 0]
Replanning with mode: IDLE, target_height: -1, target_vel: -1, movement: [0, 0, 0], facing: [0.981133, -0.193332, 0]
Loop timing - LowState age: 2.335ms, Streaming data mean delay: 0ms, Streaming data std delay: 0ms, IMU age: 2.331ms, Obs: 363us, Policy: 497us, Obs 2 Motor Command: 861us, Post processing: 25us, Planner - Gather Input: 20us, Model: 5827us, Convert50Hz: 13us, Total: 5861us | HandCloseRatio: 1
Replanning with mode: IDLE, target_height: -1, target_vel: -1, movement: [0, 0, 0], facing: [0.980859, -0.194721, 0]
Replanning with mode: IDLE, target_height: -1, target_vel: -1, movement: [0, 0, 0], facing: [0.980572, -0.196159, 0]
Replanning with mode: IDLE, target_height: -1, target_vel: -1, movement: [0, 0, 0], facing: [0.980317, -0.19743, 0]
Replanning with mode: IDLE, target_height: -1, target_vel: -1, movement: [0, 0, 0], facing: [0.980042, -0.198788, 0]
Replanning with mode: IDLE, target_height: -1, target_vel: -1, movement: [0, 0, 0], facing: [0.979812, -0.199922, 0]
Replanning with mode: IDLE, target_height: -1, target_vel: -1, movement: [0, 0, 0], facing: [0.979492, -0.201481, 0]
Replanning with mode: IDLE, target_height: -1, target_vel: -1, movement: [0, 0, 0], facing: [0.979171, -0.203039, 0]
Replanning with mode: IDLE, target_height: -1, target_vel: -1, movement: [0, 0, 0], facing: [0.978886, -0.204407, 0]
Replanning with mode: IDLE, target_height: -1, target_vel: -1, movement: [0, 0, 0], facing: [0.978674, -0.20542, 0]
Replanning with mode: IDLE, target_height: -1, target_vel: -1, movement: [0, 0, 0], facing: [0.978406, -0.206693, 0]
Loop timing - LowState age: 5.267ms, Streaming data mean delay: 0ms, Streaming data std delay: 0ms, IMU age: 5.268ms, Obs: 399us, Policy: 501us, Obs 2 Motor Command: 900us, Post processing: 25us, Planner - Gather Input: 28us, Model: 5432us, Convert50Hz: 5us, Total: 5466us | HandCloseRatio: 1
Replanning with mode: IDLE, target_height: -1, target_vel: -1, movement: [0, 0, 0], facing: [0.978185, -0.207738, 0]
Replanning with mode: IDLE, target_height: -1, target_vel: -1, movement: [0, 0, 0], facing: [0.9779, -0.209074, 0]
Replanning with mode: IDLE, target_height: -1, target_vel: -1, movement: [0, 0, 0], facing: [0.977609, -0.210432, 0]
Replanning with mode: IDLE, target_height: -1, target_vel: -1, movement: [0, 0, 0], facing: [0.977328, -0.211729, 0]
Replanning with mode: IDLE, target_height: -1, target_vel: -1, movement: [0, 0, 0], facing: [0.977022, -0.213137, 0]
Replanning with mode: IDLE, target_height: -1, target_vel: -1, movement: [0, 0, 0], facing: [0.976785, -0.214223, 0]
Replanning with mode: IDLE, target_height: -1, target_vel: -1, movement: [0, 0, 0], facing: [0.976565, -0.215223, 0]
Replanning with mode: IDLE, target_height: -1, target_vel: -1, movement: [0, 0, 0], facing: [0.976268, -0.216564, 0]
Replanning with mode: IDLE, target_height: -1, target_vel: -1, movement: [0, 0, 0], facing: [0.976002, -0.217761, 0]
Replanning with mode: IDLE, target_height: -1, target_vel: -1, movement: [0, 0, 0], facing: [0.975711, -0.21906, 0]
Loop timing - LowState age: 5.455ms, Streaming data mean delay: 0ms, Streaming data std delay: 0ms, IMU age: 5.419ms, Obs: 375us, Policy: 500us, Obs 2 Motor Command: 876us, Post processing: 23us, Planner - Gather Input: 25us, Model: 5734us, Convert50Hz: 8us, Total: 5769us | HandCloseRatio: 1
Replanning with mode: IDLE, target_height: -1, target_vel: -1, movement: [0, 0, 0], facing: [0.975475, -0.220108, 0]
Replanning with mode: IDLE, target_height: -1, target_vel: -1, movement: [0, 0, 0], facing: [0.975221, -0.221234, 0]
Replanning with mode: IDLE, target_height: -1, target_vel: -1, movement: [0, 0, 0], facing: [0.975021, -0.222112, 0]
Replanning with mode: IDLE, target_height: -1, target_vel: -1, movement: [0, 0, 0], facing: [0.974744, -0.223327, 0]
Replanning with mode: IDLE, target_height: -1, target_vel: -1, movement: [0, 0, 0], facing: [0.974458, -0.224568, 0]
Replanning with mode: IDLE, target_height: -1, target_vel: -1, movement: [0, 0, 0], facing: [0.974224, -0.225581, 0]
Replanning with mode: IDLE, target_height: -1, target_vel: -1, movement: [0, 0, 0], facing: [0.973971, -0.226674, 0]
Replanning with mode: IDLE, target_height: -1, target_vel: -1, movement: [0, 0, 0], facing: [0.973762, -0.22757, 0]
Replanning with mode: IDLE, target_height: -1, target_vel: -1, movement: [0, 0, 0], facing: [0.989712, -0.143073, 0]
Loop timing - LowState age: 1.331ms, Streaming data mean delay: 0ms, Streaming data std delay: 0ms, IMU age: 1.311ms, Obs: 385us, Policy: 498us, Obs 2 Motor Command: 884us, Post processing: 23us, Planner - Gather Input: 34us, Model: 5714us, Convert50Hz: 5us, Total: 5754us | HandCloseRatio: 1
Loop timing - LowState age: 2.393ms, Streaming data mean delay: 0ms, Streaming data std delay: 0ms, IMU age: 2.385ms, Obs: 367us, Policy: 498us, Obs 2 Motor Command: 866us, Post processing: 23us, Planner - Gather Input: 34us, Model: 5714us, Convert50Hz: 5us, Total: 5754us | HandCloseRatio: 1
