Connecting to PolicyServer at 127.0.0.1:15558...
Harness policy connects and prewarms on its inference worker; outputs stay paused.
[ZMQStateSubscriber] Connected to tcp://127.0.0.1:11557 (topic: g1_debug)
[92mZMQ action socket bound to tcp://127.0.0.1:11556[0m
[92mUsing embodiment tag: unitree_g1_sonic[0m
[ZMQKeyboardSubscriber] Connected to tcp://127.0.0.1:11580
Starting the policy loop with language prompt: pick drink bottle and place it on the right table
Initialized composed camera client sensor
Image latency for ego_view: 16.24 ms
Image latency for ego_view: 11.23 ms
Image latency for ego_view: 6.98 ms
Image latency for ego_view: 5.14 ms
Image latency for ego_view: 21.23 ms
Image latency for ego_view: 16.76 ms
Image latency for ego_view: 14.01 ms
Image latency for ego_view: 9.51 ms
Image latency for ego_view: 5.44 ms
Image latency for ego_view: 2.51 ms
Image latency for ego_view: 14.23 ms
Image latency for ego_view: 8.88 ms
Image latency for ego_view: 5.03 ms
Image latency for ego_view: 19.96 ms
Image latency for ego_view: 13.44 ms
Image latency for ego_view: 9.73 ms
Image latency for ego_view: 21.64 ms
Image latency for ego_view: 8.94 ms
Image latency for ego_view: 20.23 ms
Image latency for ego_view: 3.63 ms
Image latency for ego_view: 12.69 ms
Image latency for ego_view: 3.79 ms
Image latency for ego_view: 2.26 ms
Image latency for ego_view: 10.27 ms
Image latency for ego_view: 18.42 ms
Image latency for ego_view: 13.11 ms
Image latency for ego_view: 6.19 ms
Image latency for ego_view: 22.18 ms
Image latency for ego_view: 17.32 ms
Image latency for ego_view: 12.16 ms
Image latency for ego_view: 5.39 ms
Image latency for ego_view: 16.19 ms
Image latency for ego_view: 5.02 ms
Image latency for ego_view: 13.71 ms
Image latency for ego_view: 2.96 ms
Image latency for ego_view: 20.49 ms
Image latency for ego_view: 5.36 ms
Image latency for ego_view: 4.81 ms
Image latency for ego_view: 16.98 ms
Image latency for ego_view: 18.89 ms
Image latency for ego_view: 11.80 ms
Image latency for ego_view: 12.68 ms
Image latency for ego_view: 12.07 ms
Image latency for ego_view: 8.95 ms
Image latency for ego_view: 3.99 ms
Image latency for ego_view: 2.80 ms
Image latency for ego_view: 19.01 ms
Image latency for ego_view: 15.69 ms
Image latency for ego_view: 12.02 ms
Image latency for ego_view: 7.89 ms
Image latency for ego_view: 4.98 ms
Image latency for ego_view: 21.69 ms
Image latency for ego_view: 17.98 ms
Image latency for ego_view: 14.05 ms
Image latency for ego_view: 11.15 ms
Image latency for ego_view: 7.40 ms
Image latency for ego_view: 3.30 ms
Image latency for ego_view: 19.48 ms
Image latency for ego_view: 16.27 ms
Image latency for ego_view: 12.94 ms
Image latency for ego_view: 8.26 ms
Image latency for ego_view: 5.77 ms
Image latency for ego_view: 2.45 ms
Image latency for ego_view: 20.12 ms
Image latency for ego_view: 18.78 ms
Image latency for ego_view: 15.08 ms
Image latency for ego_view: 10.84 ms
Image latency for ego_view: 6.78 ms
Image latency for ego_view: 3.39 ms
Image latency for ego_view: 19.71 ms
Image latency for ego_view: 13.82 ms
Image latency for ego_view: 11.74 ms
Image latency for ego_view: 6.98 ms
Image latency for ego_view: 21.93 ms
Image latency for ego_view: 18.13 ms
Starting C++ control loop in PLANNER mode...
[92mSent ZMQ command: start control loop (planner mode)[0m
Started C++ control loop in PLANNER mode
Press 'i' to return to straight standing, then 'p' to evaluate
Note: Policy loop is paused - press 'p' to resume
[ZMQStateSubscriber] Connected to tcp://127.0.0.1:11557 (topic: g1_debug)
Image latency for ego_view: 13.53 ms
Image latency for ego_view: 10.42 ms
Image latency for ego_view: 6.82 ms
Image latency for ego_view: 22.30 ms
Image latency for ego_view: 17.86 ms
Image latency for ego_view: 12.72 ms
Image latency for ego_view: 8.18 ms
Image latency for ego_view: 4.02 ms
Image latency for ego_view: 19.75 ms
[92mSent ZMQ command: start control loop (planner mode)[0m
Image latency for ego_view: 14.14 ms
Image latency for ego_view: 9.35 ms
Image latency for ego_view: 5.99 ms
Image latency for ego_view: 22.77 ms
Image latency for ego_view: 17.24 ms
Image latency for ego_view: 14.85 ms
Image latency for ego_view: 9.11 ms
Image latency for ego_view: 5.05 ms
Image latency for ego_view: 21.26 ms
Image latency for ego_view: 17.31 ms
Image latency for ego_view: 13.45 ms
Image latency for ego_view: 9.57 ms
Image latency for ego_view: 6.46 ms
Image latency for ego_view: 3.20 ms
Image latency for ego_view: 19.76 ms
Image latency for ego_view: 15.10 ms
Image latency for ego_view: 11.21 ms
Image latency for ego_view: 7.98 ms
Image latency for ego_view: 3.06 ms
Image latency for ego_view: 19.17 ms
[92mSent ZMQ command: start control loop (pose mode)[0m
[DEBUG] No cached chunk yet, waiting...
[DEBUG] No cached chunk yet, waiting...
[DEBUG] No cached chunk yet, waiting...
[DEBUG] No cached chunk yet, waiting...
[DEBUG] No cached chunk yet, waiting...
[DEBUG] No cached chunk yet, waiting...
[DEBUG] No cached chunk yet, waiting...
[DEBUG] No cached chunk yet, waiting...
[92mNew action chunk (prompt: "pick drink bottle and place it on the right table", latency: 0.174s)[0m
Image latency for ego_view: 14.24 ms
[92mNew action chunk (prompt: "pick drink bottle and place it on the right table", latency: 0.144s)[0m
Image latency for ego_view: 11.69 ms
[92mNew action chunk (prompt: "pick drink bottle and place it on the right table", latency: 0.170s)[0m
Image latency for ego_view: 7.37 ms
[92mZMQ: Sent latent action - frame: 49, token shape: (64,)[0m
Image latency for ego_view: 2.57 ms
[92mNew action chunk (prompt: "pick drink bottle and place it on the right table", latency: 0.155s)[0m
Image latency for ego_view: 19.67 ms
Image latency for ego_view: 13.96 ms
[92mNew action chunk (prompt: "pick drink bottle and place it on the right table", latency: 0.160s)[0m
Image latency for ego_view: 9.85 ms
[92mZMQ: Sent latent action - frame: 99, token shape: (64,)[0m
Image latency for ego_view: 4.34 ms
[92mNew action chunk (prompt: "pick drink bottle and place it on the right table", latency: 0.146s)[0m
Image latency for ego_view: 21.24 ms
[92mNew action chunk (prompt: "pick drink bottle and place it on the right table", latency: 0.172s)[0m
Image latency for ego_view: 16.39 ms
[92mZMQ: Sent latent action - frame: 149, token shape: (64,)[0m
Image latency for ego_view: 11.01 ms
[92mNew action chunk (prompt: "pick drink bottle and place it on the right table", latency: 0.158s)[0m
Image latency for ego_view: 7.39 ms
Image latency for ego_view: 3.01 ms
[92mNew action chunk (prompt: "pick drink bottle and place it on the right table", latency: 0.163s)[0m
[92mZMQ: Sent latent action - frame: 199, token shape: (64,)[0m
Image latency for ego_view: 19.61 ms
Image latency for ego_view: 15.47 ms
[92mNew action chunk (prompt: "pick drink bottle and place it on the right table", latency: 0.148s)[0m
Image latency for ego_view: 10.78 ms
Image latency for ego_view: 6.82 ms
[92mNew action chunk (prompt: "pick drink bottle and place it on the right table", latency: 0.175s)[0m
[92mZMQ: Sent latent action - frame: 249, token shape: (64,)[0m
Image latency for ego_view: 3.08 ms
[92mNew action chunk (prompt: "pick drink bottle and place it on the right table", latency: 0.160s)[0m
Image latency for ego_view: 19.81 ms
Image latency for ego_view: 15.68 ms
[92mZMQ: Sent latent action - frame: 299, token shape: (64,)[0m
[92mNew action chunk (prompt: "pick drink bottle and place it on the right table", latency: 0.164s)[0m
Image latency for ego_view: 12.29 ms
Image latency for ego_view: 7.24 ms
[92mNew action chunk (prompt: "pick drink bottle and place it on the right table", latency: 0.148s)[0m
Image latency for ego_view: 3.19 ms
[92mZMQ: Sent latent action - frame: 349, token shape: (64,)[0m
Image latency for ego_view: 18.96 ms
[92mNew action chunk (prompt: "pick drink bottle and place it on the right table", latency: 0.154s)[0m
Image latency for ego_view: 14.57 ms
[92mNew action chunk (prompt: "pick drink bottle and place it on the right table", latency: 0.161s)[0m
Image latency for ego_view: 11.25 ms
[92mZMQ: Sent latent action - frame: 399, token shape: (64,)[0m
Image latency for ego_view: 7.64 ms
[92mNew action chunk (prompt: "pick drink bottle and place it on the right table", latency: 0.144s)[0m
Image latency for ego_view: 4.74 ms
Image latency for ego_view: 20.88 ms
[92mNew action chunk (prompt: "pick drink bottle and place it on the right table", latency: 0.150s)[0m
Image latency for ego_view: 18.36 ms
[92mZMQ: Sent latent action - frame: 449, token shape: (64,)[0m
Image latency for ego_view: 14.17 ms
[92mNew action chunk (prompt: "pick drink bottle and place it on the right table", latency: 0.154s)[0m
Image latency for ego_view: 9.93 ms
Image latency for ego_view: 5.06 ms
[92mNew action chunk (prompt: "pick drink bottle and place it on the right table", latency: 0.182s)[0m
[92mZMQ: Sent latent action - frame: 499, token shape: (64,)[0m
Image latency for ego_view: 20.01 ms
[92mNew action chunk (prompt: "pick drink bottle and place it on the right table", latency: 0.146s)[0m
Image latency for ego_view: 16.88 ms
Image latency for ego_view: 13.41 ms
[92mNew action chunk (prompt: "pick drink bottle and place it on the right table", latency: 0.171s)[0m
[92mZMQ: Sent latent action - frame: 549, token shape: (64,)[0m
Image latency for ego_view: 10.12 ms
Image latency for ego_view: 6.46 ms
[92mNew action chunk (prompt: "pick drink bottle and place it on the right table", latency: 0.155s)[0m
Image latency for ego_view: 2.80 ms
Image latency for ego_view: 17.89 ms
[92mZMQ: Sent latent action - frame: 599, token shape: (64,)[0m
[92mNew action chunk (prompt: "pick drink bottle and place it on the right table", latency: 0.180s)[0m
Image latency for ego_view: 14.19 ms
Image latency for ego_view: 10.31 ms
[92mNew action chunk (prompt: "pick drink bottle and place it on the right table", latency: 0.143s)[0m
Image latency for ego_view: 4.68 ms
[92mZMQ: Sent latent action - frame: 649, token shape: (64,)[0m
[92mNew action chunk (prompt: "pick drink bottle and place it on the right table", latency: 0.151s)[0m
Image latency for ego_view: 20.48 ms
Image latency for ego_view: 17.17 ms
[92mNew action chunk (prompt: "pick drink bottle and place it on the right table", latency: 0.156s)[0m
Image latency for ego_view: 13.62 ms
[92mZMQ: Sent latent action - frame: 699, token shape: (64,)[0m
Image latency for ego_view: 9.92 ms
[92mNew action chunk (prompt: "pick drink bottle and place it on the right table", latency: 0.183s)[0m
Image latency for ego_view: 4.57 ms
Image latency for ego_view: 21.08 ms
[92mNew action chunk (prompt: "pick drink bottle and place it on the right table", latency: 0.144s)[0m
[92mZMQ: Sent latent action - frame: 749, token shape: (64,)[0m
Image latency for ego_view: 16.67 ms
[92mNew action chunk (prompt: "pick drink bottle and place it on the right table", latency: 0.172s)[0m
Image latency for ego_view: 12.07 ms
Image latency for ego_view: 7.27 ms
[92mNew action chunk (prompt: "pick drink bottle and place it on the right table", latency: 0.158s)[0m
Image latency for ego_view: 3.61 ms
[92mZMQ: Sent latent action - frame: 799, token shape: (64,)[0m
Image latency for ego_view: 19.80 ms
[92mNew action chunk (prompt: "pick drink bottle and place it on the right table", latency: 0.142s)[0m
Image latency for ego_view: 14.19 ms
Image latency for ego_view: 10.77 ms
[92mNew action chunk (prompt: "pick drink bottle and place it on the right table", latency: 0.147s)[0m
[92mZMQ: Sent latent action - frame: 849, token shape: (64,)[0m
Image latency for ego_view: 6.26 ms
Image latency for ego_view: 22.54 ms
[92mNew action chunk (prompt: "pick drink bottle and place it on the right table", latency: 0.173s)[0m
Image latency for ego_view: 18.29 ms
[92mNew action chunk (prompt: "pick drink bottle and place it on the right table", latency: 0.158s)[0m
[92mZMQ: Sent latent action - frame: 899, token shape: (64,)[0m
Image latency for ego_view: 13.97 ms
Image latency for ego_view: 9.22 ms
[92mNew action chunk (prompt: "pick drink bottle and place it on the right table", latency: 0.144s)[0m
Image latency for ego_view: 4.17 ms
Image latency for ego_view: 19.79 ms
[92mZMQ: Sent latent action - frame: 949, token shape: (64,)[0m
[92mNew action chunk (prompt: "pick drink bottle and place it on the right table", latency: 0.150s)[0m
Image latency for ego_view: 14.81 ms
Image latency for ego_view: 10.78 ms
[92mNew action chunk (prompt: "pick drink bottle and place it on the right table", latency: 0.179s)[0m
Image latency for ego_view: 5.30 ms
[92mZMQ: Sent latent action - frame: 999, token shape: (64,)[0m
[92mNew action chunk (prompt: "pick drink bottle and place it on the right table", latency: 0.142s)[0m
Image latency for ego_view: 20.60 ms
Image latency for ego_view: 16.01 ms
[92mNew action chunk (prompt: "pick drink bottle and place it on the right table", latency: 0.150s)[0m
Image latency for ego_view: 11.97 ms
[92mZMQ: Sent latent action - frame: 1049, token shape: (64,)[0m
Image latency for ego_view: 6.77 ms
[92mNew action chunk (prompt: "pick drink bottle and place it on the right table", latency: 0.155s)[0m
Image latency for ego_view: 3.90 ms
Image latency for ego_view: 19.71 ms
[92mNew action chunk (prompt: "pick drink bottle and place it on the right table", latency: 0.182s)[0m
Image latency for ego_view: 16.19 ms
[92mZMQ: Sent latent action - frame: 1099, token shape: (64,)[0m
Image latency for ego_view: 10.76 ms
[92mNew action chunk (prompt: "pick drink bottle and place it on the right table", latency: 0.144s)[0m
Image latency for ego_view: 5.72 ms
[92mNew action chunk (prompt: "pick drink bottle and place it on the right table", latency: 0.152s)[0m
Image latency for ego_view: 20.97 ms
[92mZMQ: Sent latent action - frame: 1149, token shape: (64,)[0m
Image latency for ego_view: 15.37 ms
[92mNew action chunk (prompt: "pick drink bottle and place it on the right table", latency: 0.158s)[0m
Image latency for ego_view: 12.83 ms
Image latency for ego_view: 7.93 ms
[92mNew action chunk (prompt: "pick drink bottle and place it on the right table", latency: 0.144s)[0m
[92mZMQ: Sent latent action - frame: 1199, token shape: (64,)[0m
Image latency for ego_view: 4.93 ms
Image latency for ego_view: 22.45 ms
[92mNew action chunk (prompt: "pick drink bottle and place it on the right table", latency: 0.146s)[0m
Image latency for ego_view: 18.02 ms
[92mNew action chunk (prompt: "pick drink bottle and place it on the right table", latency: 0.173s)[0m
[92mZMQ: Sent latent action - frame: 1249, token shape: (64,)[0m
Image latency for ego_view: 12.91 ms
Image latency for ego_view: 7.96 ms
[92mNew action chunk (prompt: "pick drink bottle and place it on the right table", latency: 0.159s)[0m
Image latency for ego_view: 4.19 ms
Image latency for ego_view: 19.63 ms
[92mZMQ: Sent latent action - frame: 1299, token shape: (64,)[0m
[92mNew action chunk (prompt: "pick drink bottle and place it on the right table", latency: 0.144s)[0m
Image latency for ego_view: 14.60 ms
Image latency for ego_view: 13.19 ms
[92mNew action chunk (prompt: "pick drink bottle and place it on the right table", latency: 0.147s)[0m
Image latency for ego_view: 9.33 ms
[92mZMQ: Sent latent action - frame: 1349, token shape: (64,)[0m
Image latency for ego_view: 4.13 ms
[92mNew action chunk (prompt: "pick drink bottle and place it on the right table", latency: 0.174s)[0m
Image latency for ego_view: 20.47 ms
[92mNew action chunk (prompt: "pick drink bottle and place it on the right table", latency: 0.180s)[0m
Image latency for ego_view: 16.11 ms
[92mZMQ: Sent latent action - frame: 1399, token shape: (64,)[0m
Image latency for ego_view: 12.83 ms
[92mNew action chunk (prompt: "pick drink bottle and place it on the right table", latency: 0.142s)[0m
Image latency for ego_view: 8.45 ms
Image latency for ego_view: 3.80 ms
[92mNew action chunk (prompt: "pick drink bottle and place it on the right table", latency: 0.148s)[0m
Image latency for ego_view: 19.09 ms
[92mZMQ: Sent latent action - frame: 1449, token shape: (64,)[0m
Image latency for ego_view: 14.80 ms
[92mNew action chunk (prompt: "pick drink bottle and place it on the right table", latency: 0.156s)[0m
Image latency for ego_view: 9.75 ms
Image latency for ego_view: 5.66 ms
[92mNew action chunk (prompt: "pick drink bottle and place it on the right table", latency: 0.162s)[0m
[92mZMQ: Sent latent action - frame: 1499, token shape: (64,)[0m
Image latency for ego_view: 20.83 ms
[92mNew action chunk (prompt: "pick drink bottle and place it on the right table", latency: 0.148s)[0m
Image latency for ego_view: 16.03 ms
Image latency for ego_view: 11.70 ms
[92mNew action chunk (prompt: "pick drink bottle and place it on the right table", latency: 0.153s)[0m
[92mZMQ: Sent latent action - frame: 1549, token shape: (64,)[0m
Image latency for ego_view: 7.55 ms
Image latency for ego_view: 2.59 ms
[92mNew action chunk (prompt: "pick drink bottle and place it on the right table", latency: 0.160s)[0m
Image latency for ego_view: 19.69 ms
[92mZMQ: Sent latent action - frame: 1599, token shape: (64,)[0m
Image latency for ego_view: 15.76 ms
[92mNew action chunk (prompt: "pick drink bottle and place it on the right table", latency: 0.165s)[0m
Image latency for ego_view: 11.41 ms
[92mNew action chunk (prompt: "pick drink bottle and place it on the right table", latency: 0.149s)[0m
Image latency for ego_view: 7.04 ms
Image latency for ego_view: 3.28 ms
[92mZMQ: Sent latent action - frame: 1649, token shape: (64,)[0m
[92mNew action chunk (prompt: "pick drink bottle and place it on the right table", latency: 0.153s)[0m
Image latency for ego_view: 18.50 ms
Image latency for ego_view: 13.52 ms
[92mNew action chunk (prompt: "pick drink bottle and place it on the right table", latency: 0.162s)[0m
Image latency for ego_view: 10.26 ms
[92mZMQ: Sent latent action - frame: 1699, token shape: (64,)[0m
Image latency for ego_view: 4.58 ms
[92mNew action chunk (prompt: "pick drink bottle and place it on the right table", latency: 0.167s)[0m
Image latency for ego_view: 20.63 ms
Image latency for ego_view: 14.63 ms
[92mNew action chunk (prompt: "pick drink bottle and place it on the right table", latency: 0.152s)[0m
[92mZMQ: Sent latent action - frame: 1749, token shape: (64,)[0m
Image latency for ego_view: 10.09 ms
[92mNew action chunk (prompt: "pick drink bottle and place it on the right table", latency: 0.159s)[0m
Image latency for ego_view: 8.57 ms
Image latency for ego_view: 14.03 ms
[92mNew action chunk (prompt: "pick drink bottle and place it on the right table", latency: 0.183s)[0m
Image latency for ego_view: 11.26 ms
[92mZMQ: Sent latent action - frame: 1799, token shape: (64,)[0m
Image latency for ego_view: 6.22 ms
[92mNew action chunk (prompt: "pick drink bottle and place it on the right table", latency: 0.165s)[0m
Image latency for ego_view: 21.69 ms
Image latency for ego_view: 17.99 ms
[92mNew action chunk (prompt: "pick drink bottle and place it on the right table", latency: 0.150s)[0m
[92mZMQ: Sent latent action - frame: 1849, token shape: (64,)[0m
Image latency for ego_view: 12.88 ms
[92mNew action chunk (prompt: "pick drink bottle and place it on the right table", latency: 0.178s)[0m
Image latency for ego_view: 8.41 ms
Image latency for ego_view: 2.81 ms
[92mNew action chunk (prompt: "pick drink bottle and place it on the right table", latency: 0.142s)[0m
[92mZMQ: Sent latent action - frame: 1899, token shape: (64,)[0m
Image latency for ego_view: 18.86 ms
Image latency for ego_view: 15.50 ms
[92mNew action chunk (prompt: "pick drink bottle and place it on the right table", latency: 0.169s)[0m
Image latency for ego_view: 10.15 ms
[92mZMQ: Sent latent action - frame: 1949, token shape: (64,)[0m
Image latency for ego_view: 5.90 ms
[92mNew action chunk (prompt: "pick drink bottle and place it on the right table", latency: 0.154s)[0m
Image latency for ego_view: 21.33 ms
[92mNew action chunk (prompt: "pick drink bottle and place it on the right table", latency: 0.182s)[0m
Image latency for ego_view: 17.64 ms
Image latency for ego_view: 11.97 ms
[92mZMQ: Sent latent action - frame: 1999, token shape: (64,)[0m
[92mNew action chunk (prompt: "pick drink bottle and place it on the right table", latency: 0.146s)[0m
Image latency for ego_view: 8.24 ms
Image latency for ego_view: 3.67 ms
[92mNew action chunk (prompt: "pick drink bottle and place it on the right table", latency: 0.173s)[0m
Image latency for ego_view: 18.59 ms
[92mZMQ: Sent latent action - frame: 2049, token shape: (64,)[0m
Image latency for ego_view: 13.94 ms
[92mNew action chunk (prompt: "pick drink bottle and place it on the right table", latency: 0.160s)[0m
Image latency for ego_view: 9.42 ms
Image latency for ego_view: 3.36 ms
[92mNew action chunk (prompt: "pick drink bottle and place it on the right table", latency: 0.146s)[0m
[92mZMQ: Sent latent action - frame: 2099, token shape: (64,)[0m
Image latency for ego_view: 20.04 ms
[92mNew action chunk (prompt: "pick drink bottle and place it on the right table", latency: 0.151s)[0m
Image latency for ego_view: 15.19 ms
Image latency for ego_view: 10.00 ms
[92mNew action chunk (prompt: "pick drink bottle and place it on the right table", latency: 0.159s)[0m
Image latency for ego_view: 5.24 ms
[92mZMQ: Sent latent action - frame: 2149, token shape: (64,)[0m
Image latency for ego_view: 21.54 ms
[92mNew action chunk (prompt: "pick drink bottle and place it on the right table", latency: 0.164s)[0m
Image latency for ego_view: 17.12 ms
Image latency for ego_view: 12.13 ms
[92mNew action chunk (prompt: "pick drink bottle and place it on the right table", latency: 0.149s)[0m
[92mZMQ: Sent latent action - frame: 2199, token shape: (64,)[0m
Image latency for ego_view: 8.18 ms
Image latency for ego_view: 3.67 ms
[92mNew action chunk (prompt: "pick drink bottle and place it on the right table", latency: 0.155s)[0m
Image latency for ego_view: 18.68 ms
[92mZMQ: Sent latent action - frame: 2249, token shape: (64,)[0m
[92mNew action chunk (prompt: "pick drink bottle and place it on the right table", latency: 0.163s)[0m
Image latency for ego_view: 14.83 ms
Image latency for ego_view: 10.28 ms
[92mNew action chunk (prompt: "pick drink bottle and place it on the right table", latency: 0.167s)[0m
Image latency for ego_view: 8.19 ms
Image latency for ego_view: 4.11 ms
[92mZMQ: Sent latent action - frame: 2299, token shape: (64,)[0m
[92mNew action chunk (prompt: "pick drink bottle and place it on the right table", latency: 0.150s)[0m
Image latency for ego_view: 19.90 ms
Image latency for ego_view: 16.25 ms
[92mNew action chunk (prompt: "pick drink bottle and place it on the right table", latency: 0.154s)[0m
Image latency for ego_view: 11.49 ms
[92mZMQ: Sent latent action - frame: 2349, token shape: (64,)[0m
[92mNew action chunk (prompt: "pick drink bottle and place it on the right table", latency: 0.181s)[0m
Image latency for ego_view: 8.72 ms
Image latency for ego_view: 3.45 ms
[92mNew action chunk (prompt: "pick drink bottle and place it on the right table", latency: 0.144s)[0m
Image latency for ego_view: 20.29 ms
[92mZMQ: Sent latent action - frame: 2399, token shape: (64,)[0m
Image latency for ego_view: 15.42 ms
[92mNew action chunk (prompt: "pick drink bottle and place it on the right table", latency: 0.171s)[0m
Image latency for ego_view: 10.47 ms
Image latency for ego_view: 7.22 ms
[92mNew action chunk (prompt: "pick drink bottle and place it on the right table", latency: 0.156s)[0m
[92mZMQ: Sent latent action - frame: 2449, token shape: (64,)[0m
Image latency for ego_view: 2.52 ms
[92mNew action chunk (prompt: "pick drink bottle and place it on the right table", latency: 0.183s)[0m
Image latency for ego_view: 19.11 ms
Image latency for ego_view: 14.93 ms
[92mNew action chunk (prompt: "pick drink bottle and place it on the right table", latency: 0.146s)[0m
Image latency for ego_view: 10.26 ms
[92mZMQ: Sent latent action - frame: 2499, token shape: (64,)[0m
Image latency for ego_view: 5.30 ms
[92mNew action chunk (prompt: "pick drink bottle and place it on the right table", latency: 0.174s)[0m
Image latency for ego_view: 21.03 ms
Image latency for ego_view: 17.41 ms
[92mNew action chunk (prompt: "pick drink bottle and place it on the right table", latency: 0.159s)[0m
[92mZMQ: Sent latent action - frame: 2549, token shape: (64,)[0m
Image latency for ego_view: 12.29 ms
Image latency for ego_view: 7.67 ms
[92mNew action chunk (prompt: "pick drink bottle and place it on the right table", latency: 0.146s)[0m
Image latency for ego_view: 3.46 ms
[92mZMQ: Sent latent action - frame: 2599, token shape: (64,)[0m
[92mNew action chunk (prompt: "pick drink bottle and place it on the right table", latency: 0.150s)[0m
Image latency for ego_view: 19.47 ms
Image latency for ego_view: 15.04 ms
[92mNew action chunk (prompt: "pick drink bottle and place it on the right table", latency: 0.177s)[0m
Image latency for ego_view: 9.90 ms
Image latency for ego_view: 4.51 ms
[92mZMQ: Sent latent action - frame: 2649, token shape: (64,)[0m
[92mNew action chunk (prompt: "pick drink bottle and place it on the right table", latency: 0.142s)[0m
Image latency for ego_view: 20.19 ms
Image latency for ego_view: 16.45 ms
[92mNew action chunk (prompt: "pick drink bottle and place it on the right table", latency: 0.148s)[0m
Image latency for ego_view: 11.34 ms
[92mZMQ: Sent latent action - frame: 2699, token shape: (64,)[0m
Image latency for ego_view: 8.09 ms
[92mNew action chunk (prompt: "pick drink bottle and place it on the right table", latency: 0.153s)[0m
Image latency for ego_view: 3.06 ms
[92mNew action chunk (prompt: "pick drink bottle and place it on the right table", latency: 0.180s)[0m
Image latency for ego_view: 18.86 ms
[92mZMQ: Sent latent action - frame: 2749, token shape: (64,)[0m
Image latency for ego_view: 13.94 ms
[92mNew action chunk (prompt: "pick drink bottle and place it on the right table", latency: 0.143s)[0m
Image latency for ego_view: 9.04 ms
Image latency for ego_view: 3.92 ms
[92mNew action chunk (prompt: "pick drink bottle and place it on the right table", latency: 0.151s)[0m
[92mZMQ: Sent latent action - frame: 2799, token shape: (64,)[0m
Image latency for ego_view: 20.19 ms
Image latency for ego_view: 15.51 ms
[92mNew action chunk (prompt: "pick drink bottle and place it on the right table", latency: 0.157s)[0m
Image latency for ego_view: 11.21 ms
[92mNew action chunk (prompt: "pick drink bottle and place it on the right table", latency: 0.142s)[0m
Image latency for ego_view: 6.86 ms
[92mZMQ: Sent latent action - frame: 2849, token shape: (64,)[0m
Image latency for ego_view: 22.19 ms
[92mNew action chunk (prompt: "pick drink bottle and place it on the right table", latency: 0.148s)[0m
Image latency for ego_view: 18.44 ms
Image latency for ego_view: 14.52 ms
[92mNew action chunk (prompt: "pick drink bottle and place it on the right table", latency: 0.174s)[0m
[92mZMQ: Sent latent action - frame: 2899, token shape: (64,)[0m
Image latency for ego_view: 11.04 ms
Image latency for ego_view: 6.47 ms
[92mNew action chunk (prompt: "pick drink bottle and place it on the right table", latency: 0.160s)[0m
Image latency for ego_view: 22.33 ms
[92mZMQ: Sent latent action - frame: 2949, token shape: (64,)[0m
[92mNew action chunk (prompt: "pick drink bottle and place it on the right table", latency: 0.145s)[0m
Image latency for ego_view: 17.63 ms
Image latency for ego_view: 12.88 ms
[92mNew action chunk (prompt: "pick drink bottle and place it on the right table", latency: 0.153s)[0m
Image latency for ego_view: 9.56 ms
Image latency for ego_view: 5.64 ms
[92mZMQ: Sent latent action - frame: 2999, token shape: (64,)[0m
[92mNew action chunk (prompt: "pick drink bottle and place it on the right table", latency: 0.178s)[0m
Image latency for ego_view: 2.61 ms
Image latency for ego_view: 18.81 ms
[92mNew action chunk (prompt: "pick drink bottle and place it on the right table", latency: 0.163s)[0m
Image latency for ego_view: 14.98 ms
[92mZMQ: Sent latent action - frame: 3049, token shape: (64,)[0m
Image latency for ego_view: 9.81 ms
[92mNew action chunk (prompt: "pick drink bottle and place it on the right table", latency: 0.168s)[0m
Image latency for ego_view: 4.63 ms
[92mNew action chunk (prompt: "pick drink bottle and place it on the right table", latency: 0.154s)[0m
Image latency for ego_view: 20.54 ms
[92mZMQ: Sent latent action - frame: 3099, token shape: (64,)[0m
Image latency for ego_view: 14.85 ms
[92mNew action chunk (prompt: "pick drink bottle and place it on the right table", latency: 0.182s)[0m
Image latency for ego_view: 12.00 ms
Image latency for ego_view: 8.85 ms
[92mNew action chunk (prompt: "pick drink bottle and place it on the right table", latency: 0.142s)[0m
Image latency for ego_view: 4.40 ms
[92mZMQ: Sent latent action - frame: 3149, token shape: (64,)[0m
Image latency for ego_view: 20.42 ms
[92mNew action chunk (prompt: "pick drink bottle and place it on the right table", latency: 0.170s)[0m
Image latency for ego_view: 15.45 ms
Image latency for ego_view: 11.58 ms
[92mNew action chunk (prompt: "pick drink bottle and place it on the right table", latency: 0.156s)[0m
[92mZMQ: Sent latent action - frame: 3199, token shape: (64,)[0m
Image latency for ego_view: 6.59 ms
[92mNew action chunk (prompt: "pick drink bottle and place it on the right table", latency: 0.142s)[0m
Image latency for ego_view: 2.66 ms
Image latency for ego_view: 18.59 ms
[92mNew action chunk (prompt: "pick drink bottle and place it on the right table", latency: 0.147s)[0m
[92mZMQ: Sent latent action - frame: 3249, token shape: (64,)[0m
Image latency for ego_view: 13.62 ms
Image latency for ego_view: 10.83 ms
[92mNew action chunk (prompt: "pick drink bottle and place it on the right table", latency: 0.173s)[0m
Image latency for ego_view: 5.56 ms
[92mZMQ: Sent latent action - frame: 3299, token shape: (64,)[0m
Image latency for ego_view: 21.25 ms
[92mNew action chunk (prompt: "pick drink bottle and place it on the right table", latency: 0.160s)[0m
Image latency for ego_view: 15.80 ms
[92mNew action chunk (prompt: "pick drink bottle and place it on the right table", latency: 0.146s)[0m
Image latency for ego_view: 10.52 ms
Image latency for ego_view: 6.28 ms
[92mZMQ: Sent latent action - frame: 3349, token shape: (64,)[0m
[92mNew action chunk (prompt: "pick drink bottle and place it on the right table", latency: 0.152s)[0m
Image latency for ego_view: 21.42 ms
Image latency for ego_view: 17.34 ms
[92mNew action chunk (prompt: "pick drink bottle and place it on the right table", latency: 0.179s)[0m
Image latency for ego_view: 12.41 ms
[92mZMQ: Sent latent action - frame: 3399, token shape: (64,)[0m
Image latency for ego_view: 8.08 ms
[92mNew action chunk (prompt: "pick drink bottle and place it on the right table", latency: 0.142s)[0m
Image latency for ego_view: 3.52 ms
[92mNew action chunk (prompt: "pick drink bottle and place it on the right table", latency: 0.149s)[0m
Image latency for ego_view: 20.25 ms
[92mZMQ: Sent latent action - frame: 3449, token shape: (64,)[0m
Image latency for ego_view: 16.16 ms
[92mNew action chunk (prompt: "pick drink bottle and place it on the right table", latency: 0.153s)[0m
Image latency for ego_view: 9.66 ms
Image latency for ego_view: 5.77 ms
[92mNew action chunk (prompt: "pick drink bottle and place it on the right table", latency: 0.182s)[0m
Image latency for ego_view: 21.82 ms
[92mZMQ: Sent latent action - frame: 3499, token shape: (64,)[0m
Image latency for ego_view: 16.96 ms
[92mNew action chunk (prompt: "pick drink bottle and place it on the right table", latency: 0.146s)[0m
Image latency for ego_view: 11.61 ms
Image latency for ego_view: 5.90 ms
[92mNew action chunk (prompt: "pick drink bottle and place it on the right table", latency: 0.154s)[0m
[92mZMQ: Sent latent action - frame: 3549, token shape: (64,)[0m
Image latency for ego_view: 2.41 ms
[92mNew action chunk (prompt: "pick drink bottle and place it on the right table", latency: 0.160s)[0m
Image latency for ego_view: 17.86 ms
Image latency for ego_view: 13.01 ms
[92mZMQ: Sent latent action - frame: 3599, token shape: (64,)[0m
[92mNew action chunk (prompt: "pick drink bottle and place it on the right table", latency: 0.147s)[0m
Image latency for ego_view: 7.32 ms
Image latency for ego_view: 3.83 ms
[92mNew action chunk (prompt: "pick drink bottle and place it on the right table", latency: 0.151s)[0m
Image latency for ego_view: 17.94 ms
[92mZMQ: Sent latent action - frame: 3649, token shape: (64,)[0m
Image latency for ego_view: 13.77 ms
[92mNew action chunk (prompt: "pick drink bottle and place it on the right table", latency: 0.160s)[0m
Image latency for ego_view: 9.89 ms
Image latency for ego_view: 5.39 ms
[92mNew action chunk (prompt: "pick drink bottle and place it on the right table", latency: 0.164s)[0m
Image latency for ego_view: 21.24 ms
[92mZMQ: Sent latent action - frame: 3699, token shape: (64,)[0m
[92mNew action chunk (prompt: "pick drink bottle and place it on the right table", latency: 0.150s)[0m
Image latency for ego_view: 17.55 ms
Image latency for ego_view: 12.29 ms
[92mNew action chunk (prompt: "pick drink bottle and place it on the right table", latency: 0.161s)[0m
Image latency for ego_view: 8.38 ms
[92mZMQ: Sent latent action - frame: 3749, token shape: (64,)[0m
Image latency for ego_view: 15.20 ms
[92mNew action chunk (prompt: "pick drink bottle and place it on the right table", latency: 0.179s)[0m
Image latency for ego_view: 9.58 ms
Image latency for ego_view: 7.11 ms
[92mNew action chunk (prompt: "pick drink bottle and place it on the right table", latency: 0.162s)[0m
[92mZMQ: Sent latent action - frame: 3799, token shape: (64,)[0m
Image latency for ego_view: 22.26 ms
[92mNew action chunk (prompt: "pick drink bottle and place it on the right table", latency: 0.187s)[0m
Image latency for ego_view: 19.07 ms
Image latency for ego_view: 15.16 ms
[92mNew action chunk (prompt: "pick drink bottle and place it on the right table", latency: 0.149s)[0m
[92mZMQ: Sent latent action - frame: 3849, token shape: (64,)[0m
Image latency for ego_view: 11.49 ms
Image latency for ego_view: 7.95 ms
[92mNew action chunk (prompt: "pick drink bottle and place it on the right table", latency: 0.176s)[0m
Image latency for ego_view: 4.70 ms
Image latency for ego_view: 20.95 ms
[92mZMQ: Sent latent action - frame: 3899, token shape: (64,)[0m
[92mNew action chunk (prompt: "pick drink bottle and place it on the right table", latency: 0.159s)[0m
Image latency for ego_view: 16.47 ms
Image latency for ego_view: 14.20 ms
[92mNew action chunk (prompt: "pick drink bottle and place it on the right table", latency: 0.164s)[0m
Image latency for ego_view: 9.57 ms
[92mZMQ: Sent latent action - frame: 3949, token shape: (64,)[0m
[92mNew action chunk (prompt: "pick drink bottle and place it on the right table", latency: 0.149s)[0m
Image latency for ego_view: 5.11 ms
Image latency for ego_view: 21.24 ms
[92mNew action chunk (prompt: "pick drink bottle and place it on the right table", latency: 0.154s)[0m
Image latency for ego_view: 16.93 ms
[92mZMQ: Sent latent action - frame: 3999, token shape: (64,)[0m
Image latency for ego_view: 12.66 ms
[92mNew action chunk (prompt: "pick drink bottle and place it on the right table", latency: 0.162s)[0m
Image latency for ego_view: 8.95 ms
Image latency for ego_view: 4.46 ms
[92mNew action chunk (prompt: "pick drink bottle and place it on the right table", latency: 0.166s)[0m
Image latency for ego_view: 21.10 ms
[92mZMQ: Sent latent action - frame: 4049, token shape: (64,)[0m
[92mNew action chunk (prompt: "pick drink bottle and place it on the right table", latency: 0.150s)[0m
Image latency for ego_view: 16.18 ms
Image latency for ego_view: 11.34 ms
[92mNew action chunk (prompt: "pick drink bottle and place it on the right table", latency: 0.156s)[0m
Image latency for ego_view: 7.49 ms
[92mZMQ: Sent latent action - frame: 4099, token shape: (64,)[0m
Image latency for ego_view: 2.55 ms
[92mNew action chunk (prompt: "pick drink bottle and place it on the right table", latency: 0.142s)[0m
Image latency for ego_view: 20.50 ms
Image latency for ego_view: 17.67 ms
[92mNew action chunk (prompt: "pick drink bottle and place it on the right table", latency: 0.144s)[0m
[92mZMQ: Sent latent action - frame: 4149, token shape: (64,)[0m
Image latency for ego_view: 12.51 ms
Image latency for ego_view: 8.90 ms
[92mNew action chunk (prompt: "pick drink bottle and place it on the right table", latency: 0.172s)[0m
Image latency for ego_view: 4.95 ms
[92mNew action chunk (prompt: "pick drink bottle and place it on the right table", latency: 0.156s)[0m
Image latency for ego_view: 21.28 ms
[92mZMQ: Sent latent action - frame: 4199, token shape: (64,)[0m
Image latency for ego_view: 16.36 ms
[92mNew action chunk (prompt: "pick drink bottle and place it on the right table", latency: 0.142s)[0m
Image latency for ego_view: 13.11 ms
Image latency for ego_view: 9.17 ms
[92mZMQ: Sent latent action - frame: 4249, token shape: (64,)[0m
[92mNew action chunk (prompt: "pick drink bottle and place it on the right table", latency: 0.146s)[0m
Image latency for ego_view: 4.98 ms
Image latency for ego_view: 21.13 ms
[92mNew action chunk (prompt: "pick drink bottle and place it on the right table", latency: 0.173s)[0m
Image latency for ego_view: 16.72 ms
[92mZMQ: Sent latent action - frame: 4299, token shape: (64,)[0m
Image latency for ego_view: 11.39 ms
[92mNew action chunk (prompt: "pick drink bottle and place it on the right table", latency: 0.158s)[0m
Image latency for ego_view: 9.16 ms
[92mNew action chunk (prompt: "pick drink bottle and place it on the right table", latency: 0.162s)[0m
Image latency for ego_view: 5.43 ms
[92mZMQ: Sent latent action - frame: 4349, token shape: (64,)[0m
Image latency for ego_view: 21.64 ms
[92mNew action chunk (prompt: "pick drink bottle and place it on the right table", latency: 0.148s)[0m
Image latency for ego_view: 17.94 ms
Image latency for ego_view: 13.04 ms
[92mNew action chunk (prompt: "pick drink bottle and place it on the right table", latency: 0.175s)[0m
Image latency for ego_view: 9.93 ms
[92mZMQ: Sent latent action - frame: 4399, token shape: (64,)[0m
Image latency for ego_view: 5.11 ms
[92mNew action chunk (prompt: "pick drink bottle and place it on the right table", latency: 0.160s)[0m
Image latency for ego_view: 19.72 ms
[92mNew action chunk (prompt: "pick drink bottle and place it on the right table", latency: 0.166s)[0m
Image latency for ego_view: 14.22 ms
[92mZMQ: Sent latent action - frame: 4449, token shape: (64,)[0m
Image latency for ego_view: 10.00 ms
[92mNew action chunk (prompt: "pick drink bottle and place it on the right table", latency: 0.152s)[0m
Image latency for ego_view: 4.50 ms
Image latency for ego_view: 20.49 ms
[92mNew action chunk (prompt: "pick drink bottle and place it on the right table", latency: 0.180s)[0m
[92mZMQ: Sent latent action - frame: 4499, token shape: (64,)[0m
Image latency for ego_view: 17.61 ms
Image latency for ego_view: 14.35 ms
[92mNew action chunk (prompt: "pick drink bottle and place it on the right table", latency: 0.142s)[0m
Image latency for ego_view: 11.70 ms
Image latency for ego_view: 10.04 ms
[92mNew action chunk (prompt: "pick drink bottle and place it on the right table", latency: 0.167s)[0m
[92mZMQ: Sent latent action - frame: 4549, token shape: (64,)[0m
Image latency for ego_view: 6.54 ms
[92mNew action chunk (prompt: "pick drink bottle and place it on the right table", latency: 0.149s)[0m
Image latency for ego_view: 20.56 ms
Image latency for ego_view: 16.23 ms
[92mZMQ: Sent latent action - frame: 4599, token shape: (64,)[0m
[92mNew action chunk (prompt: "pick drink bottle and place it on the right table", latency: 0.176s)[0m
Image latency for ego_view: 12.65 ms
Image latency for ego_view: 9.13 ms
[92mNew action chunk (prompt: "pick drink bottle and place it on the right table", latency: 0.160s)[0m
Image latency for ego_view: 4.58 ms
[92mZMQ: Sent latent action - frame: 4649, token shape: (64,)[0m
Image latency for ego_view: 20.53 ms
[92mNew action chunk (prompt: "pick drink bottle and place it on the right table", latency: 0.165s)[0m
Image latency for ego_view: 15.49 ms
[92mNew action chunk (prompt: "pick drink bottle and place it on the right table", latency: 0.150s)[0m
Image latency for ego_view: 10.12 ms
[92mZMQ: Sent latent action - frame: 4699, token shape: (64,)[0m
Image latency for ego_view: 7.90 ms
[92mNew action chunk (prompt: "pick drink bottle and place it on the right table", latency: 0.176s)[0m
Image latency for ego_view: 3.42 ms
Image latency for ego_view: 18.91 ms
[92mNew action chunk (prompt: "pick drink bottle and place it on the right table", latency: 0.141s)[0m
Image latency for ego_view: 15.49 ms
[92mZMQ: Sent latent action - frame: 4749, token shape: (64,)[0m
Image latency for ego_view: 12.36 ms
[92mNew action chunk (prompt: "pick drink bottle and place it on the right table", latency: 0.167s)[0m
Image latency for ego_view: 6.73 ms
Image latency for ego_view: 23.10 ms
[92mNew action chunk (prompt: "pick drink bottle and place it on the right table", latency: 0.153s)[0m
[92mZMQ: Sent latent action - frame: 4799, token shape: (64,)[0m
Image latency for ego_view: 19.47 ms
[92mNew action chunk (prompt: "pick drink bottle and place it on the right table", latency: 0.156s)[0m
Image latency for ego_view: 15.32 ms
Image latency for ego_view: 9.90 ms
[92mNew action chunk (prompt: "pick drink bottle and place it on the right table", latency: 0.142s)[0m
[92mZMQ: Sent latent action - frame: 4849, token shape: (64,)[0m
Image latency for ego_view: 5.07 ms
Image latency for ego_view: 20.54 ms
[92mNew action chunk (prompt: "pick drink bottle and place it on the right table", latency: 0.171s)[0m
Image latency for ego_view: 16.97 ms
Image latency for ego_view: 11.31 ms
[92mZMQ: Sent latent action - frame: 4899, token shape: (64,)[0m
[92mNew action chunk (prompt: "pick drink bottle and place it on the right table", latency: 0.176s)[0m
Image latency for ego_view: 8.79 ms
Image latency for ego_view: 3.87 ms
[92mNew action chunk (prompt: "pick drink bottle and place it on the right table", latency: 0.181s)[0m
Image latency for ego_view: 19.25 ms
[92mZMQ: Sent latent action - frame: 4949, token shape: (64,)[0m
[92mNew action chunk (prompt: "pick drink bottle and place it on the right table", latency: 0.144s)[0m
Image latency for ego_view: 15.88 ms
Image latency for ego_view: 13.16 ms
[92mNew action chunk (prompt: "pick drink bottle and place it on the right table", latency: 0.169s)[0m
Image latency for ego_view: 8.55 ms
[92mZMQ: Sent latent action - frame: 4999, token shape: (64,)[0m
Image latency for ego_view: 2.73 ms
[92mNew action chunk (prompt: "pick drink bottle and place it on the right table", latency: 0.154s)[0m
Image latency for ego_view: 20.27 ms
Image latency for ego_view: 15.77 ms
[92mNew action chunk (prompt: "pick drink bottle and place it on the right table", latency: 0.182s)[0m
Image latency for ego_view: 11.28 ms
[92mZMQ: Sent latent action - frame: 5049, token shape: (64,)[0m
[92mNew action chunk (prompt: "pick drink bottle and place it on the right table", latency: 0.146s)[0m
Image latency for ego_view: 6.87 ms
Image latency for ego_view: 22.04 ms
[92mNew action chunk (prompt: "pick drink bottle and place it on the right table", latency: 0.173s)[0m
Image latency for ego_view: 19.28 ms
[92mZMQ: Sent latent action - frame: 5099, token shape: (64,)[0m
Image latency for ego_view: 15.98 ms
[92mNew action chunk (prompt: "pick drink bottle and place it on the right table", latency: 0.157s)[0m
Image latency for ego_view: 11.65 ms
Image latency for ego_view: 7.48 ms
[92mNew action chunk (prompt: "pick drink bottle and place it on the right table", latency: 0.162s)[0m
[92mZMQ: Sent latent action - frame: 5149, token shape: (64,)[0m
Image latency for ego_view: 3.66 ms
Image latency for ego_view: 19.34 ms
[92mNew action chunk (prompt: "pick drink bottle and place it on the right table", latency: 0.148s)[0m
Image latency for ego_view: 15.20 ms
[92mNew action chunk (prompt: "pick drink bottle and place it on the right table", latency: 0.175s)[0m
[92mZMQ: Sent latent action - frame: 5199, token shape: (64,)[0m
Image latency for ego_view: 11.01 ms
Image latency for ego_view: 6.49 ms
[92mNew action chunk (prompt: "pick drink bottle and place it on the right table", latency: 0.159s)[0m
Image latency for ego_view: 21.54 ms
Image latency for ego_view: 17.65 ms
[92mZMQ: Sent latent action - frame: 5249, token shape: (64,)[0m
[92mNew action chunk (prompt: "pick drink bottle and place it on the right table", latency: 0.165s)[0m
Image latency for ego_view: 13.58 ms
Image latency for ego_view: 9.06 ms
[92mNew action chunk (prompt: "pick drink bottle and place it on the right table", latency: 0.150s)[0m
Image latency for ego_view: 3.88 ms
[92mZMQ: Sent latent action - frame: 5299, token shape: (64,)[0m
[92mNew action chunk (prompt: "pick drink bottle and place it on the right table", latency: 0.178s)[0m
Image latency for ego_view: 19.71 ms
Image latency for ego_view: 14.09 ms
[92mNew action chunk (prompt: "pick drink bottle and place it on the right table", latency: 0.162s)[0m
Image latency for ego_view: 10.29 ms
[92mZMQ: Sent latent action - frame: 5349, token shape: (64,)[0m
Image latency for ego_view: 5.50 ms
[92mNew action chunk (prompt: "pick drink bottle and place it on the right table", latency: 0.168s)[0m
Image latency for ego_view: 19.38 ms
Image latency for ego_view: 14.73 ms
[92mNew action chunk (prompt: "pick drink bottle and place it on the right table", latency: 0.174s)[0m
Image latency for ego_view: 10.66 ms
[92mZMQ: Sent latent action - frame: 5399, token shape: (64,)[0m
Image latency for ego_view: 6.83 ms
[92mNew action chunk (prompt: "pick drink bottle and place it on the right table", latency: 0.179s)[0m
Image latency for ego_view: 2.58 ms
Image latency for ego_view: 18.99 ms
[92mNew action chunk (prompt: "pick drink bottle and place it on the right table", latency: 0.163s)[0m
[92mZMQ: Sent latent action - frame: 5449, token shape: (64,)[0m
Image latency for ego_view: 14.79 ms
[92mNew action chunk (prompt: "pick drink bottle and place it on the right table", latency: 0.167s)[0m
Image latency for ego_view: 11.36 ms
Image latency for ego_view: 7.32 ms
[92mNew action chunk (prompt: "pick drink bottle and place it on the right table", latency: 0.152s)[0m
[92mZMQ: Sent latent action - frame: 5499, token shape: (64,)[0m
Image latency for ego_view: 2.86 ms
Image latency for ego_view: 18.75 ms
[92mNew action chunk (prompt: "pick drink bottle and place it on the right table", latency: 0.157s)[0m
Image latency for ego_view: 15.40 ms
[92mZMQ: Sent latent action - frame: 5549, token shape: (64,)[0m
Image latency for ego_view: 11.01 ms
[92mNew action chunk (prompt: "pick drink bottle and place it on the right table", latency: 0.142s)[0m
Image latency for ego_view: 6.77 ms
[92mNew action chunk (prompt: "pick drink bottle and place it on the right table", latency: 0.146s)[0m
Image latency for ego_view: 3.04 ms
Image latency for ego_view: 17.90 ms
[92mZMQ: Sent latent action - frame: 5599, token shape: (64,)[0m
[92mNew action chunk (prompt: "pick drink bottle and place it on the right table", latency: 0.154s)[0m
Image latency for ego_view: 14.83 ms
Image latency for ego_view: 9.65 ms
[92mNew action chunk (prompt: "pick drink bottle and place it on the right table", latency: 0.158s)[0m
Image latency for ego_view: 5.26 ms
[92mZMQ: Sent latent action - frame: 5649, token shape: (64,)[0m
Image latency for ego_view: 20.39 ms
[92mNew action chunk (prompt: "pick drink bottle and place it on the right table", latency: 0.145s)[0m
Image latency for ego_view: 17.16 ms
Image latency for ego_view: 13.45 ms
[92mNew action chunk (prompt: "pick drink bottle and place it on the right table", latency: 0.148s)[0m
[92mZMQ: Sent latent action - frame: 5699, token shape: (64,)[0m
Image latency for ego_view: 9.08 ms
[92mNew action chunk (prompt: "pick drink bottle and place it on the right table", latency: 0.175s)[0m
Image latency for ego_view: 4.03 ms
Image latency for ego_view: 21.28 ms
[92mNew action chunk (prompt: "pick drink bottle and place it on the right table", latency: 0.159s)[0m
Image latency for ego_view: 16.91 ms
[92mZMQ: Sent latent action - frame: 5749, token shape: (64,)[0m
Image latency for ego_view: 11.96 ms
[92mNew action chunk (prompt: "pick drink bottle and place it on the right table", latency: 0.146s)[0m
Image latency for ego_view: 8.35 ms
Image latency for ego_view: 4.24 ms
[92mNew action chunk (prompt: "pick drink bottle and place it on the right table", latency: 0.150s)[0m
[92mZMQ: Sent latent action - frame: 5799, token shape: (64,)[0m
Image latency for ego_view: 19.80 ms
[92mNew action chunk (prompt: "pick drink bottle and place it on the right table", latency: 0.178s)[0m
Image latency for ego_view: 17.17 ms
Image latency for ego_view: 12.74 ms
[92mNew action chunk (prompt: "pick drink bottle and place it on the right table", latency: 0.141s)[0m
[92mZMQ: Sent latent action - frame: 5849, token shape: (64,)[0m
Image latency for ego_view: 8.52 ms
Image latency for ego_view: 3.62 ms
[92mNew action chunk (prompt: "pick drink bottle and place it on the right table", latency: 0.168s)[0m
Image latency for ego_view: 20.06 ms
Image latency for ego_view: 15.36 ms
[92mZMQ: Sent latent action - frame: 5899, token shape: (64,)[0m
[92mNew action chunk (prompt: "pick drink bottle and place it on the right table", latency: 0.153s)[0m
Image latency for ego_view: 10.94 ms
Image latency for ego_view: 6.02 ms
[92mNew action chunk (prompt: "pick drink bottle and place it on the right table", latency: 0.181s)[0m
Image latency for ego_view: 21.61 ms
[92mZMQ: Sent latent action - frame: 5949, token shape: (64,)[0m
[92mNew action chunk (prompt: "pick drink bottle and place it on the right table", latency: 0.145s)[0m
Image latency for ego_view: 17.60 ms
[92mSent ZMQ command: start control loop (planner mode)[0m
Image latency for ego_view: 14.30 ms
VLA inference loop terminated by user
Shutdown complete.
