Generating stats for /tmp/pnp_bottle_260916_gr00t_raw_20260930
Collecting all parquet files...:   0%|          | 0/174 [00:00<?, ?it/s]Collecting all parquet files...:   1%|          | 1/174 [00:00<00:25,  6.82it/s]Collecting all parquet files...:   6%|▌         | 10/174 [00:00<00:03, 46.26it/s]Collecting all parquet files...:   9%|▉         | 16/174 [00:00<00:04, 38.02it/s]Collecting all parquet files...:  18%|█▊        | 31/174 [00:00<00:02, 70.05it/s]Collecting all parquet files...:  25%|██▍       | 43/174 [00:00<00:01, 83.78it/s]Collecting all parquet files...:  32%|███▏      | 55/174 [00:00<00:01, 93.69it/s]Collecting all parquet files...:  41%|████      | 71/174 [00:00<00:00, 112.42it/s]Collecting all parquet files...:  48%|████▊     | 83/174 [00:00<00:00, 109.59it/s]Collecting all parquet files...:  55%|█████▍    | 95/174 [00:01<00:00, 99.10it/s] Collecting all parquet files...:  61%|██████    | 106/174 [00:01<00:00, 95.99it/s]Collecting all parquet files...:  67%|██████▋   | 116/174 [00:01<00:00, 78.39it/s]Collecting all parquet files...:  73%|███████▎  | 127/174 [00:01<00:00, 83.91it/s]Collecting all parquet files...:  81%|████████  | 141/174 [00:01<00:00, 96.75it/s]Collecting all parquet files...:  87%|████████▋ | 152/174 [00:01<00:00, 87.83it/s]Collecting all parquet files...:  95%|█████████▍| 165/174 [00:01<00:00, 95.73it/s]Collecting all parquet files...: 100%|██████████| 174/174 [00:02<00:00, 86.36it/s]
Computing statistics for observation.state...
Computing statistics for observation.eef_state...
Computing statistics for action.wbc...
Computing statistics for observation.root_orientation...
Computing statistics for observation.projected_gravity...
Computing statistics for observation.cpp_rotation_offset...
Computing statistics for observation.init_base_quat...
Computing statistics for teleop.delta_heading...
Computing statistics for action.motion_token...
Computing statistics for teleop.smpl_joints...
Computing statistics for teleop.smpl_pose...
Computing statistics for teleop.body_quat_w...
Computing statistics for teleop.target_body_orientation...
Computing statistics for teleop.left_hand_joints...
Computing statistics for teleop.right_hand_joints...
Computing statistics for teleop.left_wrist_joints...
Computing statistics for teleop.right_wrist_joints...
Computing statistics for teleop.planner_movement...
Computing statistics for teleop.planner_facing...
Computing statistics for teleop.planner_speed...
Computing statistics for teleop.planner_height...
Computing statistics for teleop.vr_3pt_position...
Computing statistics for teleop.vr_3pt_orientation...
Computing statistics for timestamp...
