Traceback (most recent call last):
  File "/home/jihun/work/VoLoAgent/.worktrees/g1-harness-native/gear_sonic/scripts/run_vla_inference.py", line 291, in run_policy_inference_and_process
    action, _info = policy.get_action(observation)
  File "/home/jihun/work/Isaac-GR00T/gr00t/policy/policy.py", line 102, in get_action
    action, info = self._get_action(observation, options)
  File "/home/jihun/work/Isaac-GR00T/gr00t/policy/server_client.py", line 390, in _get_action
    response = self.call_endpoint(
  File "/home/jihun/work/Isaac-GR00T/gr00t/policy/server_client.py", line 339, in call_endpoint
    message = self.socket.recv()
  File "zmq/backend/cython/_zmq.py", line 1218, in zmq.backend.cython._zmq.Socket.recv
  File "zmq/backend/cython/_zmq.py", line 1253, in zmq.backend.cython._zmq.Socket.recv
  File "zmq/backend/cython/_zmq.py", line 1413, in zmq.backend.cython._zmq._recv_copy
  File "zmq/backend/cython/_zmq.py", line 1408, in zmq.backend.cython._zmq._recv_copy
  File "zmq/backend/cython/_zmq.py", line 186, in zmq.backend.cython._zmq._check_rc
zmq.error.Again: Resource temporarily unavailable
Connecting to PolicyServer at 127.0.0.1:15558...
Harness policy connects and prewarms on its inference worker; outputs stay paused.
[ZMQStateSubscriber] Connected to tcp://127.0.0.1:11557 (topic: g1_debug)
[92mZMQ action socket bound to tcp://127.0.0.1:11556[0m
[92mUsing embodiment tag: unitree_g1_sonic[0m
[ZMQKeyboardSubscriber] Connected to tcp://127.0.0.1:11580
Starting the policy loop with language prompt: pick drink bottle and place it on the right table
Initialized composed camera client sensor
Image latency for ego_view: 3.59 ms
Image latency for ego_view: 19.45 ms
Image latency for ego_view: 13.74 ms
Image latency for ego_view: 9.58 ms
Image latency for ego_view: 2.96 ms
Image latency for ego_view: 16.40 ms
Image latency for ego_view: 8.79 ms
Image latency for ego_view: 15.38 ms
Image latency for ego_view: 8.83 ms
Image latency for ego_view: 22.16 ms
Image latency for ego_view: 15.93 ms
Image latency for ego_view: 4.51 ms
Image latency for ego_view: 7.95 ms
Image latency for ego_view: 6.62 ms
Image latency for ego_view: 14.60 ms
Image latency for ego_view: 6.77 ms
Image latency for ego_view: 17.22 ms
Image latency for ego_view: 18.88 ms
Image latency for ego_view: 4.28 ms
Image latency for ego_view: 10.11 ms
Image latency for ego_view: 22.33 ms
Image latency for ego_view: 11.26 ms
Image latency for ego_view: 16.13 ms
Image latency for ego_view: 17.06 ms
Image latency for ego_view: 20.95 ms
Image latency for ego_view: 11.05 ms
Image latency for ego_view: 16.98 ms
Image latency for ego_view: 9.68 ms
Image latency for ego_view: 9.76 ms
Image latency for ego_view: 12.03 ms
Image latency for ego_view: 8.63 ms
Image latency for ego_view: 6.96 ms
Image latency for ego_view: 6.61 ms
Image latency for ego_view: 3.22 ms
Image latency for ego_view: 8.78 ms
Image latency for ego_view: 8.01 ms
Image latency for ego_view: 16.68 ms
Image latency for ego_view: 22.00 ms
Image latency for ego_view: 9.43 ms
Image latency for ego_view: 16.62 ms
Image latency for ego_view: 22.21 ms
Image latency for ego_view: 9.11 ms
Image latency for ego_view: 16.12 ms
Image latency for ego_view: 3.98 ms
Image latency for ego_view: 19.00 ms
Image latency for ego_view: 15.69 ms
Image latency for ego_view: 10.09 ms
Image latency for ego_view: 4.85 ms
Image latency for ego_view: 20.64 ms
Image latency for ego_view: 16.51 ms
Image latency for ego_view: 11.95 ms
Image latency for ego_view: 7.58 ms
Image latency for ego_view: 2.94 ms
Image latency for ego_view: 17.30 ms
Image latency for ego_view: 13.05 ms
Image latency for ego_view: 8.36 ms
Image latency for ego_view: 3.46 ms
Image latency for ego_view: 18.81 ms
Image latency for ego_view: 14.61 ms
Image latency for ego_view: 9.58 ms
Image latency for ego_view: 4.94 ms
Image latency for ego_view: 20.11 ms
Image latency for ego_view: 15.60 ms
Image latency for ego_view: 12.48 ms
Image latency for ego_view: 7.09 ms
Image latency for ego_view: 2.82 ms
Image latency for ego_view: 17.28 ms
Image latency for ego_view: 12.29 ms
Image latency for ego_view: 6.07 ms
Image latency for ego_view: 21.07 ms
Image latency for ego_view: 15.03 ms
Image latency for ego_view: 8.71 ms
Image latency for ego_view: 3.55 ms
Starting C++ control loop in PLANNER mode...
[92mSent ZMQ command: start control loop (planner mode)[0m
Started C++ control loop in PLANNER mode
Press 'i' to return to straight standing, then 'p' to evaluate
Note: Policy loop is paused - press 'p' to resume
Image latency for ego_view: 17.18 ms
[ZMQStateSubscriber] Connected to tcp://127.0.0.1:11557 (topic: g1_debug)
Image latency for ego_view: 12.80 ms
Image latency for ego_view: 6.85 ms
Image latency for ego_view: 3.04 ms
Image latency for ego_view: 17.68 ms
Image latency for ego_view: 11.65 ms
Image latency for ego_view: 7.03 ms
Image latency for ego_view: 21.29 ms
Image latency for ego_view: 15.84 ms
Image latency for ego_view: 12.51 ms
Image latency for ego_view: 8.20 ms
Image latency for ego_view: 2.83 ms
Image latency for ego_view: 18.57 ms
Image latency for ego_view: 13.76 ms
Image latency for ego_view: 8.37 ms
Image latency for ego_view: 3.58 ms
Image latency for ego_view: 18.63 ms
Image latency for ego_view: 13.29 ms
Image latency for ego_view: 9.03 ms
Image latency for ego_view: 5.22 ms
Image latency for ego_view: 19.97 ms
Image latency for ego_view: 14.65 ms
Image latency for ego_view: 7.88 ms
Image latency for ego_view: 3.09 ms
Image latency for ego_view: 19.03 ms
Image latency for ego_view: 15.52 ms
Image latency for ego_view: 11.19 ms
Image latency for ego_view: 8.47 ms
Image latency for ego_view: 3.69 ms
Image latency for ego_view: 20.25 ms
Image latency for ego_view: 15.44 ms
Image latency for ego_view: 8.88 ms
Image latency for ego_view: 2.98 ms
Image latency for ego_view: 18.29 ms
Error in inference: Resource temporarily unavailable
Image latency for ego_view: 12.96 ms
Image latency for ego_view: 8.75 ms
Image latency for ego_view: 2.86 ms
Image latency for ego_view: 18.47 ms
Image latency for ego_view: 13.35 ms
Image latency for ego_view: 7.45 ms
Image latency for ego_view: 22.52 ms
Image latency for ego_view: 17.10 ms
Image latency for ego_view: 12.38 ms
Image latency for ego_view: 7.80 ms
Image latency for ego_view: 20.67 ms
Image latency for ego_view: 15.78 ms
Image latency for ego_view: 10.62 ms
Image latency for ego_view: 6.28 ms
Image latency for ego_view: 20.16 ms
Image latency for ego_view: 15.35 ms
Image latency for ego_view: 9.93 ms
Image latency for ego_view: 5.08 ms
Image latency for ego_view: 20.50 ms
Image latency for ego_view: 14.11 ms
Image latency for ego_view: 9.33 ms
Image latency for ego_view: 3.38 ms
Image latency for ego_view: 19.19 ms
Image latency for ego_view: 14.13 ms
Image latency for ego_view: 9.26 ms
Image latency for ego_view: 4.74 ms
Image latency for ego_view: 19.47 ms
Image latency for ego_view: 14.62 ms
Image latency for ego_view: 9.80 ms
Image latency for ego_view: 5.13 ms
Image latency for ego_view: 20.97 ms
Image latency for ego_view: 17.56 ms
Image latency for ego_view: 16.37 ms
Image latency for ego_view: 12.53 ms
Image latency for ego_view: 8.36 ms
Image latency for ego_view: 2.99 ms
Image latency for ego_view: 17.23 ms
Image latency for ego_view: 13.70 ms
Image latency for ego_view: 8.46 ms
Image latency for ego_view: 3.90 ms
Image latency for ego_view: 19.50 ms
Image latency for ego_view: 15.38 ms
Image latency for ego_view: 10.93 ms
Image latency for ego_view: 5.44 ms
Image latency for ego_view: 20.57 ms
Image latency for ego_view: 15.20 ms
Image latency for ego_view: 10.94 ms
Image latency for ego_view: 6.16 ms
Image latency for ego_view: 2.69 ms
Image latency for ego_view: 18.05 ms
Image latency for ego_view: 15.06 ms
Image latency for ego_view: 12.02 ms
Image latency for ego_view: 7.64 ms
Image latency for ego_view: 3.54 ms
Image latency for ego_view: 19.65 ms
Image latency for ego_view: 15.13 ms
Image latency for ego_view: 8.92 ms
Image latency for ego_view: 3.77 ms
Image latency for ego_view: 18.56 ms
Image latency for ego_view: 8.47 ms
Image latency for ego_view: 4.08 ms
Image latency for ego_view: 19.38 ms
Image latency for ego_view: 14.48 ms
Image latency for ego_view: 8.05 ms
Image latency for ego_view: 4.49 ms
VLA inference loop terminated by user
Image latency for ego_view: 17.84 ms
Image latency for ego_view: 16.38 ms
Image latency for ego_view: 10.08 ms
Image latency for ego_view: 6.02 ms
Shutdown complete.
