F.                                                                       [100%]
=================================== FAILURES ===================================
_ test_harness_refills_before_capture_deadline_and_rejects_late_results[0.25-MANIPULATING] _

monkeypatch = <_pytest.monkeypatch.MonkeyPatch object at 0x7fb8cf1596f0>
policy_delay_s = 0.25, expected_phase = 'MANIPULATING'

    @pytest.mark.parametrize("policy_delay_s,expected_phase", [(0.25, "MANIPULATING"), (0.9, "INTERRUPTED")])
    def test_harness_refills_before_capture_deadline_and_rejects_late_results(
        monkeypatch, policy_delay_s, expected_phase,
    ):
        """Two fresh 250ms queries must not leave a gap in an 800ms chunk."""
        from pathlib import Path
    
        from gear_sonic.utils.inference import harness_rpc, observation_snapshot
    
        clock, instances, pending, started_requests = [0.0], [], [], []
        monkeypatch.setattr(runner.time, "monotonic", lambda: clock[0])
        snapshots = SimpleNamespace(start=lambda: None, close=lambda: None, latest=lambda now: dict(
            camera_key="ego_view", source_timestamp=now, frame_id=str(now),
            received_at=now, age_s=0.0, jpeg_rgb_b64="unused",
        ))
        monkeypatch.setattr(observation_snapshot, "ObservationSnapshotCache", lambda *args: snapshots)
    
        class RPC:
            def __init__(self, *args):
                self.count, self.responses = 0, []
                instances.append(self)
    
            def start(self):
                pass
    
            def close(self):
                pass
    
            def drain(self, control, now):
                self.control = control
                control.observation = snapshots.latest(now)
                self.count += 1
                if self.count < 2:
                    return
                method, params = "heartbeat", {}
                if self.count == 2:
                    method, params = "claim_control", {"registry_sha256": control.profile.registry_sha256}
                elif self.count == 3:
                    method, params = "start_manipulation", {"skill_id": "bottle_to_right_table"}
                self.responses.append(control.dispatch(dict(
                    version=1, request_id=str(self.count), runtime_id=control.runtime_id,
                    session_id="s", lease_id=control.owner["lease_id"] if control.owner else None,
                    method=method, params=params,
                ), now))
    
        monkeypatch.setattr(harness_rpc, "HarnessRPCServer", RPC)
        measured = dict(index=0, body_q=np.zeros(29), body_q_measured_motor=np.zeros(29),
                        harness_planner_hold_enabled=[1], left_hand_q=np.zeros(7), right_hand_q=np.zeros(7),
                        left_hand_q_measured=np.zeros(7), right_hand_q_measured=np.zeros(7), base_quat=[1,0,0,0])
        action = dict(motion_token=np.full((1,40,64), .1), left_hand_joints=np.zeros((1,40,7)),
                      right_hand_joints=np.zeros((1,40,7)))
    
        def on_key(index, args):
            clock[0] = (index+1)*.02
            measured["index"] += 1
            requests, results, _, busy = args[:4]
            if pending and clock[0] >= pending[0][0]:
                _, captured_at, epoch = pending.pop(0)
                results.put((action, captured_at, epoch))
                busy.clear()
            if not requests.empty() and not busy.is_set():
                epoch = requests.get_nowait()
                started_requests.append(epoch)
                if len(started_requests) == 1:  # Prewarm completes without publishing.
                    results.put((action, clock[0], epoch))
                else:
                    pending.append((clock[0]+policy_delay_s, clock[0], epoch))
                    busy.set()
    
        profile = Path(__file__).parent/"fixtures/g1_profile.yaml"
        messages = run_keys(monkeypatch, ["k"]+[None]*119, measured, on_key,
                            runner.InferenceConfig(harness_endpoint="ipc:///tmp/unused-test.sock", harness_profile=str(profile)))
        assert all(r["error"] is None for r in instances[0].responses), instances[0].responses[:3]
>       assert instances[0].control.phase == expected_phase, instances[0].control.reason
E       AssertionError: action_chunk_exhausted
E       assert 'INTERRUPTED' == 'MANIPULATING'
E         
E         - MANIPULATING
E         + INTERRUPTED

gear_sonic/tests/test_run_vla_reset.py:139: AssertionError
----------------------------- Captured stdout call -----------------------------
Connecting to PolicyServer at 127.0.0.1:15558...
Harness policy connects and prewarms on its inference worker; outputs stay paused.
[92mZMQ action socket bound to tcp://localhost:5556[0m
[92mUsing embodiment tag: unitree_g1_sonic[0m
Starting the policy loop with language prompt: pick drink bottle and place it on the right table
Starting C++ control loop in PLANNER mode...
[92mSent ZMQ command: start control loop (planner mode)[0m
Started C++ control loop in PLANNER mode
Press 'i' to return to straight standing, then 'p' to evaluate
Note: Policy loop is paused - press 'p' to resume
[92mSent ZMQ command: start control loop (pose mode)[0m
[DEBUG] No cached chunk yet, waiting...
[DEBUG] No cached chunk yet, waiting...
[DEBUG] No cached chunk yet, waiting...
[DEBUG] No cached chunk yet, waiting...
[DEBUG] No cached chunk yet, waiting...
[DEBUG] No cached chunk yet, waiting...
[DEBUG] No cached chunk yet, waiting...
[DEBUG] No cached chunk yet, waiting...
[DEBUG] No cached chunk yet, waiting...
[DEBUG] No cached chunk yet, waiting...
[DEBUG] No cached chunk yet, waiting...
[DEBUG] No cached chunk yet, waiting...
[DEBUG] No cached chunk yet, waiting...
[DEBUG] No cached chunk yet, waiting...
[92mNew action chunk (prompt: "pick drink bottle and place it on the right table", latency: 0.260s)[0m
[92mNew action chunk (prompt: "pick drink bottle and place it on the right table", latency: 0.260s)[0m
[92mSent ZMQ command: start control loop (planner mode)[0m
VLA inference loop terminated by user
Shutdown complete.
=========================== short test summary info ============================
FAILED gear_sonic/tests/test_run_vla_reset.py::test_harness_refills_before_capture_deadline_and_rejects_late_results[0.25-MANIPULATING]
1 failed, 1 passed, 15 deselected in 0.43s
