[DEBUG] Program starting...
[DEBUG] Arguments validated...
[INFO] Using encoder file: /home/jihun/work/GR00T-WholeBodyControl/gear_sonic_deploy/policy/sonic_v1_1/model_encoder.onnx
[INFO] Using planner file: /home/jihun/work/GR00T-WholeBodyControl/gear_sonic_deploy/planner/target_vel/V2/planner_sonic.onnx
[INFO] Using observation config: /home/jihun/work/GR00T-WholeBodyControl/gear_sonic_deploy/policy/sonic_v1_1/observation_config.yaml
[INFO] Using input type: zmq_manager
[INFO] Using output type: zmq
[INFO] CRC checking disabled for MuJoCo simulation
[INFO] Using logs directory: /tmp/g1-sonic-lead-negative-20261002/controller
[DEBUG] Creating G1Deploy object...
1790917885.770907 [0] g1_deploy_: selected interface "lo" is not multicast-capable: disabling multicast
Reading motion data from CSV files in: /home/jihun/work/GR00T-WholeBodyControl/gear_sonic_deploy/reference/example
Found 13 motion folders
✓ Loaded neutral_kick_R_001__A543_M (165 timesteps)
✓ Loaded walking_quip_360_R_002__A428 (455 timesteps)
✓ Loaded squat_001__A359 (424 timesteps)
✓ Loaded tired_one_leg_jumping_R_001__A359_M (500 timesteps)
✓ Loaded dance_in_da_party_001__A464_M (497 timesteps)
✓ Loaded forward_lunge_R_001__A359_M (399 timesteps)
✓ Loaded dance_in_da_party_001__A464 (497 timesteps)
✓ Loaded macarena_001__A545 (1375 timesteps)
✓ Loaded tired_one_leg_jumping_R_001__A359 (500 timesteps)
✓ Loaded walking_quip_360_R_002__A428_M (455 timesteps)
✓ Loaded neutral_kick_R_001__A543 (165 timesteps)
✓ Loaded macarena_001__A545_M (1375 timesteps)
✓ Loaded tired_forward_lunge_R_001__A359_M (810 timesteps)
✓ Motion data loaded successfully!
Started with motion: neutral_kick_R_001__A543_M (paused at frame 0)
Loading policy model...
hash value in file 440e58fad5e2b2fb1863b5f5279dbc4fd0249124d35af832ae0a63898c76711f
hash of onnx/gpu type 440e58fad5e2b2fb1863b5f5279dbc4fd0249124d35af832ae0a63898c76711f
INFO [/home/jihun/work/VoLoAgent/.worktrees/g1-harness-native/gear_sonic_deploy/src/TRTInference/InferenceEngine.cpp(35)]: Loaded engine size: 143 MiB
INFO [/home/jihun/work/VoLoAgent/.worktrees/g1-harness-native/gear_sonic_deploy/src/TRTInference/InferenceEngine.cpp(35)]: [MemUsageChange] TensorRT-managed allocation in IExecutionContext creation: CPU +0, GPU +0, now: CPU 0, GPU 142 (MiB)
INFO [/home/jihun/work/VoLoAgent/.worktrees/g1-harness-native/gear_sonic_deploy/src/TRTInference/InferenceEngine.cpp(476)]: INPUT Tensor: obs_dict [1, 994]. 994 elements of type FLOAT
INFO [/home/jihun/work/VoLoAgent/.worktrees/g1-harness-native/gear_sonic_deploy/src/TRTInference/InferenceEngine.cpp(476)]: OUTPUT Tensor: action [1, 29]. 29 elements of type FLOAT
✓ Successfully converted ONNX to TRT: /home/jihun/work/GR00T-WholeBodyControl/gear_sonic_deploy/policy/sonic_v1_1/policy_model_decoder.trt
✓ Policy engine initialized successfully!
  Model: /home/jihun/work/GR00T-WholeBodyControl/gear_sonic_deploy/policy/sonic_v1_1/model_decoder.onnx
  Input dimension: 994
  Action dimension: 29
  Input tensor: obs_dict
  Output tensor: action
  Precision: FP32
Capturing control policy CUDA graph...
✓ Control policy CUDA graph captured successfully!
✓ Policy model loaded successfully!
Loading observation configuration...
Using observation config file: /home/jihun/work/GR00T-WholeBodyControl/gear_sonic_deploy/policy/sonic_v1_1/observation_config.yaml
Parsing observation config file: /home/jihun/work/GR00T-WholeBodyControl/gear_sonic_deploy/policy/sonic_v1_1/observation_config.yaml
Found observations section at line 9
  Parsed observation: token_state -> enabled
  Parsed observation: his_base_angular_velocity_10frame_step1 -> enabled
  Parsed observation: his_body_joint_positions_10frame_step1 -> enabled
  Parsed observation: his_body_joint_velocities_10frame_step1 -> enabled
  Parsed observation: his_last_actions_10frame_step1 -> enabled
  Parsed observation: his_gravity_dir_10frame_step1 -> enabled
Found encoder section at line 23
  Encoder dimension: 64
  Encoder use_fp16: false
  Found encoder_observations subsection
    Encoder obs: encoder_mode_4 -> enabled
    Encoder obs: motion_joint_positions_10frame_step5 -> enabled
    Encoder obs: motion_joint_velocities_10frame_step5 -> enabled
    Encoder obs: motion_anchor_orientation_heading_10frame_step5 -> enabled
    Encoder obs: motion_anchor_orientation_heading -> enabled
    Encoder obs: motion_joint_positions_lowerbody_10frame_step5 -> enabled
    Encoder obs: motion_joint_velocities_lowerbody_10frame_step5 -> enabled
    Encoder obs: vr_3point_local_target -> enabled
    Encoder obs: vr_3point_local_orn_target -> enabled
    Encoder obs: smpl_joints_10frame_step1 -> enabled
    Encoder obs: smpl_anchor_orientation_heading_10frame_step1 -> enabled
    Encoder obs: motion_joint_positions_wrists_10frame_step1 -> enabled
  Found encoder_modes subsection (after encoder_observations)
    Found mode: g1
      Mode ID: 0
      Found required_observations for mode g1
        - encoder_mode_4
        - motion_joint_positions_10frame_step5
        - motion_joint_velocities_10frame_step5
        - motion_anchor_orientation_heading_10frame_step5
    Saved mode 'g1' with 4 observations
    Found mode: teleop
      Mode ID: 1
      Found required_observations for mode teleop
        - encoder_mode_4
        - motion_joint_positions_lowerbody_10frame_step5
        - motion_joint_velocities_lowerbody_10frame_step5
        - vr_3point_local_target
        - vr_3point_local_orn_target
        - motion_anchor_orientation_heading
    Saved mode 'teleop' with 6 observations
    Found mode: smpl
      Mode ID: 2
      Found required_observations for mode smpl
        - encoder_mode_4
        - smpl_joints_10frame_step1
        - smpl_anchor_orientation_heading_10frame_step1
        - motion_joint_positions_wrists_10frame_step1
    Saved mode 'smpl' with 4 observations
✓ Token state observation validated with encoder configuration
Successfully parsed 6 observations
Encoder config found with 12 input observations
✓ Token state buffer initialized (size: 64)
Initializing encoder...
Loading encoder model...
hash value in file 90ed9925d6f62fc7894b8ee8f8a2145352570e5348ba867b839ac99e0d29932c
hash of onnx/gpu type 90ed9925d6f62fc7894b8ee8f8a2145352570e5348ba867b839ac99e0d29932c
INFO [/home/jihun/work/VoLoAgent/.worktrees/g1-harness-native/gear_sonic_deploy/src/TRTInference/InferenceEngine.cpp(35)]: Loaded engine size: 47 MiB
INFO [/home/jihun/work/VoLoAgent/.worktrees/g1-harness-native/gear_sonic_deploy/src/TRTInference/InferenceEngine.cpp(35)]: [MS] Running engine with multi stream info
INFO [/home/jihun/work/VoLoAgent/.worktrees/g1-harness-native/gear_sonic_deploy/src/TRTInference/InferenceEngine.cpp(35)]: [MS] Number of aux streams is 2
INFO [/home/jihun/work/VoLoAgent/.worktrees/g1-harness-native/gear_sonic_deploy/src/TRTInference/InferenceEngine.cpp(35)]: [MS] Number of total worker streams is 3
INFO [/home/jihun/work/VoLoAgent/.worktrees/g1-harness-native/gear_sonic_deploy/src/TRTInference/InferenceEngine.cpp(35)]: [MS] The main stream provided by execute/enqueue calls is the first worker stream
INFO [/home/jihun/work/VoLoAgent/.worktrees/g1-harness-native/gear_sonic_deploy/src/TRTInference/InferenceEngine.cpp(35)]: [MemUsageChange] TensorRT-managed allocation in IExecutionContext creation: CPU +0, GPU +0, now: CPU 0, GPU 189 (MiB)
INFO [/home/jihun/work/VoLoAgent/.worktrees/g1-harness-native/gear_sonic_deploy/src/TRTInference/InferenceEngine.cpp(476)]: INPUT Tensor: obs_dict [1, 1751]. 1751 elements of type FLOAT
INFO [/home/jihun/work/VoLoAgent/.worktrees/g1-harness-native/gear_sonic_deploy/src/TRTInference/InferenceEngine.cpp(476)]: OUTPUT Tensor: encoded_tokens [1, 64]. 64 elements of type FLOAT
✓ Encoder initialized successfully!
  Model: /home/jihun/work/GR00T-WholeBodyControl/gear_sonic_deploy/policy/sonic_v1_1/model_encoder.onnx
  Input dimension: 1751
  Token dimension: 64
  Input tensor: obs_dict
  Output tensor: encoded_tokens
Capturing encoder CUDA graph...
✓ Encoder CUDA graph captured successfully!
✓ Encoder model loaded successfully!
Setting encode_mode for 13 loaded reference motions...
  Motion 'neutral_kick_R_001__A543_M' encode_mode set to: 0
  Motion 'walking_quip_360_R_002__A428' encode_mode set to: 0
  Motion 'squat_001__A359' encode_mode set to: 0
  Motion 'tired_one_leg_jumping_R_001__A359_M' encode_mode set to: 0
  Motion 'dance_in_da_party_001__A464_M' encode_mode set to: 0
  Motion 'forward_lunge_R_001__A359_M' encode_mode set to: 0
  Motion 'dance_in_da_party_001__A464' encode_mode set to: 0
  Motion 'macarena_001__A545' encode_mode set to: 0
  Motion 'tired_one_leg_jumping_R_001__A359' encode_mode set to: 0
  Motion 'walking_quip_360_R_002__A428_M' encode_mode set to: 0
  Motion 'neutral_kick_R_001__A543' encode_mode set to: 0
  Motion 'macarena_001__A545_M' encode_mode set to: 0
  Motion 'tired_forward_lunge_R_001__A359_M' encode_mode set to: 0
Planner motion encode_mode set to: 0
LocalMotionPlannerBase constructor
config_.version: 2
config_.motion_look_ahead_steps: 2
config_.default_height: 0.78874
config_.initial_random_seed: 1234
Available modes number: 27
Initialize Engine...
hash value in file 93ec4df1dfa8c640f7f308e3bb5f047cc3264ceea616dae1004bd3207609eba0
hash of onnx/gpu type 93ec4df1dfa8c640f7f308e3bb5f047cc3264ceea616dae1004bd3207609eba0
INFO [/home/jihun/work/VoLoAgent/.worktrees/g1-harness-native/gear_sonic_deploy/src/TRTInference/InferenceEngine.cpp(35)]: Loaded engine size: 713 MiB
INFO [/home/jihun/work/VoLoAgent/.worktrees/g1-harness-native/gear_sonic_deploy/src/TRTInference/InferenceEngine.cpp(35)]: [MS] Running engine with multi stream info
INFO [/home/jihun/work/VoLoAgent/.worktrees/g1-harness-native/gear_sonic_deploy/src/TRTInference/InferenceEngine.cpp(35)]: [MS] Number of aux streams is 1
INFO [/home/jihun/work/VoLoAgent/.worktrees/g1-harness-native/gear_sonic_deploy/src/TRTInference/InferenceEngine.cpp(35)]: [MS] Number of total worker streams is 2
INFO [/home/jihun/work/VoLoAgent/.worktrees/g1-harness-native/gear_sonic_deploy/src/TRTInference/InferenceEngine.cpp(35)]: [MS] The main stream provided by execute/enqueue calls is the first worker stream
INFO [/home/jihun/work/VoLoAgent/.worktrees/g1-harness-native/gear_sonic_deploy/src/TRTInference/InferenceEngine.cpp(35)]: [MemUsageChange] TensorRT-managed allocation in IExecutionContext creation: CPU +0, GPU +1, now: CPU 0, GPU 897 (MiB)
INFO [/home/jihun/work/VoLoAgent/.worktrees/g1-harness-native/gear_sonic_deploy/src/TRTInference/InferenceEngine.cpp(476)]: INPUT Tensor: context_mujoco_qpos [1, 4, 36]. 144 elements of type FLOAT
INFO [/home/jihun/work/VoLoAgent/.worktrees/g1-harness-native/gear_sonic_deploy/src/TRTInference/InferenceEngine.cpp(476)]: INPUT Tensor: target_vel [1]. 1 elements of type FLOAT
INFO [/home/jihun/work/VoLoAgent/.worktrees/g1-harness-native/gear_sonic_deploy/src/TRTInference/InferenceEngine.cpp(476)]: INPUT Tensor: mode [1]. 1 elements of type INT64
INFO [/home/jihun/work/VoLoAgent/.worktrees/g1-harness-native/gear_sonic_deploy/src/TRTInference/InferenceEngine.cpp(476)]: INPUT Tensor: movement_direction [1, 3]. 3 elements of type FLOAT
INFO [/home/jihun/work/VoLoAgent/.worktrees/g1-harness-native/gear_sonic_deploy/src/TRTInference/InferenceEngine.cpp(476)]: INPUT Tensor: facing_direction [1, 3]. 3 elements of type FLOAT
INFO [/home/jihun/work/VoLoAgent/.worktrees/g1-harness-native/gear_sonic_deploy/src/TRTInference/InferenceEngine.cpp(476)]: INPUT Tensor: random_seed [1]. 1 elements of type INT64
INFO [/home/jihun/work/VoLoAgent/.worktrees/g1-harness-native/gear_sonic_deploy/src/TRTInference/InferenceEngine.cpp(476)]: INPUT Tensor: has_specific_target [1, 1]. 1 elements of type INT64
INFO [/home/jihun/work/VoLoAgent/.worktrees/g1-harness-native/gear_sonic_deploy/src/TRTInference/InferenceEngine.cpp(476)]: INPUT Tensor: specific_target_positions [1, 4, 3]. 12 elements of type FLOAT
INFO [/home/jihun/work/VoLoAgent/.worktrees/g1-harness-native/gear_sonic_deploy/src/TRTInference/InferenceEngine.cpp(476)]: INPUT Tensor: specific_target_headings [1, 4]. 4 elements of type FLOAT
INFO [/home/jihun/work/VoLoAgent/.worktrees/g1-harness-native/gear_sonic_deploy/src/TRTInference/InferenceEngine.cpp(476)]: INPUT Tensor: allowed_pred_num_tokens [1, 11]. 11 elements of type INT64
INFO [/home/jihun/work/VoLoAgent/.worktrees/g1-harness-native/gear_sonic_deploy/src/TRTInference/InferenceEngine.cpp(476)]: INPUT Tensor: height [1]. 1 elements of type FLOAT
INFO [/home/jihun/work/VoLoAgent/.worktrees/g1-harness-native/gear_sonic_deploy/src/TRTInference/InferenceEngine.cpp(476)]: OUTPUT Tensor: mujoco_qpos [1, 64, 36]. 2304 elements of type FLOAT
INFO [/home/jihun/work/VoLoAgent/.worktrees/g1-harness-native/gear_sonic_deploy/src/TRTInference/InferenceEngine.cpp(476)]: OUTPUT Tensor: num_pred_frames [1]. 1 elements of type INT32
✓ Successfully converted ONNX to TRT: /home/jihun/work/GR00T-WholeBodyControl/gear_sonic_deploy/planner/target_vel/V2/planner_planner_sonic.trt
Input tensors:
  allowed_pred_num_tokens 1 11 int64
  context_mujoco_qpos 1 4 36 float
  facing_direction 1 3 float
  has_specific_target 1 1 int64
  height 1 float
  mode 1 int64
  movement_direction 1 3 float
  random_seed 1 int64
  specific_target_headings 1 4 float
  specific_target_positions 1 4 3 float
  target_vel 1 float
Output tensors:
  mujoco_qpos 1 64 36 float
  num_pred_frames 1 int32
✓ TensorRT planner model loaded successfully!
Initializing encoder observations...
✓ Initialized 12 encoder observations (total dim: 1751)

=== Observation Configuration ===
Active policy observations (runtime order):
  1. token_state (64D) [offset: 0]
  2. his_base_angular_velocity_10frame_step1 (30D) [offset: 64]
  3. his_body_joint_positions_10frame_step1 (290D) [offset: 94]
  4. his_body_joint_velocities_10frame_step1 (290D) [offset: 384]
  5. his_last_actions_10frame_step1 (290D) [offset: 674]
  6. his_gravity_dir_10frame_step1 (30D) [offset: 964]

Policy Summary:
  Total dimension: 994
  Model dimension: 994
  ✓ Dimension match: Configuration is valid!

--- Encoder Observations ---
  1. encoder_mode_4 (4D) [offset: 0]
  2. motion_joint_positions_10frame_step5 (290D) [offset: 4]
  3. motion_joint_velocities_10frame_step5 (290D) [offset: 294]
  4. motion_anchor_orientation_heading_10frame_step5 (60D) [offset: 584]
  5. motion_anchor_orientation_heading (6D) [offset: 644]
  6. motion_joint_positions_lowerbody_10frame_step5 (120D) [offset: 650]
  7. motion_joint_velocities_lowerbody_10frame_step5 (120D) [offset: 770]
  8. vr_3point_local_target (9D) [offset: 890]
  9. vr_3point_local_orn_target (12D) [offset: 899]
  10. smpl_joints_10frame_step1 (720D) [offset: 911]
  11. smpl_anchor_orientation_heading_10frame_step1 (60D) [offset: 1631]
  12. motion_joint_positions_wrists_10frame_step1 (60D) [offset: 1691]

Encoder Summary:
  Total dimension: 1751
  Model dimension: 1751
  ✓ Dimension match: Encoder configuration is valid!
================================

[ZMQEndpointInterface] Connected to 127.0.0.1:11556 topic='pose'
[ZMQEndpointInterface] Press ENTER to toggle between loaded motions and ZMQ stream
[ZMQManager] Initialized (default: PLANNER mode)
  - Host: 127.0.0.1:11556
  - Command topic: 'command' (start/stop/mode)
    Format: { start: bool, stop: bool, planner: bool }
  - Planner topic: 'planner' (movement)
  - Pose topic: 'pose' (streamed motion)
  - VR_3PT safety filter: max position step 0.03 m, max orientation step 5 deg, stop after 10 rejects
Initialized ZMQ manager
  Host: 127.0.0.1:11556
  Pose topic: pose
  Command topic: command
  Planner topic: planner
  Conflate: disabled
  Initial encoder mode: 0
[INFO] Initial VR 3-point compliance: [0.5, 0.5, 0]
[INFO] Initial hand max close ratio: 1 (1.0 = full closure allowed, 0.2 = limited)
[INFO] Keyboard controls: g/h = left hand +/- 0.1, b/v = right hand +/- 0.1 (range: 0.01-0.5)
[INFO] Keyboard controls: x/c = hand max close ratio +/- 0.1 (range: 0.2-1.0)

┌─────────────────────────────────────────────────────────────────────────────┐
│  Compliance control: DISABLED                                               │
│  Policy does not observe 'vr_3point_compliance'.                            │
│  Keyboard controls (g/h/b/v) will be ignored for this policy.               │
│  To enable, use a compliance-aware policy that observes it natively.        │
└─────────────────────────────────────────────────────────────────────────────┘

Initializing realtime debug socket
Binding to port: 11557 and topic: g1_debug
[INFO] Realtime debug socket bound to port: 11557
[ZMQ Output DEBUG] ZMQOutputHandler initialized with topics: 'g1_debug' (combined state+viz), 'robot_config' (config)
Initialized ZMQ output interface
[ZMQ Output] Robot config cached (10 fields, 645 bytes)
Total output interfaces initialized: 1
[DEBUG] G1Deploy object created successfully!
[ZMQManager] Planner enabled
Initializing planner...
Setting planner_motion encode mode to 0
Replanning with mode: IDLE, target_height: -1, target_vel: -1, movement: [0, 0, 0], facing: [1, 0, 0]
Planner Init timing - Model: 4787us, Extract: 5us
Planner initialized
Planner initialized successfully!
[ZMQManager] Waiting for planner to be initialized
Planner() no data in planner_motion_, returning. If control loop is started, this should only happen once when planner is initialized. If control loop is not started, this should keep returning until control loop is started.
[ZMQManager] Waiting for planner to be initialized
Planner() no data in planner_motion_, returning. If control loop is started, this should only happen once when planner is initialized. If control loop is not started, this should keep returning until control loop is started.
[ZMQManager] Waiting for planner to be initialized
Planner() no data in planner_motion_, returning. If control loop is started, this should only happen once when planner is initialized. If control loop is not started, this should keep returning until control loop is started.
[ZMQManager] Waiting for planner to be initialized
Planner() no data in planner_motion_, returning. If control loop is started, this should only happen once when planner is initialized. If control loop is not started, this should keep returning until control loop is started.
[ZMQManager] Waiting for planner to be initialized
Planner() no data in planner_motion_, returning. If control loop is started, this should only happen once when planner is initialized. If control loop is not started, this should keep returning until control loop is started.
[ZMQManager] Waiting for planner to be initialized
Planner() no data in planner_motion_, returning. If control loop is started, this should only happen once when planner is initialized. If control loop is not started, this should keep returning until control loop is started.
[ZMQManager] Waiting for planner to be initialized
Planner() no data in planner_motion_, returning. If control loop is started, this should only happen once when planner is initialized. If control loop is not started, this should keep returning until control loop is started.
[ZMQManager] Waiting for planner to be initialized
Planner() no data in planner_motion_, returning. If control loop is started, this should only happen once when planner is initialized. If control loop is not started, this should keep returning until control loop is started.
[ZMQManager] Waiting for planner to be initialized
Planner() no data in planner_motion_, returning. If control loop is started, this should only happen once when planner is initialized. If control loop is not started, this should keep returning until control loop is started.
[ZMQManager] Waiting for planner to be initialized
Planner() no data in planner_motion_, returning. If control loop is started, this should only happen once when planner is initialized. If control loop is not started, this should keep returning until control loop is started.
[ZMQManager] Waiting for planner to be initialized
Planner() no data in planner_motion_, returning. If control loop is started, this should only happen once when planner is initialized. If control loop is not started, this should keep returning until control loop is started.
[ZMQManager] Waiting for planner to be initialized
Planner() no data in planner_motion_, returning. If control loop is started, this should only happen once when planner is initialized. If control loop is not started, this should keep returning until control loop is started.
[ZMQManager] Waiting for planner to be initialized
Planner() no data in planner_motion_, returning. If control loop is started, this should only happen once when planner is initialized. If control loop is not started, this should keep returning until control loop is started.
[ZMQManager] Waiting for planner to be initialized
Planner() no data in planner_motion_, returning. If control loop is started, this should only happen once when planner is initialized. If control loop is not started, this should keep returning until control loop is started.
[ZMQManager] Waiting for planner to be initialized
Planner() no data in planner_motion_, returning. If control loop is started, this should only happen once when planner is initialized. If control loop is not started, this should keep returning until control loop is started.
[ZMQManager] Waiting for planner to be initialized
Planner() no data in planner_motion_, returning. If control loop is started, this should only happen once when planner is initialized. If control loop is not started, this should keep returning until control loop is started.
[ZMQManager] Waiting for planner to be initialized
Planner() no data in planner_motion_, returning. If control loop is started, this should only happen once when planner is initialized. If control loop is not started, this should keep returning until control loop is started.
[ZMQManager] Waiting for planner to be initialized
Planner() no data in planner_motion_, returning. If control loop is started, this should only happen once when planner is initialized. If control loop is not started, this should keep returning until control loop is started.
[ZMQManager] Waiting for planner to be initialized
Planner() no data in planner_motion_, returning. If control loop is started, this should only happen once when planner is initialized. If control loop is not started, this should keep returning until control loop is started.
[ZMQManager] Waiting for planner to be initialized
Planner() no data in planner_motion_, returning. If control loop is started, this should only happen once when planner is initialized. If control loop is not started, this should keep returning until control loop is started.
[ZMQManager] Waiting for planner to be initialized
Planner() no data in planner_motion_, returning. If control loop is started, this should only happen once when planner is initialized. If control loop is not started, this should keep returning until control loop is started.
[ZMQManager] Waiting for planner to be initialized
Planner() no data in planner_motion_, returning. If control loop is started, this should only happen once when planner is initialized. If control loop is not started, this should keep returning until control loop is started.
[ZMQManager] Waiting for planner to be initialized
Planner() no data in planner_motion_, returning. If control loop is started, this should only happen once when planner is initialized. If control loop is not started, this should keep returning until control loop is started.
[ZMQManager] Waiting for planner to be initialized
Planner() no data in planner_motion_, returning. If control loop is started, this should only happen once when planner is initialized. If control loop is not started, this should keep returning until control loop is started.
[ZMQManager] Waiting for planner to be initialized
Planner() no data in planner_motion_, returning. If control loop is started, this should only happen once when planner is initialized. If control loop is not started, this should keep returning until control loop is started.
[ZMQManager] Waiting for planner to be initialized
Planner() no data in planner_motion_, returning. If control loop is started, this should only happen once when planner is initialized. If control loop is not started, this should keep returning until control loop is started.
[ZMQManager] Waiting for planner to be initialized
Planner() no data in planner_motion_, returning. If control loop is started, this should only happen once when planner is initialized. If control loop is not started, this should keep returning until control loop is started.
[ZMQManager] Waiting for planner to be initialized
Planner() no data in planner_motion_, returning. If control loop is started, this should only happen once when planner is initialized. If control loop is not started, this should keep returning until control loop is started.
Init Done
[ZMQManager] Waiting for planner to be initialized
Planner() no data in planner_motion_, returning. If control loop is started, this should only happen once when planner is initialized. If control loop is not started, this should keep returning until control loop is started.
[Control] DEBUG: operator_state.start=true, transitioning to CONTROL state
Reset heading state to 0.999912, -0.00602147, 0.0117982, 8.04572e-05
Reset delta heading to 0
Reset init reference data root rotation to current frame: 0.710374, -0.013102, 0.01908, 0.703444
**********************************************************
Reference motion name: neutral_kick_R_001__A543_M
**********************************************************
[Mode Filter] Switched to mode 'g1' (ID=0) with 4 required observations
Reset heading state to 0.999899, -0.00254992, 0.0139888, 0.000451694
Reset delta heading to 0
Reset init reference data root rotation to current frame: 0.999977, 0.000520427, 0.00674754, -3.51281e-06
**********************************************************
Reference motion name: planner_motion
**********************************************************
[ZMQManager] Waiting for planner to be initialized
[ZMQManager] motion name is planner_motion
Replanning with mode: IDLE, target_height: -1, target_vel: -1, movement: [0, 0, 0], facing: [1, -0.000813464, 0]
Loop timing - LowState age: 1.848ms, Streaming data mean delay: 0ms, Streaming data std delay: 0ms, IMU age: 1.843ms, Obs: 357us, Policy: 497us, Obs 2 Motor Command: 854us, Post processing: 21us, Planner - Gather Input: 24us, Model: 4958us, Convert50Hz: 4us, Total: 4987us | HandCloseRatio: 1
Loop timing - LowState age: 1.309ms, Streaming data mean delay: 0ms, Streaming data std delay: 0ms, IMU age: 1.288ms, Obs: 364us, Policy: 499us, Obs 2 Motor Command: 864us, Post processing: 19us, Planner - Gather Input: 24us, Model: 4958us, Convert50Hz: 4us, Total: 4987us | HandCloseRatio: 1
Loop timing - LowState age: 4.815ms, Streaming data mean delay: 0ms, Streaming data std delay: 0ms, IMU age: 4.806ms, Obs: 355us, Policy: 497us, Obs 2 Motor Command: 853us, Post processing: 20us, Planner - Gather Input: 24us, Model: 4958us, Convert50Hz: 4us, Total: 4987us | HandCloseRatio: 1
Loop timing - LowState age: 3.527ms, Streaming data mean delay: 0ms, Streaming data std delay: 0ms, IMU age: 3.522ms, Obs: 417us, Policy: 501us, Obs 2 Motor Command: 919us, Post processing: 20us, Planner - Gather Input: 24us, Model: 4958us, Convert50Hz: 4us, Total: 4987us | HandCloseRatio: 1
Loop timing - LowState age: 1.872ms, Streaming data mean delay: 0ms, Streaming data std delay: 0ms, IMU age: 1.872ms, Obs: 360us, Policy: 501us, Obs 2 Motor Command: 861us, Post processing: 17us, Planner - Gather Input: 24us, Model: 4958us, Convert50Hz: 4us, Total: 4987us | HandCloseRatio: 1
Loop timing - LowState age: 1.606ms, Streaming data mean delay: 0ms, Streaming data std delay: 0ms, IMU age: 1.603ms, Obs: 362us, Policy: 504us, Obs 2 Motor Command: 867us, Post processing: 21us, Planner - Gather Input: 24us, Model: 4958us, Convert50Hz: 4us, Total: 4987us | HandCloseRatio: 1
Replanning with mode: IDLE, target_height: -1, target_vel: -1, movement: [0, 0, 0], facing: [0.999906, 0.0137019, 0]
Loop timing - LowState age: 5.597ms, Streaming data mean delay: 0ms, Streaming data std delay: 0ms, IMU age: 5.578ms, Obs: 361us, Policy: 502us, Obs 2 Motor Command: 863us, Post processing: 20us, Planner - Gather Input: 28us, Model: 4942us, Convert50Hz: 5us, Total: 4976us | HandCloseRatio: 1
Replanning with mode: SLOW_WALK, target_height: -1, target_vel: 0.2, movement: [-0.998465, -0.0553941, 0], facing: [0.998465, 0.0553941, 0]
Replanning with mode: SLOW_WALK, target_height: -1, target_vel: 0.2, movement: [-0.998465, -0.0553941, 0], facing: [0.998465, 0.0553941, 0]
Loop timing - LowState age: 7.857ms, Streaming data mean delay: 0ms, Streaming data std delay: 0ms, IMU age: 7.855ms, Obs: 370us, Policy: 5073us, Obs 2 Motor Command: 5443us, Post processing: 29us, Planner - Gather Input: 36us, Model: 4940us, Convert50Hz: 4us, Total: 4981us | HandCloseRatio: 1
Replanning with mode: IDLE, target_height: -1, target_vel: -1, movement: [0, 0, 0], facing: [0.999998, -0.00207901, 0]
Replanning with mode: IDLE, target_height: -1, target_vel: -1, movement: [0, 0, 0], facing: [0.9998, -0.0199995, 0]
Replanning with mode: IDLE, target_height: -1, target_vel: -1, movement: [0, 0, 0], facing: [0.999282, -0.0378872, 0]
Replanning with mode: IDLE, target_height: -1, target_vel: -1, movement: [0, 0, 0], facing: [0.998442, -0.0557941, 0]
Replanning with mode: IDLE, target_height: -1, target_vel: -1, movement: [0, 0, 0], facing: [0.997283, -0.0736628, 0]
Replanning with mode: IDLE, target_height: -1, target_vel: -1, movement: [0, 0, 0], facing: [0.996126, -0.0879332, 0]
Replanning with mode: IDLE, target_height: -1, target_vel: -1, movement: [0, 0, 0], facing: [0.994455, -0.105159, 0]
Replanning with mode: IDLE, target_height: -1, target_vel: -1, movement: [0, 0, 0], facing: [0.994267, -0.106927, 0]
Replanning with mode: IDLE, target_height: -1, target_vel: -1, movement: [0, 0, 0], facing: [0.99412, -0.108286, 0]
Loop timing - LowState age: 6.576ms, Streaming data mean delay: 0ms, Streaming data std delay: 0ms, IMU age: 6.532ms, Obs: 351us, Policy: 5107us, Obs 2 Motor Command: 5458us, Post processing: 25us, Planner - Gather Input: 25us, Model: 4948us, Convert50Hz: 6us, Total: 4981us | HandCloseRatio: 1
Replanning with mode: IDLE, target_height: -1, target_vel: -1, movement: [0, 0, 0], facing: [0.993984, -0.109521, 0]
Replanning with mode: IDLE, target_height: -1, target_vel: -1, movement: [0, 0, 0], facing: [0.99382, -0.111004, 0]
Replanning with mode: IDLE, target_height: -1, target_vel: -1, movement: [0, 0, 0], facing: [0.993817, -0.111028, 0]
Replanning with mode: IDLE, target_height: -1, target_vel: -1, movement: [0, 0, 0], facing: [0.99388, -0.110462, 0]
Replanning with mode: IDLE, target_height: -1, target_vel: -1, movement: [0, 0, 0], facing: [0.993962, -0.10972, 0]
Replanning with mode: IDLE, target_height: -1, target_vel: -1, movement: [0, 0, 0], facing: [0.993784, -0.111323, 0]
Replanning with mode: IDLE, target_height: -1, target_vel: -1, movement: [0, 0, 0], facing: [0.993623, -0.112757, 0]
Replanning with mode: IDLE, target_height: -1, target_vel: -1, movement: [0, 0, 0], facing: [0.9934, -0.114702, 0]
Replanning with mode: IDLE, target_height: -1, target_vel: -1, movement: [0, 0, 0], facing: [0.993155, -0.116807, 0]
Replanning with mode: IDLE, target_height: -1, target_vel: -1, movement: [0, 0, 0], facing: [0.992869, -0.119214, 0]
Loop timing - LowState age: 5.959ms, Streaming data mean delay: 0ms, Streaming data std delay: 0ms, IMU age: 5.943ms, Obs: 376us, Policy: 5086us, Obs 2 Motor Command: 5463us, Post processing: 36us, Planner - Gather Input: 30us, Model: 4943us, Convert50Hz: 7us, Total: 4981us | HandCloseRatio: 1
Replanning with mode: IDLE, target_height: -1, target_vel: -1, movement: [0, 0, 0], facing: [0.992773, -0.120006, 0]
Replanning with mode: IDLE, target_height: -1, target_vel: -1, movement: [0, 0, 0], facing: [0.992544, -0.121887, 0]
Replanning with mode: IDLE, target_height: -1, target_vel: -1, movement: [0, 0, 0], facing: [0.99212, -0.125295, 0]
Replanning with mode: IDLE, target_height: -1, target_vel: -1, movement: [0, 0, 0], facing: [0.991576, -0.129526, 0]
Replanning with mode: IDLE, target_height: -1, target_vel: -1, movement: [0, 0, 0], facing: [0.990764, -0.135596, 0]
Replanning with mode: IDLE, target_height: -1, target_vel: -1, movement: [0, 0, 0], facing: [0.990189, -0.139738, 0]
Replanning with mode: IDLE, target_height: -1, target_vel: -1, movement: [0, 0, 0], facing: [0.989885, -0.141869, 0]
Replanning with mode: IDLE, target_height: -1, target_vel: -1, movement: [0, 0, 0], facing: [0.989713, -0.143068, 0]
Replanning with mode: IDLE, target_height: -1, target_vel: -1, movement: [0, 0, 0], facing: [0.98933, -0.14569, 0]
Replanning with mode: IDLE, target_height: -1, target_vel: -1, movement: [0, 0, 0], facing: [0.988912, -0.148503, 0]
Loop timing - LowState age: 10.538ms, Streaming data mean delay: 0ms, Streaming data std delay: 0ms, IMU age: 10.525ms, Obs: 359us, Policy: 5118us, Obs 2 Motor Command: 5478us, Post processing: 21us, Planner - Gather Input: 32us, Model: 4947us, Convert50Hz: 4us, Total: 4985us | HandCloseRatio: 1
Replanning with mode: IDLE, target_height: -1, target_vel: -1, movement: [0, 0, 0], facing: [0.988579, -0.150701, 0]
Replanning with mode: IDLE, target_height: -1, target_vel: -1, movement: [0, 0, 0], facing: [0.988221, -0.153036, 0]
Replanning with mode: IDLE, target_height: -1, target_vel: -1, movement: [0, 0, 0], facing: [0.987845, -0.15544, 0]
Replanning with mode: IDLE, target_height: -1, target_vel: -1, movement: [0, 0, 0], facing: [0.987456, -0.157895, 0]
Replanning with mode: IDLE, target_height: -1, target_vel: -1, movement: [0, 0, 0], facing: [0.98709, -0.160164, 0]
Replanning with mode: IDLE, target_height: -1, target_vel: -1, movement: [0, 0, 0], facing: [0.986771, -0.162118, 0]
Replanning with mode: IDLE, target_height: -1, target_vel: -1, movement: [0, 0, 0], facing: [0.986442, -0.164112, 0]
Replanning with mode: IDLE, target_height: -1, target_vel: -1, movement: [0, 0, 0], facing: [0.986056, -0.166412, 0]
Replanning with mode: IDLE, target_height: -1, target_vel: -1, movement: [0, 0, 0], facing: [0.985526, -0.169524, 0]
Replanning with mode: IDLE, target_height: -1, target_vel: -1, movement: [0, 0, 0], facing: [0.98507, -0.172156, 0]
Loop timing - LowState age: 8.474ms, Streaming data mean delay: 0ms, Streaming data std delay: 0ms, IMU age: 8.463ms, Obs: 372us, Policy: 5082us, Obs 2 Motor Command: 5454us, Post processing: 23us, Planner - Gather Input: 25us, Model: 4946us, Convert50Hz: 4us, Total: 4976us | HandCloseRatio: 1
Replanning with mode: IDLE, target_height: -1, target_vel: -1, movement: [0, 0, 0], facing: [0.984629, -0.174659, 0]
Replanning with mode: IDLE, target_height: -1, target_vel: -1, movement: [0, 0, 0], facing: [0.984103, -0.1776, 0]
Replanning with mode: IDLE, target_height: -1, target_vel: -1, movement: [0, 0, 0], facing: [0.983686, -0.179895, 0]
Replanning with mode: IDLE, target_height: -1, target_vel: -1, movement: [0, 0, 0], facing: [0.983185, -0.182614, 0]
Replanning with mode: IDLE, target_height: -1, target_vel: -1, movement: [0, 0, 0], facing: [0.982679, -0.185315, 0]
Replanning with mode: IDLE, target_height: -1, target_vel: -1, movement: [0, 0, 0], facing: [0.982597, -0.185752, 0]
Replanning with mode: IDLE, target_height: -1, target_vel: -1, movement: [0, 0, 0], facing: [0.982603, -0.185717, 0]
Replanning with mode: IDLE, target_height: -1, target_vel: -1, movement: [0, 0, 0], facing: [0.982685, -0.185282, 0]
Replanning with mode: IDLE, target_height: -1, target_vel: -1, movement: [0, 0, 0], facing: [0.982568, -0.185904, 0]
Replanning with mode: IDLE, target_height: -1, target_vel: -1, movement: [0, 0, 0], facing: [0.982447, -0.186544, 0]
Loop timing - LowState age: 7.981ms, Streaming data mean delay: 0ms, Streaming data std delay: 0ms, IMU age: 8.013ms, Obs: 369us, Policy: 5078us, Obs 2 Motor Command: 5447us, Post processing: 25us, Planner - Gather Input: 27us, Model: 4938us, Convert50Hz: 4us, Total: 4970us | HandCloseRatio: 1
Replanning with mode: IDLE, target_height: -1, target_vel: -1, movement: [0, 0, 0], facing: [0.982178, -0.187952, 0]
Replanning with mode: IDLE, target_height: -1, target_vel: -1, movement: [0, 0, 0], facing: [0.981833, -0.189748, 0]
Replanning with mode: IDLE, target_height: -1, target_vel: -1, movement: [0, 0, 0], facing: [0.981516, -0.191378, 0]
Replanning with mode: IDLE, target_height: -1, target_vel: -1, movement: [0, 0, 0], facing: [0.981238, -0.192799, 0]
Replanning with mode: IDLE, target_height: -1, target_vel: -1, movement: [0, 0, 0], facing: [0.980934, -0.194339, 0]
Replanning with mode: IDLE, target_height: -1, target_vel: -1, movement: [0, 0, 0], facing: [0.9807, -0.195519, 0]
Replanning with mode: IDLE, target_height: -1, target_vel: -1, movement: [0, 0, 0], facing: [0.980344, -0.197295, 0]
Replanning with mode: IDLE, target_height: -1, target_vel: -1, movement: [0, 0, 0], facing: [0.980002, -0.198986, 0]
Replanning with mode: IDLE, target_height: -1, target_vel: -1, movement: [0, 0, 0], facing: [0.979904, -0.199467, 0]
Replanning with mode: IDLE, target_height: -1, target_vel: -1, movement: [0, 0, 0], facing: [0.979335, -0.202243, 0]
Loop timing - LowState age: 6.535ms, Streaming data mean delay: 0ms, Streaming data std delay: 0ms, IMU age: 6.475ms, Obs: 348us, Policy: 5105us, Obs 2 Motor Command: 5453us, Post processing: 25us, Planner - Gather Input: 20us, Model: 4916us, Convert50Hz: 4us, Total: 4941us | HandCloseRatio: 1
Replanning with mode: IDLE, target_height: -1, target_vel: -1, movement: [0, 0, 0], facing: [0.978925, -0.204222, 0]
Replanning with mode: IDLE, target_height: -1, target_vel: -1, movement: [0, 0, 0], facing: [0.978683, -0.205377, 0]
Replanning with mode: IDLE, target_height: -1, target_vel: -1, movement: [0, 0, 0], facing: [0.978318, -0.207108, 0]
Replanning with mode: IDLE, target_height: -1, target_vel: -1, movement: [0, 0, 0], facing: [0.977748, -0.209782, 0]
Replanning with mode: IDLE, target_height: -1, target_vel: -1, movement: [0, 0, 0], facing: [0.977442, -0.211204, 0]
Replanning with mode: IDLE, target_height: -1, target_vel: -1, movement: [0, 0, 0], facing: [0.977233, -0.212171, 0]
Replanning with mode: IDLE, target_height: -1, target_vel: -1, movement: [0, 0, 0], facing: [0.976685, -0.214676, 0]
Replanning with mode: IDLE, target_height: -1, target_vel: -1, movement: [0, 0, 0], facing: [0.976175, -0.216985, 0]
Replanning with mode: IDLE, target_height: -1, target_vel: -1, movement: [0, 0, 0], facing: [0.975909, -0.218176, 0]
Replanning with mode: IDLE, target_height: -1, target_vel: -1, movement: [0, 0, 0], facing: [0.9755, -0.22, 0]
Loop timing - LowState age: 10.297ms, Streaming data mean delay: 0ms, Streaming data std delay: 0ms, IMU age: 10.285ms, Obs: 378us, Policy: 5066us, Obs 2 Motor Command: 5444us, Post processing: 23us, Planner - Gather Input: 30us, Model: 4928us, Convert50Hz: 7us, Total: 4967us | HandCloseRatio: 1
Replanning with mode: IDLE, target_height: -1, target_vel: -1, movement: [0, 0, 0], facing: [0.975133, -0.221623, 0]
Replanning with mode: IDLE, target_height: -1, target_vel: -1, movement: [0, 0, 0], facing: [0.974616, -0.223884, 0]
Replanning with mode: IDLE, target_height: -1, target_vel: -1, movement: [0, 0, 0], facing: [0.974264, -0.22541, 0]
Replanning with mode: IDLE, target_height: -1, target_vel: -1, movement: [0, 0, 0], facing: [0.973941, -0.2268, 0]
Replanning with mode: IDLE, target_height: -1, target_vel: -1, movement: [0, 0, 0], facing: [0.97342, -0.229026, 0]
Replanning with mode: IDLE, target_height: -1, target_vel: -1, movement: [0, 0, 0], facing: [0.972956, -0.230989, 0]
Replanning with mode: IDLE, target_height: -1, target_vel: -1, movement: [0, 0, 0], facing: [0.972613, -0.23243, 0]
Replanning with mode: IDLE, target_height: -1, target_vel: -1, movement: [0, 0, 0], facing: [0.972262, -0.233895, 0]
Replanning with mode: IDLE, target_height: -1, target_vel: -1, movement: [0, 0, 0], facing: [0.971773, -0.235919, 0]
Replanning with mode: IDLE, target_height: -1, target_vel: -1, movement: [0, 0, 0], facing: [0.971244, -0.238085, 0]
Loop timing - LowState age: 9.447ms, Streaming data mean delay: 0ms, Streaming data std delay: 0ms, IMU age: 9.436ms, Obs: 348us, Policy: 5092us, Obs 2 Motor Command: 5441us, Post processing: 25us, Planner - Gather Input: 25us, Model: 4931us, Convert50Hz: 5us, Total: 4962us | HandCloseRatio: 1
Replanning with mode: IDLE, target_height: -1, target_vel: -1, movement: [0, 0, 0], facing: [0.97079, -0.23993, 0]
Replanning with mode: IDLE, target_height: -1, target_vel: -1, movement: [0, 0, 0], facing: [0.970355, -0.241683, 0]
Replanning with mode: IDLE, target_height: -1, target_vel: -1, movement: [0, 0, 0], facing: [0.969912, -0.243457, 0]
Replanning with mode: IDLE, target_height: -1, target_vel: -1, movement: [0, 0, 0], facing: [0.969411, -0.245444, 0]
Replanning with mode: IDLE, target_height: -1, target_vel: -1, movement: [0, 0, 0], facing: [0.968957, -0.247231, 0]
Replanning with mode: IDLE, target_height: -1, target_vel: -1, movement: [0, 0, 0], facing: [0.968555, -0.2488, 0]
Replanning with mode: IDLE, target_height: -1, target_vel: -1, movement: [0, 0, 0], facing: [0.9681, -0.250564, 0]
Replanning with mode: IDLE, target_height: -1, target_vel: -1, movement: [0, 0, 0], facing: [0.967647, -0.25231, 0]
Replanning with mode: IDLE, target_height: -1, target_vel: -1, movement: [0, 0, 0], facing: [0.967131, -0.254278, 0]
Replanning with mode: IDLE, target_height: -1, target_vel: -1, movement: [0, 0, 0], facing: [0.966664, -0.256048, 0]
Loop timing - LowState age: 8.161ms, Streaming data mean delay: 0ms, Streaming data std delay: 0ms, IMU age: 8.153ms, Obs: 369us, Policy: 5086us, Obs 2 Motor Command: 5455us, Post processing: 24us, Planner - Gather Input: 20us, Model: 4913us, Convert50Hz: 4us, Total: 4938us | HandCloseRatio: 1
Replanning with mode: IDLE, target_height: -1, target_vel: -1, movement: [0, 0, 0], facing: [0.966347, -0.257242, 0]
Replanning with mode: IDLE, target_height: -1, target_vel: -1, movement: [0, 0, 0], facing: [0.965817, -0.259226, 0]
Replanning with mode: IDLE, target_height: -1, target_vel: -1, movement: [0, 0, 0], facing: [0.965359, -0.260925, 0]
Replanning with mode: IDLE, target_height: -1, target_vel: -1, movement: [0, 0, 0], facing: [0.964964, -0.262381, 0]
Replanning with mode: IDLE, target_height: -1, target_vel: -1, movement: [0, 0, 0], facing: [0.96457, -0.263827, 0]
Replanning with mode: IDLE, target_height: -1, target_vel: -1, movement: [0, 0, 0], facing: [0.964128, -0.265439, 0]
Replanning with mode: IDLE, target_height: -1, target_vel: -1, movement: [0, 0, 0], facing: [0.963597, -0.267359, 0]
Replanning with mode: IDLE, target_height: -1, target_vel: -1, movement: [0, 0, 0], facing: [0.963243, -0.268632, 0]
Replanning with mode: IDLE, target_height: -1, target_vel: -1, movement: [0, 0, 0], facing: [0.96292, -0.269786, 0]
Replanning with mode: IDLE, target_height: -1, target_vel: -1, movement: [0, 0, 0], facing: [0.962363, -0.271767, 0]
Loop timing - LowState age: 7.247ms, Streaming data mean delay: 0ms, Streaming data std delay: 0ms, IMU age: 7.245ms, Obs: 4982us, Policy: 498us, Obs 2 Motor Command: 5481us, Post processing: 21us, Planner - Gather Input: 18us, Model: 4801us, Convert50Hz: 6us, Total: 4826us | HandCloseRatio: 1
Replanning with mode: IDLE, target_height: -1, target_vel: -1, movement: [0, 0, 0], facing: [0.961844, -0.2736, 0]
